Archive member included to satisfy reference by file (symbol)

/opt/devkitpro/libctru/lib/libctru.a(console.o)
                              build/main.o (consoleInit)
/opt/devkitpro/libctru/lib/libctru.a(gfx.o)
                              /opt/devkitpro/libctru/lib/libctru.a(console.o) (gfxIsWide)
/opt/devkitpro/libctru/lib/libctru.a(os.o)
                              build/main.o (osGetTime)
/opt/devkitpro/libctru/lib/libctru.a(apt.o)
                              build/main.o (APT_HardwareResetAsync)
/opt/devkitpro/libctru/lib/libctru.a(gspgpu.o)
                              /opt/devkitpro/libctru/lib/libctru.a(gfx.o) (gspInit)
/opt/devkitpro/libctru/lib/libctru.a(hid.o)
                              build/main.o (hidScanInput)
/opt/devkitpro/libctru/lib/libctru.a(irrst.o)
                              /opt/devkitpro/libctru/lib/libctru.a(hid.o) (irrstInit)
/opt/devkitpro/libctru/lib/libctru.a(ptmsysm.o)
                              /opt/devkitpro/libctru/lib/libctru.a(os.o) (ptmSysmInit)
/opt/devkitpro/libctru/lib/libctru.a(soc_connect.o)
                              build/main.o (connect)
/opt/devkitpro/libctru/lib/libctru.a(soc_getaddrinfo.o)
                              build/main.o (freeaddrinfo)
/opt/devkitpro/libctru/lib/libctru.a(soc_init.o)
                              build/main.o (socInit)
/opt/devkitpro/libctru/lib/libctru.a(soc_recv.o)
                              build/main.o (recv)
/opt/devkitpro/libctru/lib/libctru.a(soc_recvfrom.o)
                              /opt/devkitpro/libctru/lib/libctru.a(soc_init.o) (soc_recvfrom)
/opt/devkitpro/libctru/lib/libctru.a(soc_send.o)
                              build/main.o (send)
/opt/devkitpro/libctru/lib/libctru.a(soc_sendto.o)
                              /opt/devkitpro/libctru/lib/libctru.a(soc_init.o) (soc_sendto)
/opt/devkitpro/libctru/lib/libctru.a(soc_socket.o)
                              build/main.o (socket)
/opt/devkitpro/libctru/lib/libctru.a(ctru_init.o)
                              /opt/devkitpro/libctru/lib/libctru.a(apt.o) (__system_retAddr)
/opt/devkitpro/libctru/lib/libctru.a(initArgv.o)
                              /opt/devkitpro/libctru/lib/libctru.a(ctru_init.o) (__system_initArgv)
/opt/devkitpro/libctru/lib/libctru.a(syscalls.o)
                              /opt/devkitpro/libctru/lib/libctru.a(ctru_init.o) (__system_initSyscalls)
/opt/devkitpro/libctru/lib/libctru.a(svc.o)
                              /opt/devkitpro/libctru/lib/libctru.a(apt.o) (svcSleepThread)
/opt/devkitpro/libctru/lib/libctru.a(stack_adjust.o)
                              /opt/devkitpro/devkitARM/lib/gcc/arm-none-eabi/15.2.0/../../../../arm-none-eabi/lib/armv6k/fpu/3dsx_crt0.o (initSystem)
/opt/devkitpro/libctru/lib/libctru.a(default_font.bin.o)
                              /opt/devkitpro/libctru/lib/libctru.a(console.o) (default_font_bin)
/opt/devkitpro/libctru/lib/libctru.a(linear.o)
                              /opt/devkitpro/libctru/lib/libctru.a(gfx.o) (linearAlloc)
/opt/devkitpro/libctru/lib/libctru.a(mem_pool.o)
                              /opt/devkitpro/libctru/lib/libctru.a(linear.o) (_ZN7MemPool8AllocateER8MemChunkmi)
/opt/devkitpro/libctru/lib/libctru.a(vram.o)
                              /opt/devkitpro/libctru/lib/libctru.a(gfx.o) (vramAlloc)
/opt/devkitpro/libctru/lib/libctru.a(3dslink.o)
                              /opt/devkitpro/libctru/lib/libctru.a(initArgv.o) (__3dslink_host)
/opt/devkitpro/libctru/lib/libctru.a(env.o)
                              /opt/devkitpro/libctru/lib/libctru.a(irrst.o) (envGetHandle)
/opt/devkitpro/libctru/lib/libctru.a(srv.o)
                              /opt/devkitpro/libctru/lib/libctru.a(apt.o) (srvInit)
/opt/devkitpro/libctru/lib/libctru.a(synchronization.o)
                              /opt/devkitpro/libctru/lib/libctru.a(ctru_init.o) (__sync_init)
/opt/devkitpro/libctru/lib/libctru.a(thread.o)
                              /opt/devkitpro/libctru/lib/libctru.a(apt.o) (threadCreate)
/opt/devkitpro/libctru/lib/libctru.a(mappable.o)
                              /opt/devkitpro/libctru/lib/libctru.a(apt.o) (mappableAlloc)
/opt/devkitpro/libctru/lib/libctru.a(srvpm.o)
                              /opt/devkitpro/libctru/lib/libctru.a(srv.o) (srvPmGetSessionHandle)
/opt/devkitpro/libctru/lib/libctru.a(soc_common.o)
                              /opt/devkitpro/libctru/lib/libctru.a(soc_connect.o) (_net_convert_error)
/opt/devkitpro/libctru/lib/libctru.a(rbtree_find.o)
                              /opt/devkitpro/libctru/lib/libctru.a(linear.o) (rbtree_find)
/opt/devkitpro/libctru/lib/libctru.a(rbtree_init.o)
                              /opt/devkitpro/libctru/lib/libctru.a(linear.o) (rbtree_init)
/opt/devkitpro/libctru/lib/libctru.a(rbtree_insert.o)
                              /opt/devkitpro/libctru/lib/libctru.a(linear.o) (rbtree_insert)
/opt/devkitpro/libctru/lib/libctru.a(rbtree_remove.o)
                              /opt/devkitpro/libctru/lib/libctru.a(linear.o) (rbtree_remove)
[...]
Memory Configuration

Name             Origin             Length             Attributes
*default*        0x00000000         0xffffffff

Linker script and memory map

                0x00000000                        __sync_synchronize = __sync_synchronize_dmb
                0x00100000                        PROVIDE (__start__ = 0x100000)
                0x00100000                        . = __start__

.text           0x00100000    0x3408c
 *(.crt0)
 .crt0          0x00100000       0x94 /opt/devkitpro/devkitARM/lib/gcc/arm-none-eabi/15.2.0/../../../../arm-none-eabi/lib/armv6k/fpu/3dsx_crt0.o
                0x00100000                _start
                0x00100008                __service_ptr
                0x0010000c                __apt_appid
                0x00100010                __heap_size
                0x00100014                __linear_heap_size
                0x00100018                __system_arglist
                0x0010001c                __system_runflags
 *(.init)
 .init          0x00100094        0xc /opt/devkitpro/devkitARM/lib/gcc/arm-none-eabi/15.2.0/armv6k/fpu/crti.o
                0x00100094                _init
 .init          0x001000a0        0xc /opt/devkitpro/devkitARM/lib/gcc/arm-none-eabi/15.2.0/armv6k/fpu/crtn.o
                0x001000ac                        . = ALIGN (0x4)
 *(.text)
 .text          0x001000ac      0x240 /opt/devkitpro/devkitARM/lib/gcc/arm-none-eabi/15.2.0/armv6k/fpu/libgcc.a(_divsi3.o)
                0x001000ac                __aeabi_idiv
                0x001000ac                __divsi3
                0x001002cc                __aeabi_idivmod
 .text          0x001002ec        0x4 /opt/devkitpro/devkitARM/lib/gcc/arm-none-eabi/15.2.0/armv6k/fpu/libgcc.a(_dvmd_tls.o)
                0x001002ec                __aeabi_ldiv0
                0x001002ec                __aeabi_idiv0
 .text          0x001002f0       0xd4 /opt/devkitpro/devkitARM/lib/gcc/arm-none-eabi/15.2.0/armv6k/fpu/libgcc.a(_aeabi_ldivmod.o)
                0x001002f0                __aeabi_ldivmod
 .text          0x001003c4       0x3c /opt/devkitpro/devkitARM/lib/gcc/arm-none-eabi/15.2.0/armv6k/fpu/libgcc.a(_aeabi_uldivmod.o)
                0x001003c4                __aeabi_uldivmod
 .text          0x00100400      0x390 /opt/devkitpro/devkitARM/lib/gcc/arm-none-eabi/15.2.0/../../../../arm-none-eabi/lib/armv6k/fpu/libc.a(libc_a-strcmp.o)
                0x00100408                strcmp
 .text          0x00100790      0x20c /opt/devkitpro/devkitARM/lib/gcc/arm-none-eabi/15.2.0/armv6k/fpu/libgcc.a(_udivsi3.o)
                0x00100790                __udivsi3
                0x00100790                __aeabi_uidiv
                0x0010097c                __aeabi_uidivmod
 .text          0x0010099c      0x3c0 /opt/devkitpro/devkitARM/lib/gcc/arm-none-eabi/15.2.0/armv6k/fpu/libgcc.a(_arm_addsubdf3.o)
                0x0010099c                __aeabi_drsub
                0x001009a4                __subdf3
                0x001009a4                __aeabi_dsub
                0x001009a8                __aeabi_dadd
                0x001009a8                __adddf3
                0x00100c54                __aeabi_ui2d
                0x00100c54                __floatunsidf
                0x00100c78                __floatsidf
                0x00100c78                __aeabi_i2d
                0x00100ca0                __extendsfdf2
                0x00100ca0                __aeabi_f2d
                0x00100ce8                __aeabi_ul2d
                0x00100ce8                __floatundidf
                0x00100cfc                __aeabi_l2d
                0x00100cfc                __floatdidf
 *(.text.*)
 .text.__do_global_dtors_aux
                0x00100d5c       0x50 /opt/devkitpro/devkitARM/lib/gcc/arm-none-eabi/15.2.0/armv6k/fpu/crtbegin.o
 .text.frame_dummy
                0x00100dac       0x2c /opt/devkitpro/devkitARM/lib/gcc/arm-none-eabi/15.2.0/armv6k/fpu/crtbegin.o
 .text.url_encode_simple
                0x00100dd8       0xc0 build/main.o
 .text.cmp_name_rows
                0x00100e98        0x4 build/main.o
 .text.trim_end_spaces
                0x00100e9c       0x5c build/main.o
 .text.trim_line
                0x00100ef8       0x9c build/main.o
 .text.json_extract_string
                0x00100f94       0xa8 build/main.o
 .text.baseline_save_to_path
                0x0010103c       0xc4 build/main.o
 .text.json_bool_after_colon
                0x00101100       0xe8 build/main.o
 .text.json_body_has_matching_sha256
                0x001011e8      0x178 build/main.o
 .text.wait_after_sync_3ds
                0x00101360       0x9c build/main.o
 .text.copy_cstr.part.0
                0x001013fc       0x58 build/main.o
 .text.parse_remote_saves.constprop.0
                0x00101454       0xf0 build/main.o
 .text.read_file_bytes.constprop.0
                0x00101544       0xcc build/main.o
 .text.id_in_manual
                0x00101610       0x74 build/main.o
 .text.cmp_merge_id_str
                0x00101684        0x4 build/main.o
 .text.save_locked_ids_to_ini_3ds.constprop.0.isra.0
                0x00101688      0x3cc build/main.o
 .text.baseline_load_from_path.constprop.0
                0x00101a54      0x144 build/main.o
 .text.copy_cstr
                0x00101b98       0x70 build/main.o
 .text.is_game_locked
                0x00101c08      0x210 build/main.o
 .text.fill_auto_plan_merge
                0x00101e18      0x288 build/main.o
 .text.preview_auto_plan_3ds
                0x001020a0      0x3e4 build/main.o
 .text.sync_status_save
                0x00102484      0x17c build/main.o
 .text.sync_status_after_dropbox
                0x00102600       0x64 build/main.o
 .text.sync_status_after_server
                0x00102664      0x140 build/main.o
 .text.baseline_save
                0x001027a4      0x114 build/main.o
 .text.baseline_load.constprop.0
                0x001028b8       0xfc build/main.o
 .text.sanitize_filename.part.0.constprop.0
                0x001029b4       0xe4 build/main.o
 .text.sanitize_game_id.constprop.0
                0x00102a98       0xf8 build/main.o
 .text.baseline_upsert.constprop.0
                0x00102b90      0x158 build/main.o
 .text.http_request.constprop.0
                0x00102ce8      0x8c0 build/main.o
 .text.get_one_save
                0x001035a8      0x39c build/main.o
 .text.put_one_save
                0x00103944      0x5d8 build/main.o
 .text.debug_report_sync_start_3ds
                0x00103f1c       0xcc build/main.o
 .text.scan_local_saves.constprop.0
                0x00103fe8     0x120c build/main.o
 .text.run_sync
                0x001051f4      0xdcc build/main.o
 .text.startup.main
                0x00105fc0     0x1ee8 build/main.o
                0x00105fc0                main
 .text.consoleDrawChar
                0x00107ea8      0x1c8 /opt/devkitpro/libctru/lib/libctru.a(console.o)
                0x00107ea8                consoleDrawChar
 .text.consolePrintChar
                0x00108070      0x170 /opt/devkitpro/libctru/lib/libctru.a(console.o)
                0x00108070                consolePrintChar
 .text.con_write
                0x001081e0      0xcc8 /opt/devkitpro/libctru/lib/libctru.a(console.o)
                0x001081e0                con_write
 .text.newRow   0x00108ea8       0xfc /opt/devkitpro/libctru/lib/libctru.a(console.o)
 .text.consoleInit
                0x00108fa4      0x180 /opt/devkitpro/libctru/lib/libctru.a(console.o)
                0x00108fa4                consoleInit
 .text.consoleClear
                0x00109124       0xb8 /opt/devkitpro/libctru/lib/libctru.a(console.o)
                0x00109124                consoleClear
 .text.gfxPresentFramebuffer
                0x001091dc       0xcc /opt/devkitpro/libctru/lib/libctru.a(gfx.o)
 .text.gfxIsWide
                0x001092a8       0x1c /opt/devkitpro/libctru/lib/libctru.a(gfx.o)
                0x001092a8                gfxIsWide
 .text.gfxSetScreenFormat
                0x001092c4       0xf8 /opt/devkitpro/libctru/lib/libctru.a(gfx.o)
                0x001092c4                gfxSetScreenFormat
 .text.gfxSetDoubleBuffering
                0x001093bc       0x10 /opt/devkitpro/libctru/lib/libctru.a(gfx.o)
                0x001093bc                gfxSetDoubleBuffering
 .text.gfxInit  0x001093cc       0xd8 /opt/devkitpro/libctru/lib/libctru.a(gfx.o)
                0x001093cc                gfxInit
 .text.gfxInitDefault
                0x001094a4       0x10 /opt/devkitpro/libctru/lib/libctru.a(gfx.o)
                0x001094a4                gfxInitDefault
 .text.gfxExit  0x001094b4       0xb8 /opt/devkitpro/libctru/lib/libctru.a(gfx.o)
                0x001094b4                gfxExit
 .text.gfxGetFramebuffer
                0x0010956c       0xa0 /opt/devkitpro/libctru/lib/libctru.a(gfx.o)
                0x0010956c                gfxGetFramebuffer
 .text.gfxFlushBuffers
                0x0010960c      0x100 /opt/devkitpro/libctru/lib/libctru.a(gfx.o)
                0x0010960c                gfxFlushBuffers
 .text.gfxSwapBuffers
                0x0010970c       0x50 /opt/devkitpro/libctru/lib/libctru.a(gfx.o)
                0x0010970c                gfxSwapBuffers
 .text.gfxSwapBuffersGpu
                0x0010975c       0x50 /opt/devkitpro/libctru/lib/libctru.a(gfx.o)
                0x0010975c                gfxSwapBuffersGpu
 .text.osGetTimeRef
                0x001097ac       0x54 /opt/devkitpro/libctru/lib/libctru.a(os.o)
                0x001097ac                osGetTimeRef
 .text.osGetTime
                0x00109800       0xec /opt/devkitpro/libctru/lib/libctru.a(os.o)
                0x00109800                osGetTime
 .text.__ctru_speedup_config
                0x001098ec       0x34 /opt/devkitpro/libctru/lib/libctru.a(os.o)
                0x001098ec                __ctru_speedup_config
 .text.aptConvertScreenForCapture
                0x00109920      0x180 /opt/devkitpro/libctru/lib/libctru.a(apt.o)
 .text.aptDspSleep
                0x00109aa0        0x8 /opt/devkitpro/libctru/lib/libctru.a(apt.o)
                0x00109aa0                aptDspSleep
 .text.aptDspWakeup
                0x00109aa8        0x4 /opt/devkitpro/libctru/lib/libctru.a(apt.o)
                0x00109aa8                aptDspWakeup
 .text.aptDspCancel
                0x00109aac        0x4 /opt/devkitpro/libctru/lib/libctru.a(apt.o)
                0x00109aac                aptDspCancel
 .text.aptSendCommand
                0x00109ab0      0x138 /opt/devkitpro/libctru/lib/libctru.a(apt.o)
                0x00109ab0                aptSendCommand
 .text.aptExitProcess
                0x00109be8       0x44 /opt/devkitpro/libctru/lib/libctru.a(apt.o)
 .text.aptExit  0x00109c2c      0x394 /opt/devkitpro/libctru/lib/libctru.a(apt.o)
                0x00109c2c                aptExit
 .text.aptHandleSleep
                0x00109fc0       0xd8 /opt/devkitpro/libctru/lib/libctru.a(apt.o)
                0x00109fc0                aptHandleSleep
 .text.APT_HardwareResetAsync
                0x0010a098       0x20 /opt/devkitpro/libctru/lib/libctru.a(apt.o)
                0x0010a098                APT_HardwareResetAsync
 .text.APT_SleepIfShellClosed
                0x0010a0b8       0x84 /opt/devkitpro/libctru/lib/libctru.a(apt.o)
                0x0010a0b8                APT_SleepIfShellClosed
 .text.aptSetSleepAllowed
                0x0010a13c       0x78 /opt/devkitpro/libctru/lib/libctru.a(apt.o)
                0x0010a13c                aptSetSleepAllowed
 .text.APT_UnlockTransition
                0x0010a1b4       0x84 /opt/devkitpro/libctru/lib/libctru.a(apt.o)
                0x0010a1b4                APT_UnlockTransition
 .text.aptEventHandler
                0x0010a238      0x470 /opt/devkitpro/libctru/lib/libctru.a(apt.o)
 .text.APT_ReceiveParameter
                0x0010a6a8       0xbc /opt/devkitpro/libctru/lib/libctru.a(apt.o)
                0x0010a6a8                APT_ReceiveParameter
 .text.aptReceiveParameter.constprop.0
                0x0010a764       0xb0 /opt/devkitpro/libctru/lib/libctru.a(apt.o)
 *fill*         0x0010a814        0x4 
 .text.aptScreenTransfer
                0x0010a818      0x294 /opt/devkitpro/libctru/lib/libctru.a(apt.o)
 .text.aptWaitForWakeUp.isra.0
                0x0010aaac      0x2d0 /opt/devkitpro/libctru/lib/libctru.a(apt.o)
 .text.aptJumpToHomeMenu
                0x0010ad7c       0xf4 /opt/devkitpro/libctru/lib/libctru.a(apt.o)
                0x0010ad7c                aptJumpToHomeMenu
 .text.aptMainLoop
                0x0010ae70       0x58 /opt/devkitpro/libctru/lib/libctru.a(apt.o)
                0x0010ae70                aptMainLoop
 .text.aptInit  0x0010aec8      0x240 /opt/devkitpro/libctru/lib/libctru.a(apt.o)
                0x0010aec8                aptInit
 .text.APT_CheckNew3DS
                0x0010b108       0x90 /opt/devkitpro/libctru/lib/libctru.a(apt.o)
                0x0010b108                APT_CheckNew3DS
 .text.gspHardwareInit
                0x0010b198      0xc70 /opt/devkitpro/libctru/lib/libctru.a(gspgpu.o)
 .text.gspInit  0x0010be08      0x288 /opt/devkitpro/libctru/lib/libctru.a(gspgpu.o)
                0x0010be08                gspInit
 .text.gspExit  0x0010c090      0x104 /opt/devkitpro/libctru/lib/libctru.a(gspgpu.o)
                0x0010c090                gspExit
 .text.gspHasGpuRight
                0x0010c194       0x10 /opt/devkitpro/libctru/lib/libctru.a(gspgpu.o)
                0x0010c194                gspHasGpuRight
 .text.gspPresentBuffer
                0x0010c1a4       0xa4 /opt/devkitpro/libctru/lib/libctru.a(gspgpu.o)
                0x0010c1a4                gspPresentBuffer
 .text.gspWaitForEvent
                0x0010c248       0x50 /opt/devkitpro/libctru/lib/libctru.a(gspgpu.o)
                0x0010c248                gspWaitForEvent
 .text.gxCmdQueueInterrupt
                0x0010c298        0x4 /opt/devkitpro/libctru/lib/libctru.a(gspgpu.o)
                0x0010c298                gxCmdQueueInterrupt
 .text.gspEventThreadMain
                0x0010c29c      0x154 /opt/devkitpro/libctru/lib/libctru.a(gspgpu.o)
 .text.GSPGPU_FlushDataCache
                0x0010c3f0       0x50 /opt/devkitpro/libctru/lib/libctru.a(gspgpu.o)
                0x0010c3f0                GSPGPU_FlushDataCache
 .text.GSPGPU_SetLcdForceBlack
                0x0010c440       0x34 /opt/devkitpro/libctru/lib/libctru.a(gspgpu.o)
                0x0010c440                GSPGPU_SetLcdForceBlack
 .text.GSPGPU_AcquireRight
                0x0010c474       0x84 /opt/devkitpro/libctru/lib/libctru.a(gspgpu.o)
                0x0010c474                GSPGPU_AcquireRight
 .text.GSPGPU_ReleaseRight
                0x0010c4f8       0x64 /opt/devkitpro/libctru/lib/libctru.a(gspgpu.o)
                0x0010c4f8                GSPGPU_ReleaseRight
 .text.GSPGPU_ImportDisplayCaptureInfo
                0x0010c55c       0x7c /opt/devkitpro/libctru/lib/libctru.a(gspgpu.o)
                0x0010c55c                GSPGPU_ImportDisplayCaptureInfo
 .text.GSPGPU_SaveVramSysArea
                0x0010c5d8       0x2c /opt/devkitpro/libctru/lib/libctru.a(gspgpu.o)
                0x0010c5d8                GSPGPU_SaveVramSysArea
 .text.GSPGPU_RestoreVramSysArea
                0x0010c604       0x2c /opt/devkitpro/libctru/lib/libctru.a(gspgpu.o)
                0x0010c604                GSPGPU_RestoreVramSysArea
 .text.hidShouldUseIrrst
                0x0010c630       0x24 /opt/devkitpro/libctru/lib/libctru.a(hid.o)
                0x0010c630                hidShouldUseIrrst
 .text.hidInit  0x0010c654      0x1cc /opt/devkitpro/libctru/lib/libctru.a(hid.o)
                0x0010c654                hidInit
 .text.hidExit  0x0010c820       0xe8 /opt/devkitpro/libctru/lib/libctru.a(hid.o)
                0x0010c820                hidExit
 .text.hidScanInput
                0x0010c908      0x2a0 /opt/devkitpro/libctru/lib/libctru.a(hid.o)
                0x0010c908                hidScanInput
 .text.hidKeysDown
                0x0010cba8       0x10 /opt/devkitpro/libctru/lib/libctru.a(hid.o)
                0x0010cba8                hidKeysDown
 .text.irrstInit
                0x0010cbb8      0x1a4 /opt/devkitpro/libctru/lib/libctru.a(irrst.o)
                0x0010cbb8                irrstInit
 .text.irrstExit
                0x0010cd5c       0xdc /opt/devkitpro/libctru/lib/libctru.a(irrst.o)
                0x0010cd5c                irrstExit
 .text.irrstScanInput
                0x0010ce38       0xb4 /opt/devkitpro/libctru/lib/libctru.a(irrst.o)
                0x0010ce38                irrstScanInput
 .text.irrstKeysHeld
                0x0010ceec       0x24 /opt/devkitpro/libctru/lib/libctru.a(irrst.o)
                0x0010ceec                irrstKeysHeld
 .text.ptmSysmInit
                0x0010cf10       0x78 /opt/devkitpro/libctru/lib/libctru.a(ptmsysm.o)
                0x0010cf10                ptmSysmInit
 .text.ptmSysmExit
                0x0010cf88       0x3c /opt/devkitpro/libctru/lib/libctru.a(ptmsysm.o)
                0x0010cf88                ptmSysmExit
 .text.PTMSYSM_ConfigureNew3DSCPU
                0x0010cfc4       0x34 /opt/devkitpro/libctru/lib/libctru.a(ptmsysm.o)
                0x0010cfc4                PTMSYSM_ConfigureNew3DSCPU
 .text.connect  0x0010cff8      0x174 /opt/devkitpro/libctru/lib/libctru.a(soc_connect.o)
                0x0010cff8                connect
 .text.freeaddrinfo
                0x0010d16c       0x24 /opt/devkitpro/libctru/lib/libctru.a(soc_getaddrinfo.o)
                0x0010d16c                freeaddrinfo
 .text.getaddrinfo
                0x0010d190      0x2cc /opt/devkitpro/libctru/lib/libctru.a(soc_getaddrinfo.o)
                0x0010d190                getaddrinfo
 .text.soc_read
                0x0010d45c       0x34 /opt/devkitpro/libctru/lib/libctru.a(soc_init.o)
 .text.soc_write
                0x0010d490       0x34 /opt/devkitpro/libctru/lib/libctru.a(soc_init.o)
 .text.soc_close
                0x0010d4c4       0xb0 /opt/devkitpro/libctru/lib/libctru.a(soc_init.o)
 .text.socInit  0x0010d574      0x190 /opt/devkitpro/libctru/lib/libctru.a(soc_init.o)
                0x0010d574                socInit
 .text.socExit  0x0010d704       0x88 /opt/devkitpro/libctru/lib/libctru.a(soc_init.o)
                0x0010d704                socExit
 .text.recv     0x0010d78c       0x20 /opt/devkitpro/libctru/lib/libctru.a(soc_recv.o)
                0x0010d78c                recv
 .text.socuipc_cmd7
                0x0010d7ac      0x148 /opt/devkitpro/libctru/lib/libctru.a(soc_recvfrom.o)
                0x0010d7ac                socuipc_cmd7
 .text.socuipc_cmd8
                0x0010d8f4      0x168 /opt/devkitpro/libctru/lib/libctru.a(soc_recvfrom.o)
                0x0010d8f4                socuipc_cmd8
 .text.soc_recvfrom
                0x0010da5c       0x10 /opt/devkitpro/libctru/lib/libctru.a(soc_recvfrom.o)
                0x0010da5c                soc_recvfrom
 .text.recvfrom
                0x0010da6c       0xa4 /opt/devkitpro/libctru/lib/libctru.a(soc_recvfrom.o)
                0x0010da6c                recvfrom
 .text.send     0x0010db10       0x20 /opt/devkitpro/libctru/lib/libctru.a(soc_send.o)
                0x0010db10                send
 .text.socuipc_cmd9
                0x0010db30      0x15c /opt/devkitpro/libctru/lib/libctru.a(soc_sendto.o)
                0x0010db30                socuipc_cmd9
 .text.socuipc_cmda
                0x0010dc8c      0x160 /opt/devkitpro/libctru/lib/libctru.a(soc_sendto.o)
                0x0010dc8c                socuipc_cmda
 .text.soc_sendto
                0x0010ddec       0x10 /opt/devkitpro/libctru/lib/libctru.a(soc_sendto.o)
                0x0010ddec                soc_sendto
 .text.sendto   0x0010ddfc       0xa4 /opt/devkitpro/libctru/lib/libctru.a(soc_sendto.o)
                0x0010ddfc                sendto
 .text.socket   0x0010dea0      0x16c /opt/devkitpro/libctru/lib/libctru.a(soc_socket.o)
                0x0010dea0                socket
 .text.__libctru_init
                0x0010e00c       0x38 /opt/devkitpro/libctru/lib/libctru.a(ctru_init.o)
                0x0010e00c                __libctru_init
 .text.__system_initArgv
                0x0010e044      0x16c /opt/devkitpro/libctru/lib/libctru.a(initArgv.o)
                0x0010e044                __system_initArgv
 .text.__syscall_getreent
                0x0010e1b0       0x30 /opt/devkitpro/libctru/lib/libctru.a(syscalls.o)
                0x0010e1b0                __syscall_getreent
 .text.__syscall_gettod_r
                0x0010e1e0       0x64 /opt/devkitpro/libctru/lib/libctru.a(syscalls.o)
                0x0010e1e0                __syscall_gettod_r
 .text.__syscall_lock_acquire
                0x0010e244        0x4 /opt/devkitpro/libctru/lib/libctru.a(syscalls.o)
                0x0010e244                __syscall_lock_acquire
 .text.__syscall_lock_release
                0x0010e248        0x4 /opt/devkitpro/libctru/lib/libctru.a(syscalls.o)
                0x0010e248                __syscall_lock_release
 .text.__syscall_lock_acquire_recursive
                0x0010e24c        0x4 /opt/devkitpro/libctru/lib/libctru.a(syscalls.o)
                0x0010e24c                __syscall_lock_acquire_recursive
 .text.__syscall_lock_release_recursive
                0x0010e250        0x4 /opt/devkitpro/libctru/lib/libctru.a(syscalls.o)
                0x0010e250                __syscall_lock_release_recursive
 .text.__syscall_exit
                0x0010e254        0x4 /opt/devkitpro/libctru/lib/libctru.a(syscalls.o)
                0x0010e254                __syscall_exit
 .text.initThreadVars
                0x0010e258       0x54 /opt/devkitpro/libctru/lib/libctru.a(syscalls.o)
                0x0010e258                initThreadVars
 .text.__system_initSyscalls
                0x0010e2ac       0x80 /opt/devkitpro/libctru/lib/libctru.a(syscalls.o)
                0x0010e2ac                __system_initSyscalls
 .text.svcControlMemory
                0x0010e32c       0x20 /opt/devkitpro/libctru/lib/libctru.a(svc.o)
                0x0010e32c                svcControlMemory
 .text.svcQueryMemory
                0x0010e34c       0x30 /opt/devkitpro/libctru/lib/libctru.a(svc.o)
                0x0010e34c                svcQueryMemory
 .text.svcExitProcess
                0x0010e37c        0x8 /opt/devkitpro/libctru/lib/libctru.a(svc.o)
                0x0010e37c                svcExitProcess
 .text.svcCreateThread
                0x0010e384       0x20 /opt/devkitpro/libctru/lib/libctru.a(svc.o)
                0x0010e384                svcCreateThread
 .text.svcExitThread
                0x0010e3a4        0x8 /opt/devkitpro/libctru/lib/libctru.a(svc.o)
                0x0010e3a4                svcExitThread
 .text.svcSleepThread
                0x0010e3ac        0x8 /opt/devkitpro/libctru/lib/libctru.a(svc.o)
                0x0010e3ac                svcSleepThread
 .text.svcReleaseMutex
                0x0010e3b4        0x8 /opt/devkitpro/libctru/lib/libctru.a(svc.o)
                0x0010e3b4                svcReleaseMutex
 .text.svcCreateEvent
                0x0010e3bc       0x14 /opt/devkitpro/libctru/lib/libctru.a(svc.o)
                0x0010e3bc                svcCreateEvent
 .text.svcSignalEvent
                0x0010e3d0        0x8 /opt/devkitpro/libctru/lib/libctru.a(svc.o)
                0x0010e3d0                svcSignalEvent
 .text.svcClearEvent
                0x0010e3d8        0x8 /opt/devkitpro/libctru/lib/libctru.a(svc.o)
                0x0010e3d8                svcClearEvent
 .text.svcCreateMemoryBlock
                0x0010e3e0       0x18 /opt/devkitpro/libctru/lib/libctru.a(svc.o)
                0x0010e3e0                svcCreateMemoryBlock
 .text.svcMapMemoryBlock
                0x0010e3f8        0x8 /opt/devkitpro/libctru/lib/libctru.a(svc.o)
                0x0010e3f8                svcMapMemoryBlock
 .text.svcUnmapMemoryBlock
                0x0010e400        0x8 /opt/devkitpro/libctru/lib/libctru.a(svc.o)
                0x0010e400                svcUnmapMemoryBlock
 .text.svcCreateAddressArbiter
                0x0010e408       0x14 /opt/devkitpro/libctru/lib/libctru.a(svc.o)
                0x0010e408                svcCreateAddressArbiter
 .text.svcArbitrateAddressNoTimeout
                0x0010e41c        0x8 /opt/devkitpro/libctru/lib/libctru.a(svc.o)
                0x0010e41c                svcArbitrateAddressNoTimeout
 .text.svcCloseHandle
                0x0010e424        0x8 /opt/devkitpro/libctru/lib/libctru.a(svc.o)
                0x0010e424                svcCloseHandle
 .text.svcWaitSynchronization
                0x0010e42c        0x8 /opt/devkitpro/libctru/lib/libctru.a(svc.o)
                0x0010e42c                svcWaitSynchronization
 .text.svcWaitSynchronizationN
                0x0010e434       0x28 /opt/devkitpro/libctru/lib/libctru.a(svc.o)
                0x0010e434                svcWaitSynchronizationN
 .text.svcDuplicateHandle
                0x0010e45c       0x14 /opt/devkitpro/libctru/lib/libctru.a(svc.o)
                0x0010e45c                svcDuplicateHandle
 .text.svcGetSystemTick
                0x0010e470        0x8 /opt/devkitpro/libctru/lib/libctru.a(svc.o)
                0x0010e470                svcGetSystemTick
 .text.svcConnectToPort
                0x0010e478       0x14 /opt/devkitpro/libctru/lib/libctru.a(svc.o)
                0x0010e478                svcConnectToPort
 .text.svcSendSyncRequest
                0x0010e48c        0x8 /opt/devkitpro/libctru/lib/libctru.a(svc.o)
                0x0010e48c                svcSendSyncRequest
 .text.svcGetResourceLimit
                0x0010e494       0x14 /opt/devkitpro/libctru/lib/libctru.a(svc.o)
                0x0010e494                svcGetResourceLimit
 .text.svcGetResourceLimitLimitValues
                0x0010e4a8        0x8 /opt/devkitpro/libctru/lib/libctru.a(svc.o)
                0x0010e4a8                svcGetResourceLimitLimitValues
 .text.svcGetResourceLimitCurrentValues
                0x0010e4b0        0x8 /opt/devkitpro/libctru/lib/libctru.a(svc.o)
                0x0010e4b0                svcGetResourceLimitCurrentValues
 .text.svcBreak
                0x0010e4b8        0x8 /opt/devkitpro/libctru/lib/libctru.a(svc.o)
                0x0010e4b8                svcBreak
 .text.initSystem
                0x0010e4c0       0x50 /opt/devkitpro/libctru/lib/libctru.a(stack_adjust.o)
                0x0010e4c0                initSystem
 .text.__ctru_exit
                0x0010e510       0x14 /opt/devkitpro/libctru/lib/libctru.a(stack_adjust.o)
                0x0010e510                __ctru_exit
 .text._ZL21addrMapNodeComparatorPK11rbtree_nodeS1_
                0x0010e524       0x24 /opt/devkitpro/libctru/lib/libctru.a(linear.o)
 .text._ZL21addrMapNodeDestructorP11rbtree_node
                0x0010e548        0x4 /opt/devkitpro/libctru/lib/libctru.a(linear.o)
 .text.linearMemAlign
                0x0010e54c      0x12c /opt/devkitpro/libctru/lib/libctru.a(linear.o)
                0x0010e54c                linearMemAlign
 .text.linearAlloc
                0x0010e678        0x8 /opt/devkitpro/libctru/lib/libctru.a(linear.o)
                0x0010e678                linearAlloc
 .text.linearFree
                0x0010e680       0x5c /opt/devkitpro/libctru/lib/libctru.a(linear.o)
                0x0010e680                linearFree
 .text._ZN7MemPool13CoalesceRightEP8MemBlock
                0x0010e6dc       0x88 /opt/devkitpro/libctru/lib/libctru.a(mem_pool.o)
                0x0010e6dc                _ZN7MemPool13CoalesceRightEP8MemBlock
 .text._ZN7MemPool8AllocateER8MemChunkmi
                0x0010e764      0x178 /opt/devkitpro/libctru/lib/libctru.a(mem_pool.o)
                0x0010e764                _ZN7MemPool8AllocateER8MemChunkmi
 .text._ZN7MemPool10DeallocateERK8MemChunk
                0x0010e8dc      0x118 /opt/devkitpro/libctru/lib/libctru.a(mem_pool.o)
                0x0010e8dc                _ZN7MemPool10DeallocateERK8MemChunk
 .text._ZN7MemPool12GetFreeSpaceEv
                0x0010e9f4       0x30 /opt/devkitpro/libctru/lib/libctru.a(mem_pool.o)
                0x0010e9f4                _ZN7MemPool12GetFreeSpaceEv
 .text._ZL21addrMapNodeComparatorPK11rbtree_nodeS1_
                0x0010ea24       0x24 /opt/devkitpro/libctru/lib/libctru.a(vram.o)
 .text._ZL21addrMapNodeDestructorP11rbtree_node
                0x0010ea48        0x4 /opt/devkitpro/libctru/lib/libctru.a(vram.o)
 .text.vramMemAlignAt
                0x0010ea4c      0x248 /opt/devkitpro/libctru/lib/libctru.a(vram.o)
                0x0010ea4c                vramMemAlignAt
 .text.vramAlloc
                0x0010ec94        0xc /opt/devkitpro/libctru/lib/libctru.a(vram.o)
                0x0010ec94                vramAlloc
 .text.vramFree
                0x0010eca0       0x94 /opt/devkitpro/libctru/lib/libctru.a(vram.o)
                0x0010eca0                vramFree
 .text.envGetHandle
                0x0010ed34       0x8c /opt/devkitpro/libctru/lib/libctru.a(env.o)
                0x0010ed34                envGetHandle
 .text.envDestroyHandles
                0x0010edc0       0x50 /opt/devkitpro/libctru/lib/libctru.a(env.o)
                0x0010edc0                envDestroyHandles
 .text.srvInit  0x0010ee10      0x164 /opt/devkitpro/libctru/lib/libctru.a(srv.o)
                0x0010ee10                srvInit
 .text.srvExit  0x0010ef74       0x64 /opt/devkitpro/libctru/lib/libctru.a(srv.o)
                0x0010ef74                srvExit
 .text.srvEnableNotification
                0x0010efd8       0x60 /opt/devkitpro/libctru/lib/libctru.a(srv.o)
                0x0010efd8                srvEnableNotification
 .text.srvGetServiceHandleDirect
                0x0010f038       0xa0 /opt/devkitpro/libctru/lib/libctru.a(srv.o)
                0x0010f038                srvGetServiceHandleDirect
 .text.srvGetServiceHandle
                0x0010f0d8       0x48 /opt/devkitpro/libctru/lib/libctru.a(srv.o)
                0x0010f0d8                srvGetServiceHandle
 .text.srvSubscribe
                0x0010f120       0x34 /opt/devkitpro/libctru/lib/libctru.a(srv.o)
                0x0010f120                srvSubscribe
 .text.srvReceiveNotification
                0x0010f154       0x60 /opt/devkitpro/libctru/lib/libctru.a(srv.o)
                0x0010f154                srvReceiveNotification
 .text.srvPublishToSubscriber
                0x0010f1b4       0x38 /opt/devkitpro/libctru/lib/libctru.a(srv.o)
                0x0010f1b4                srvPublishToSubscriber
 .text.__sync_init
                0x0010f1ec        0xc /opt/devkitpro/libctru/lib/libctru.a(synchronization.o)
                0x0010f1ec                __sync_init
 .text.__sync_fini
                0x0010f1f8       0x18 /opt/devkitpro/libctru/lib/libctru.a(synchronization.o)
                0x0010f1f8                __sync_fini
 .text.syncArbitrateAddress
                0x0010f210       0x28 /opt/devkitpro/libctru/lib/libctru.a(synchronization.o)
                0x0010f210                syncArbitrateAddress
 .text.LightLock_Lock
                0x0010f238       0xac /opt/devkitpro/libctru/lib/libctru.a(synchronization.o)
                0x0010f238                LightLock_Lock
 .text.LightLock_Unlock
                0x0010f2e4       0x40 /opt/devkitpro/libctru/lib/libctru.a(synchronization.o)
                0x0010f2e4                LightLock_Unlock
 .text.RecursiveLock_Lock
                0x0010f324       0x54 /opt/devkitpro/libctru/lib/libctru.a(synchronization.o)
                0x0010f324                RecursiveLock_Lock
 .text.RecursiveLock_Unlock
                0x0010f378       0x54 /opt/devkitpro/libctru/lib/libctru.a(synchronization.o)
                0x0010f378                RecursiveLock_Unlock
 .text.LightEvent_Init
                0x0010f3cc       0x44 /opt/devkitpro/libctru/lib/libctru.a(synchronization.o)
                0x0010f3cc                LightEvent_Init
 .text.LightEvent_Clear
                0x0010f410       0xb8 /opt/devkitpro/libctru/lib/libctru.a(synchronization.o)
                0x0010f410                LightEvent_Clear
 .text.LightEvent_Signal
                0x0010f4c8       0xdc /opt/devkitpro/libctru/lib/libctru.a(synchronization.o)
                0x0010f4c8                LightEvent_Signal
 .text.LightEvent_TryWait
                0x0010f5a4       0x50 /opt/devkitpro/libctru/lib/libctru.a(synchronization.o)
                0x0010f5a4                LightEvent_TryWait
 .text.LightEvent_Wait
                0x0010f5f4       0xac /opt/devkitpro/libctru/lib/libctru.a(synchronization.o)
                0x0010f5f4                LightEvent_Wait
 .text.threadCreate
                0x0010f6a0      0x1fc /opt/devkitpro/libctru/lib/libctru.a(thread.o)
                0x0010f6a0                threadCreate
 .text.threadFree
                0x0010f89c       0x38 /opt/devkitpro/libctru/lib/libctru.a(thread.o)
                0x0010f89c                threadFree
 .text.threadJoin
                0x0010f8d4       0x24 /opt/devkitpro/libctru/lib/libctru.a(thread.o)
                0x0010f8d4                threadJoin
 .text.threadGetCurrent
                0x0010f8f8       0x30 /opt/devkitpro/libctru/lib/libctru.a(thread.o)
                0x0010f8f8                threadGetCurrent
 .text.threadExit
                0x0010f928       0x40 /opt/devkitpro/libctru/lib/libctru.a(thread.o)
                0x0010f928                threadExit
 .text._thread_begin
                0x0010f968       0x20 /opt/devkitpro/libctru/lib/libctru.a(thread.o)
 .text.mappableFindAddressWithin
                0x0010f988       0x90 /opt/devkitpro/libctru/lib/libctru.a(mappable.o)
 .text.mappableInit
                0x0010fa18       0x28 /opt/devkitpro/libctru/lib/libctru.a(mappable.o)
                0x0010fa18                mappableInit
 .text.mappableAlloc
                0x0010fa40       0x7c /opt/devkitpro/libctru/lib/libctru.a(mappable.o)
                0x0010fa40                mappableAlloc
 .text.mappableFree
                0x0010fabc        0x4 /opt/devkitpro/libctru/lib/libctru.a(mappable.o)
                0x0010fabc                mappableFree
 .text.srvPmGetSessionHandle
                0x0010fac0        0xc /opt/devkitpro/libctru/lib/libctru.a(srvpm.o)
                0x0010fac0                srvPmGetSessionHandle
 .text._net_convert_error
                0x0010facc       0x3c /opt/devkitpro/libctru/lib/libctru.a(soc_common.o)
                0x0010facc                _net_convert_error
 .text.rbtree_find
                0x0010fb08       0x74 /opt/devkitpro/libctru/lib/libctru.a(rbtree_find.o)
                0x0010fb08                rbtree_find
 .text.rbtree_init
                0x0010fb7c       0x10 /opt/devkitpro/libctru/lib/libctru.a(rbtree_init.o)
                0x0010fb7c                rbtree_init
 .text.do_insert
                0x0010fb8c      0x198 /opt/devkitpro/libctru/lib/libctru.a(rbtree_insert.o)
 .text.rbtree_insert
                0x0010fd24        0x8 /opt/devkitpro/libctru/lib/libctru.a(rbtree_insert.o)
                0x0010fd24                rbtree_insert
 .text.rbtree_remove
                0x0010fd2c      0x310 /opt/devkitpro/libctru/lib/libctru.a(rbtree_remove.o)
                0x0010fd2c                rbtree_remove
 .text.rbtree_rotate
                0x0011003c       0x90 /opt/devkitpro/libctru/lib/libctru.a(rbtree_rotate.o)
                0x0011003c                rbtree_rotate
 *fill*         0x001100cc        0x4 
 .text.__system_allocateHeaps
                0x001100d0      0x1e8 /opt/devkitpro/libctru/lib/libctru.a(allocateHeaps.o)
                0x001100d0                __system_allocateHeaps
 .text.__appExit
                0x001102b8       0x30 /opt/devkitpro/libctru/lib/libctru.a(appExit.o)
                0x001102b8                __appExit
 .text.__appInit
                0x001102e8       0x30 /opt/devkitpro/libctru/lib/libctru.a(appInit.o)
                0x001102e8                __appInit
 .text.__libctru_exit
                0x00110318       0x90 /opt/devkitpro/libctru/lib/libctru.a(ctru_exit.o)
                0x00110318                __libctru_exit
 .text.error_cmp
                0x001103a8       0x24 /opt/devkitpro/libctru/lib/libctru.a(archive_dev.o)
 .text.archive_translate_error
                0x001103cc       0x50 /opt/devkitpro/libctru/lib/libctru.a(archive_dev.o)
 .text.archive_seek
                0x0011041c       0xc0 /opt/devkitpro/libctru/lib/libctru.a(archive_dev.o)
 .text._archiveInit.part.0
                0x001104dc       0x78 /opt/devkitpro/libctru/lib/libctru.a(archive_dev.o)
 .text.archiveFindDevice.part.0
                0x00110554      0x110 /opt/devkitpro/libctru/lib/libctru.a(archive_dev.o)
 .text.archive_utf16path
                0x00110664      0x298 /opt/devkitpro/libctru/lib/libctru.a(archive_dev.o)
 .text._archiveUnmountDeviceStruct.part.0
                0x001108fc       0x98 /opt/devkitpro/libctru/lib/libctru.a(archive_dev.o)
 .text._archiveMountDevice
                0x00110994      0x178 /opt/devkitpro/libctru/lib/libctru.a(archive_dev.o)
 .text.archive_diropen
                0x00110b0c       0xf8 /opt/devkitpro/libctru/lib/libctru.a(archive_dev.o)
 .text.archive_fstat
                0x00110c04       0xac /opt/devkitpro/libctru/lib/libctru.a(archive_dev.o)
 .text.archive_fsync
                0x00110cb0       0x74 /opt/devkitpro/libctru/lib/libctru.a(archive_dev.o)
 .text.archive_close
                0x00110d24       0x74 /opt/devkitpro/libctru/lib/libctru.a(archive_dev.o)
 .text.archive_dirclose
                0x00110d98       0x78 /opt/devkitpro/libctru/lib/libctru.a(archive_dev.o)
 .text.sdmc_statvfs
                0x00110e10       0xec /opt/devkitpro/libctru/lib/libctru.a(archive_dev.o)
 .text.archive_chdir
                0x00110efc       0xf8 /opt/devkitpro/libctru/lib/libctru.a(archive_dev.o)
 .text.archive_ftruncate
                0x00110ff4       0x8c /opt/devkitpro/libctru/lib/libctru.a(archive_dev.o)
 .text.archive_read
                0x00111080       0xbc /opt/devkitpro/libctru/lib/libctru.a(archive_dev.o)
 .text.archive_unlink
                0x0011113c       0xa8 /opt/devkitpro/libctru/lib/libctru.a(archive_dev.o)
 .text.archive_rmdir
                0x001111e4       0xc0 /opt/devkitpro/libctru/lib/libctru.a(archive_dev.o)
 .text.archive_mkdir
                0x001112a4       0xd8 /opt/devkitpro/libctru/lib/libctru.a(archive_dev.o)
 .text.archive_stat
                0x0011137c      0x1a0 /opt/devkitpro/libctru/lib/libctru.a(archive_dev.o)
 .text.archive_dirnext
                0x0011151c      0x164 /opt/devkitpro/libctru/lib/libctru.a(archive_dev.o)
 .text.archive_write
                0x00111680      0x13c /opt/devkitpro/libctru/lib/libctru.a(archive_dev.o)
 *fill*         0x001117bc        0x4 
 .text.archive_open
                0x001117c0      0x254 /opt/devkitpro/libctru/lib/libctru.a(archive_dev.o)
 .text.archive_rename
                0x00111a14      0x270 /opt/devkitpro/libctru/lib/libctru.a(archive_dev.o)
 .text.archiveMountSdmc
                0x00111c84      0x1c8 /opt/devkitpro/libctru/lib/libctru.a(archive_dev.o)
                0x00111c84                archiveMountSdmc
 .text.archiveUnmountAll
                0x00111e4c       0x54 /opt/devkitpro/libctru/lib/libctru.a(archive_dev.o)
                0x00111e4c                archiveUnmountAll
 .text.fsInit   0x00111ea0      0x104 /opt/devkitpro/libctru/lib/libctru.a(fs.o)
                0x00111ea0                fsInit
 .text.fsExit   0x00111fa4       0x3c /opt/devkitpro/libctru/lib/libctru.a(fs.o)
                0x00111fa4                fsExit
 .text.fsExemptFromSession
                0x00111fe0       0x68 /opt/devkitpro/libctru/lib/libctru.a(fs.o)
                0x00111fe0                fsExemptFromSession
 .text.fsUnexemptFromSession
                0x00112048       0x50 /opt/devkitpro/libctru/lib/libctru.a(fs.o)
                0x00112048                fsUnexemptFromSession
 .text.FSUSER_OpenFile
                0x00112098       0xcc /opt/devkitpro/libctru/lib/libctru.a(fs.o)
                0x00112098                FSUSER_OpenFile
 .text.FSUSER_DeleteFile
                0x00112164       0xb8 /opt/devkitpro/libctru/lib/libctru.a(fs.o)
                0x00112164                FSUSER_DeleteFile
 .text.FSUSER_RenameFile
                0x0011221c       0xf4 /opt/devkitpro/libctru/lib/libctru.a(fs.o)
                0x0011221c                FSUSER_RenameFile
 .text.FSUSER_DeleteDirectory
                0x00112310       0xb8 /opt/devkitpro/libctru/lib/libctru.a(fs.o)
                0x00112310                FSUSER_DeleteDirectory
 .text.FSUSER_CreateFile
                0x001123c8       0xd0 /opt/devkitpro/libctru/lib/libctru.a(fs.o)
                0x001123c8                FSUSER_CreateFile
 .text.FSUSER_CreateDirectory
                0x00112498       0xc0 /opt/devkitpro/libctru/lib/libctru.a(fs.o)
                0x00112498                FSUSER_CreateDirectory
 .text.FSUSER_RenameDirectory
                0x00112558       0xf4 /opt/devkitpro/libctru/lib/libctru.a(fs.o)
                0x00112558                FSUSER_RenameDirectory
 .text.FSUSER_OpenDirectory
                0x0011264c       0xb4 /opt/devkitpro/libctru/lib/libctru.a(fs.o)
                0x0011264c                FSUSER_OpenDirectory
 .text.FSUSER_OpenArchive
                0x00112700       0x90 /opt/devkitpro/libctru/lib/libctru.a(fs.o)
                0x00112700                FSUSER_OpenArchive
 .text.FSUSER_CloseArchive
                0x00112790       0x8c /opt/devkitpro/libctru/lib/libctru.a(fs.o)
                0x00112790                FSUSER_CloseArchive
 .text.FSUSER_GetSdmcArchiveResource
                0x0011281c       0x74 /opt/devkitpro/libctru/lib/libctru.a(fs.o)
                0x0011281c                FSUSER_GetSdmcArchiveResource
 .text.FSUSER_IsSdmcWritable
                0x00112890       0x64 /opt/devkitpro/libctru/lib/libctru.a(fs.o)
                0x00112890                FSUSER_IsSdmcWritable
 .text.FSFILE_Read
                0x001128f4       0x64 /opt/devkitpro/libctru/lib/libctru.a(fs.o)
                0x001128f4                FSFILE_Read
 .text.FSFILE_Write
                0x00112958       0x6c /opt/devkitpro/libctru/lib/libctru.a(fs.o)
                0x00112958                FSFILE_Write
 .text.FSFILE_GetSize
                0x001129c4       0x44 /opt/devkitpro/libctru/lib/libctru.a(fs.o)
                0x001129c4                FSFILE_GetSize
 .text.FSFILE_SetSize
                0x00112a08       0x28 /opt/devkitpro/libctru/lib/libctru.a(fs.o)
                0x00112a08                FSFILE_SetSize
 .text.FSFILE_Close
                0x00112a30       0x3c /opt/devkitpro/libctru/lib/libctru.a(fs.o)
                0x00112a30                FSFILE_Close
 .text.FSFILE_Flush
                0x00112a6c       0x24 /opt/devkitpro/libctru/lib/libctru.a(fs.o)
                0x00112a6c                FSFILE_Flush
 .text.FSDIR_Read
                0x00112a90       0x60 /opt/devkitpro/libctru/lib/libctru.a(fs.o)
                0x00112a90                FSDIR_Read
 .text.FSDIR_Close
                0x00112af0       0x3c /opt/devkitpro/libctru/lib/libctru.a(fs.o)
                0x00112af0                FSDIR_Close
 .text.rbtree_node_next
                0x00112b2c       0x60 /opt/devkitpro/libctru/lib/libctru.a(rbtree_iterator.o)
                0x00112b2c                rbtree_node_next
 .text.decode_utf8
                0x00112b8c      0x140 /opt/devkitpro/libctru/lib/libctru.a(decode_utf8.o)
                0x00112b8c                decode_utf8
 .text.utf16_to_utf8
                0x00112ccc       0xe8 /opt/devkitpro/libctru/lib/libctru.a(utf16_to_utf8.o)
                0x00112ccc                utf16_to_utf8
 .text.utf8_to_utf16
                0x00112db4       0xc0 /opt/devkitpro/libctru/lib/libctru.a(utf8_to_utf16.o)
                0x00112db4                utf8_to_utf16
 .text.__aeabi_read_tp
                0x00112e74        0xc /opt/devkitpro/libctru/lib/libctru.a(readtp.o)
                0x00112e74                __aeabi_read_tp
 .text.decode_utf16
                0x00112e80       0x54 /opt/devkitpro/libctru/lib/libctru.a(decode_utf16.o)
                0x00112e80                decode_utf16
 .text.encode_utf16
                0x00112ed4       0x54 /opt/devkitpro/libctru/lib/libctru.a(encode_utf16.o)
                0x00112ed4                encode_utf16
 .text.encode_utf8
                0x00112f28       0xe0 /opt/devkitpro/libctru/lib/libctru.a(encode_utf8.o)
                0x00112f28                encode_utf8
 .text.__fixdfdi
                0x00113008       0x2c /opt/devkitpro/devkitARM/lib/gcc/arm-none-eabi/15.2.0/armv6k/fpu/libgcc.a(_fixdfdi.o)
                0x00113008                __aeabi_d2lz
                0x00113008                __fixdfdi
 *fill*         0x00113034        0x4 
 .text.__fixunsdfdi
                0x00113038       0x40 /opt/devkitpro/devkitARM/lib/gcc/arm-none-eabi/15.2.0/armv6k/fpu/libgcc.a(_fixunsdfdi.o)
                0x00113038                __aeabi_d2ulz
                0x00113038                __fixunsdfdi
 .text.__udivmoddi4
                0x00113078      0x130 /opt/devkitpro/devkitARM/lib/gcc/arm-none-eabi/15.2.0/armv6k/fpu/libgcc.a(_udivmoddi4.o)
                0x00113078                __udivmoddi4
 .text.strncat  0x001131a8       0xe4 /opt/devkitpro/devkitARM/lib/gcc/arm-none-eabi/15.2.0/../../../../arm-none-eabi/lib/armv6k/fpu/libc.a(libc_a-strncat.o)
                0x001131a8                strncat
 .text.ftell    0x0011328c       0x34 /opt/devkitpro/devkitARM/lib/gcc/arm-none-eabi/15.2.0/../../../../arm-none-eabi/lib/armv6k/fpu/libc.a(libc_a-ftell.o)
                0x0011328c                ftell
 .text.sscanf   0x001132c0       0x78 /opt/devkitpro/devkitARM/lib/gcc/arm-none-eabi/15.2.0/../../../../arm-none-eabi/lib/armv6k/fpu/libc.a(libc_a-sscanf.o)
                0x001132c0                sscanf
 .text.critical_factorization
                0x00113338      0x130 /opt/devkitpro/devkitARM/lib/gcc/arm-none-eabi/15.2.0/../../../../arm-none-eabi/lib/armv6k/fpu/libc.a(libc_a-strstr.o)
 .text.two_way_long_needle
                0x00113468      0x33c /opt/devkitpro/devkitARM/lib/gcc/arm-none-eabi/15.2.0/../../../../arm-none-eabi/lib/armv6k/fpu/libc.a(libc_a-strstr.o)
 .text.strstr   0x001137a4      0x238 /opt/devkitpro/devkitARM/lib/gcc/arm-none-eabi/15.2.0/../../../../arm-none-eabi/lib/armv6k/fpu/libc.a(libc_a-strstr.o)
                0x001137a4                strstr
 .text.memcpy   0x001139dc      0x128 /opt/devkitpro/devkitARM/lib/gcc/arm-none-eabi/15.2.0/../../../../arm-none-eabi/lib/armv6k/fpu/libc.a(libc_a-memcpy-stub.o)
                0x001139dc                memcpy
 .text.strlen   0x00113b04       0x8c /opt/devkitpro/devkitARM/lib/gcc/arm-none-eabi/15.2.0/../../../../arm-none-eabi/lib/armv6k/fpu/libc.a(libc_a-strlen.o)
                0x00113b04                strlen
 .text._fread_r
                0x00113b90      0x334 /opt/devkitpro/devkitARM/lib/gcc/arm-none-eabi/15.2.0/../../../../arm-none-eabi/lib/armv6k/fpu/libc.a(libc_a-fread.o)
                0x00113b90                _fread_r
 .text.fread    0x00113ec4       0x38 /opt/devkitpro/devkitARM/lib/gcc/arm-none-eabi/15.2.0/../../../../arm-none-eabi/lib/armv6k/fpu/libc.a(libc_a-fread.o)
                0x00113ec4                fread
 .text.bsearch  0x00113efc       0x78 /opt/devkitpro/devkitARM/lib/gcc/arm-none-eabi/15.2.0/../../../../arm-none-eabi/lib/armv6k/fpu/libc.a(libc_a-bsearch.o)
                0x00113efc                bsearch
 .text.get_arg  0x00113f74       0x50 /opt/devkitpro/devkitARM/lib/gcc/arm-none-eabi/15.2.0/../../../../arm-none-eabi/lib/armv6k/fpu/libc.a(libc_a-svfscanf.o)
 .text.__ssvfscanf_r
                0x00113fc4     0x2b88 /opt/devkitpro/devkitARM/lib/gcc/arm-none-eabi/15.2.0/../../../../arm-none-eabi/lib/armv6k/fpu/libc.a(libc_a-svfscanf.o)
                0x00113fc4                __ssvfscanf_r
 .text._fopen_r
                0x00116b4c      0x134 /opt/devkitpro/devkitARM/lib/gcc/arm-none-eabi/15.2.0/../../../../arm-none-eabi/lib/armv6k/fpu/libc.a(libc_a-fopen.o)
                0x00116b4c                _fopen_r
 .text.fopen    0x00116c80       0x28 /opt/devkitpro/devkitARM/lib/gcc/arm-none-eabi/15.2.0/../../../../arm-none-eabi/lib/armv6k/fpu/libc.a(libc_a-fopen.o)
                0x00116c80                fopen
 .text.sulp     0x00116ca8       0x60 /opt/devkitpro/devkitARM/lib/gcc/arm-none-eabi/15.2.0/../../../../arm-none-eabi/lib/armv6k/fpu/libc.a(libc_a-strtod.o)
 .text._strtod_l
                0x00116d08     0x1428 /opt/devkitpro/devkitARM/lib/gcc/arm-none-eabi/15.2.0/../../../../arm-none-eabi/lib/armv6k/fpu/libc.a(libc_a-strtod.o)
                0x00116d08                _strtod_l
 .text._strtod_r
                0x00118130       0x44 /opt/devkitpro/devkitARM/lib/gcc/arm-none-eabi/15.2.0/../../../../arm-none-eabi/lib/armv6k/fpu/libc.a(libc_a-strtod.o)
                0x00118130                _strtod_r
 .text.close    0x00118174       0x20 /opt/devkitpro/devkitARM/lib/gcc/arm-none-eabi/15.2.0/../../../../arm-none-eabi/lib/armv6k/fpu/libc.a(libc_a-sysclose.o)
                0x00118174                close
 .text.memalign
                0x00118194       0x28 /opt/devkitpro/devkitARM/lib/gcc/arm-none-eabi/15.2.0/../../../../arm-none-eabi/lib/armv6k/fpu/libc.a(libc_a-malign.o)
                0x00118194                memalign
 .text._strtoull_l.isra.0
                0x001181bc      0x264 /opt/devkitpro/devkitARM/lib/gcc/arm-none-eabi/15.2.0/../../../../arm-none-eabi/lib/armv6k/fpu/libc.a(libc_a-strtoull.o)
 .text._strtoull_r
                0x00118420       0x38 /opt/devkitpro/devkitARM/lib/gcc/arm-none-eabi/15.2.0/../../../../arm-none-eabi/lib/armv6k/fpu/libc.a(libc_a-strtoull.o)
                0x00118420                _strtoull_r
 .text.strcasecmp
                0x00118458       0x68 /opt/devkitpro/devkitARM/lib/gcc/arm-none-eabi/15.2.0/../../../../arm-none-eabi/lib/armv6k/fpu/libc.a(libc_a-strcasecmp.o)
                0x00118458                strcasecmp
 .text.rshift   0x001184c0       0xf4 /opt/devkitpro/devkitARM/lib/gcc/arm-none-eabi/15.2.0/../../../../arm-none-eabi/lib/armv6k/fpu/libc.a(libc_a-gdtoa-gethex.o)
 .text.__gethex
                0x001185b4      0x8b4 /opt/devkitpro/devkitARM/lib/gcc/arm-none-eabi/15.2.0/../../../../arm-none-eabi/lib/armv6k/fpu/libc.a(libc_a-gdtoa-gethex.o)
                0x001185b4                __gethex
 .text.snprintf
                0x00118e68       0xa0 /opt/devkitpro/devkitARM/lib/gcc/arm-none-eabi/15.2.0/../../../../arm-none-eabi/lib/armv6k/fpu/libc.a(libc_a-snprintf.o)
                0x00118e68                snprintf
 .text.printf   0x00118f08       0x34 /opt/devkitpro/devkitARM/lib/gcc/arm-none-eabi/15.2.0/../../../../arm-none-eabi/lib/armv6k/fpu/libc.a(libc_a-printf.o)
                0x00118f08                printf
 .text._strtoul_l.isra.0
                0x00118f3c      0x1ec /opt/devkitpro/devkitARM/lib/gcc/arm-none-eabi/15.2.0/../../../../arm-none-eabi/lib/armv6k/fpu/libc.a(libc_a-strtoul.o)
 .text._strtoul_r
                0x00119128       0x38 /opt/devkitpro/devkitARM/lib/gcc/arm-none-eabi/15.2.0/../../../../arm-none-eabi/lib/armv6k/fpu/libc.a(libc_a-strtoul.o)
                0x00119128                _strtoul_r
 .text.strtoul  0x00119160       0x3c /opt/devkitpro/devkitARM/lib/gcc/arm-none-eabi/15.2.0/../../../../arm-none-eabi/lib/armv6k/fpu/libc.a(libc_a-strtoul.o)
                0x00119160                strtoul
 .text._mbrtowc_r
                0x0011919c       0xc4 /opt/devkitpro/devkitARM/lib/gcc/arm-none-eabi/15.2.0/../../../../arm-none-eabi/lib/armv6k/fpu/libc.a(libc_a-mbrtowc.o)
                0x0011919c                _mbrtowc_r
 .text.remove   0x00119260       0x58 /opt/devkitpro/devkitARM/lib/gcc/arm-none-eabi/15.2.0/../../../../arm-none-eabi/lib/armv6k/fpu/libc.a(libc_a-remove.o)
                0x00119260                remove
 .text.strncasecmp
                0x001192b8       0x94 /opt/devkitpro/devkitARM/lib/gcc/arm-none-eabi/15.2.0/../../../../arm-none-eabi/lib/armv6k/fpu/libc.a(libc_a-strncasecmp.o)
                0x001192b8                strncasecmp
 .text.strchr   0x0011934c      0x140 /opt/devkitpro/devkitARM/lib/gcc/arm-none-eabi/15.2.0/../../../../arm-none-eabi/lib/armv6k/fpu/libc.a(libc_a-strchr.o)
                0x0011934c                strchr
 .text.memcmp   0x0011948c       0xd8 /opt/devkitpro/devkitARM/lib/gcc/arm-none-eabi/15.2.0/../../../../arm-none-eabi/lib/armv6k/fpu/libc.a(libc_a-memcmp.o)
                0x0011948c                memcmp
 .text._fgets_r
                0x00119564      0x198 /opt/devkitpro/devkitARM/lib/gcc/arm-none-eabi/15.2.0/../../../../arm-none-eabi/lib/armv6k/fpu/libc.a(libc_a-fgets.o)
                0x00119564                _fgets_r
 .text.fgets    0x001196fc       0x30 /opt/devkitpro/devkitARM/lib/gcc/arm-none-eabi/15.2.0/../../../../arm-none-eabi/lib/armv6k/fpu/libc.a(libc_a-fgets.o)
                0x001196fc                fgets
 .text.calloc   0x0011972c       0x28 /opt/devkitpro/devkitARM/lib/gcc/arm-none-eabi/15.2.0/../../../../arm-none-eabi/lib/armv6k/fpu/libc.a(libc_a-calloc.o)
                0x0011972c                calloc
 .text.__sccl   0x00119754       0xf8 /opt/devkitpro/devkitARM/lib/gcc/arm-none-eabi/15.2.0/../../../../arm-none-eabi/lib/armv6k/fpu/libc.a(libc_a-sccl.o)
                0x00119754                __sccl
 .text._memalign_r
                0x0011984c      0x16c /opt/devkitpro/devkitARM/lib/gcc/arm-none-eabi/15.2.0/../../../../arm-none-eabi/lib/armv6k/fpu/libc.a(libc_a-malignr.o)
                0x0011984c                _memalign_r
 .text.__errno  0x001199b8        0xc /opt/devkitpro/devkitARM/lib/gcc/arm-none-eabi/15.2.0/../../../../arm-none-eabi/lib/armv6k/fpu/libc.a(libc_a-errno.o)
                0x001199b8                __errno
 .text.__smakebuf_r
                0x001199c4      0x164 /opt/devkitpro/devkitARM/lib/gcc/arm-none-eabi/15.2.0/../../../../arm-none-eabi/lib/armv6k/fpu/libc.a(libc_a-makebuf.o)
                0x001199c4                __smakebuf_r
 .text.__swhatbuf_r
                0x00119b28       0x90 /opt/devkitpro/devkitARM/lib/gcc/arm-none-eabi/15.2.0/../../../../arm-none-eabi/lib/armv6k/fpu/libc.a(libc_a-makebuf.o)
                0x00119b28                __swhatbuf_r
 .text._strtoll_l.isra.0
                0x00119bb8      0x47c /opt/devkitpro/devkitARM/lib/gcc/arm-none-eabi/15.2.0/../../../../arm-none-eabi/lib/armv6k/fpu/libc.a(libc_a-strtoll.o)
 .text._strtoll_r
                0x0011a034       0x38 /opt/devkitpro/devkitARM/lib/gcc/arm-none-eabi/15.2.0/../../../../arm-none-eabi/lib/armv6k/fpu/libc.a(libc_a-strtoll.o)
                0x0011a034                _strtoll_r
 .text.strtoll  0x0011a06c       0x3c /opt/devkitpro/devkitARM/lib/gcc/arm-none-eabi/15.2.0/../../../../arm-none-eabi/lib/armv6k/fpu/libc.a(libc_a-strtoll.o)
                0x0011a06c                strtoll
 .text.__locale_mb_cur_max
                0x0011a0a8       0x24 /opt/devkitpro/devkitARM/lib/gcc/arm-none-eabi/15.2.0/../../../../arm-none-eabi/lib/armv6k/fpu/libc.a(libc_a-locale.o)
                0x0011a0a8                __locale_mb_cur_max
 .text.memset   0x0011a0cc       0xe4 /opt/devkitpro/devkitARM/lib/gcc/arm-none-eabi/15.2.0/../../../../arm-none-eabi/lib/armv6k/fpu/libc.a(libc_a-memset.o)
                0x0011a0cc                memset
 .text._calloc_r
                0x0011a1b0       0xd8 /opt/devkitpro/devkitARM/lib/gcc/arm-none-eabi/15.2.0/../../../../arm-none-eabi/lib/armv6k/fpu/libc.a(libc_a-callocr.o)
                0x0011a1b0                _calloc_r
 .text.__sflush_r
                0x0011a288      0x22c /opt/devkitpro/devkitARM/lib/gcc/arm-none-eabi/15.2.0/../../../../arm-none-eabi/lib/armv6k/fpu/libc.a(libc_a-fflush.o)
                0x0011a288                __sflush_r
 .text._fflush_r
                0x0011a4b4       0xc4 /opt/devkitpro/devkitARM/lib/gcc/arm-none-eabi/15.2.0/../../../../arm-none-eabi/lib/armv6k/fpu/libc.a(libc_a-fflush.o)
                0x0011a4b4                _fflush_r
 .text._fwrite_r
                0x0011a578      0x104 /opt/devkitpro/devkitARM/lib/gcc/arm-none-eabi/15.2.0/../../../../arm-none-eabi/lib/armv6k/fpu/libc.a(libc_a-fwrite.o)
                0x0011a578                _fwrite_r
 .text.fwrite   0x0011a67c       0x38 /opt/devkitpro/devkitARM/lib/gcc/arm-none-eabi/15.2.0/../../../../arm-none-eabi/lib/armv6k/fpu/libc.a(libc_a-fwrite.o)
                0x0011a67c                fwrite
 .text.realloc  0x0011a6b4       0x28 /opt/devkitpro/devkitARM/lib/gcc/arm-none-eabi/15.2.0/../../../../arm-none-eabi/lib/armv6k/fpu/libc.a(libc_a-realloc.o)
                0x0011a6b4                realloc
 .text.qsort    0x0011a6dc      0x8e8 /opt/devkitpro/devkitARM/lib/gcc/arm-none-eabi/15.2.0/../../../../arm-none-eabi/lib/armv6k/fpu/libc.a(libc_a-qsort.o)
                0x0011a6dc                qsort
 .text._ftello_r
                0x0011afc4      0x1c4 /opt/devkitpro/devkitARM/lib/gcc/arm-none-eabi/15.2.0/../../../../arm-none-eabi/lib/armv6k/fpu/libc.a(libc_a-ftello.o)
                0x0011afc4                _ftello_r
 .text._malloc_r
                0x0011b188      0x82c /opt/devkitpro/devkitARM/lib/gcc/arm-none-eabi/15.2.0/../../../../arm-none-eabi/lib/armv6k/fpu/libc.a(libc_a-mallocr.o)
                0x0011b188                _malloc_r
 .text._malloc_trim_r
                0x0011b9b4      0x114 /opt/devkitpro/devkitARM/lib/gcc/arm-none-eabi/15.2.0/../../../../arm-none-eabi/lib/armv6k/fpu/libc.a(libc_a-freer.o)
                0x0011b9b4                _malloc_trim_r
 .text._free_r  0x0011bac8      0x314 /opt/devkitpro/devkitARM/lib/gcc/arm-none-eabi/15.2.0/../../../../arm-none-eabi/lib/armv6k/fpu/libc.a(libc_a-freer.o)
                0x0011bac8                _free_r
 .text.setvbuf  0x0011bddc      0x294 /opt/devkitpro/devkitARM/lib/gcc/arm-none-eabi/15.2.0/../../../../arm-none-eabi/lib/armv6k/fpu/libc.a(libc_a-setvbuf.o)
                0x0011bddc                setvbuf
 .text.get_arg  0x0011c070       0x50 /opt/devkitpro/devkitARM/lib/gcc/arm-none-eabi/15.2.0/../../../../arm-none-eabi/lib/armv6k/fpu/libc.a(libc_a-svfiscanf.o)
 .text._sungetc_r
                0x0011c0c0       0xe4 /opt/devkitpro/devkitARM/lib/gcc/arm-none-eabi/15.2.0/../../../../arm-none-eabi/lib/armv6k/fpu/libc.a(libc_a-svfiscanf.o)
                0x0011c0c0                _sungetc_r
 .text.__ssrefill_r
                0x0011c1a4       0x6c /opt/devkitpro/devkitARM/lib/gcc/arm-none-eabi/15.2.0/../../../../arm-none-eabi/lib/armv6k/fpu/libc.a(libc_a-svfiscanf.o)
                0x0011c1a4                __ssrefill_r
 .text._sfread_r
                0x0011c210       0xb4 /opt/devkitpro/devkitARM/lib/gcc/arm-none-eabi/15.2.0/../../../../arm-none-eabi/lib/armv6k/fpu/libc.a(libc_a-svfiscanf.o)
                0x0011c210                _sfread_r
 .text.__ssvfiscanf_r
                0x0011c2c4     0x22c4 /opt/devkitpro/devkitARM/lib/gcc/arm-none-eabi/15.2.0/../../../../arm-none-eabi/lib/armv6k/fpu/libc.a(libc_a-svfiscanf.o)
                0x0011c2c4                __ssvfiscanf_r
 .text.stdio_exit_handler
                0x0011e588       0x1c /opt/devkitpro/devkitARM/lib/gcc/arm-none-eabi/15.2.0/../../../../arm-none-eabi/lib/armv6k/fpu/libc.a(libc_a-findfp.o)
 .text.cleanup_stdio
                0x0011e5a4       0x5c /opt/devkitpro/devkitARM/lib/gcc/arm-none-eabi/15.2.0/../../../../arm-none-eabi/lib/armv6k/fpu/libc.a(libc_a-findfp.o)
 .text.global_stdio_init.part.0
                0x0011e600      0x154 /opt/devkitpro/devkitARM/lib/gcc/arm-none-eabi/15.2.0/../../../../arm-none-eabi/lib/armv6k/fpu/libc.a(libc_a-findfp.o)
 .text.__sfp    0x0011e754      0x138 /opt/devkitpro/devkitARM/lib/gcc/arm-none-eabi/15.2.0/../../../../arm-none-eabi/lib/armv6k/fpu/libc.a(libc_a-findfp.o)
                0x0011e754                __sfp
 .text.__sinit  0x0011e88c       0x5c /opt/devkitpro/devkitARM/lib/gcc/arm-none-eabi/15.2.0/../../../../arm-none-eabi/lib/armv6k/fpu/libc.a(libc_a-findfp.o)
                0x0011e88c                __sinit
 .text.__sfp_lock_acquire
                0x0011e8e8        0xc /opt/devkitpro/devkitARM/lib/gcc/arm-none-eabi/15.2.0/../../../../arm-none-eabi/lib/armv6k/fpu/libc.a(libc_a-findfp.o)
                0x0011e8e8                __sfp_lock_acquire
 .text.__sfp_lock_release
                0x0011e8f4        0xc /opt/devkitpro/devkitARM/lib/gcc/arm-none-eabi/15.2.0/../../../../arm-none-eabi/lib/armv6k/fpu/libc.a(libc_a-findfp.o)
                0x0011e8f4                __sfp_lock_release
 .text.atoi     0x0011e900        0xc /opt/devkitpro/devkitARM/lib/gcc/arm-none-eabi/15.2.0/../../../../arm-none-eabi/lib/armv6k/fpu/libc.a(libc_a-atoi.o)
                0x0011e900                atoi
 .text._strtol_l.part.0
                0x0011e90c      0x384 /opt/devkitpro/devkitARM/lib/gcc/arm-none-eabi/15.2.0/../../../../arm-none-eabi/lib/armv6k/fpu/libc.a(libc_a-strtol.o)
 .text._strtol_r
                0x0011ec90       0x6c /opt/devkitpro/devkitARM/lib/gcc/arm-none-eabi/15.2.0/../../../../arm-none-eabi/lib/armv6k/fpu/libc.a(libc_a-strtol.o)
                0x0011ec90                _strtol_r
 .text.strtol   0x0011ecfc       0x74 /opt/devkitpro/devkitARM/lib/gcc/arm-none-eabi/15.2.0/../../../../arm-none-eabi/lib/armv6k/fpu/libc.a(libc_a-strtol.o)
                0x0011ecfc                strtol
 .text.__libc_init_array
                0x0011ed70       0x84 /opt/devkitpro/devkitARM/lib/gcc/arm-none-eabi/15.2.0/../../../../arm-none-eabi/lib/armv6k/fpu/libc.a(libc_a-init.o)
                0x0011ed70                __libc_init_array
 .text.rename   0x0011edf4       0x28 /opt/devkitpro/devkitARM/lib/gcc/arm-none-eabi/15.2.0/../../../../arm-none-eabi/lib/armv6k/fpu/libc.a(libc_a-rename.o)
                0x0011edf4                rename
 .text.strncpy  0x0011ee1c       0xd4 /opt/devkitpro/devkitARM/lib/gcc/arm-none-eabi/15.2.0/../../../../arm-none-eabi/lib/armv6k/fpu/libc.a(libc_a-strncpy.o)
                0x0011ee1c                strncpy
 .text._fseek_r
                0x0011eef0       0x1c /opt/devkitpro/devkitARM/lib/gcc/arm-none-eabi/15.2.0/../../../../arm-none-eabi/lib/armv6k/fpu/libc.a(libc_a-fseek.o)
                0x0011eef0                _fseek_r
 .text.fseek    0x0011ef0c       0x34 /opt/devkitpro/devkitARM/lib/gcc/arm-none-eabi/15.2.0/../../../../arm-none-eabi/lib/armv6k/fpu/libc.a(libc_a-fseek.o)
                0x0011ef0c                fseek
 .text.malloc   0x0011ef40       0x40 /opt/devkitpro/devkitARM/lib/gcc/arm-none-eabi/15.2.0/../../../../arm-none-eabi/lib/armv6k/fpu/libc.a(libc_a-malloc.o)
                0x0011ef40                malloc
 .text.free     0x0011ef80       0x20 /opt/devkitpro/devkitARM/lib/gcc/arm-none-eabi/15.2.0/../../../../arm-none-eabi/lib/armv6k/fpu/libc.a(libc_a-malloc.o)
                0x0011ef80                free
 .text.memchr   0x0011efa0       0xe8 /opt/devkitpro/devkitARM/lib/gcc/arm-none-eabi/15.2.0/../../../../arm-none-eabi/lib/armv6k/fpu/libc.a(libc_a-memchr-stub.o)
                0x0011efa0                memchr
 .text.strrchr  0x0011f088       0x48 /opt/devkitpro/devkitARM/lib/gcc/arm-none-eabi/15.2.0/../../../../arm-none-eabi/lib/armv6k/fpu/libc.a(libc_a-strrchr.o)
                0x0011f088                strrchr
 .text._puts_r  0x0011f0d0       0xe0 /opt/devkitpro/devkitARM/lib/gcc/arm-none-eabi/15.2.0/../../../../arm-none-eabi/lib/armv6k/fpu/libc.a(libc_a-puts.o)
                0x0011f0d0                _puts_r
 .text.puts     0x0011f1b0       0x20 /opt/devkitpro/devkitARM/lib/gcc/arm-none-eabi/15.2.0/../../../../arm-none-eabi/lib/armv6k/fpu/libc.a(libc_a-puts.o)
                0x0011f1b0                puts
 .text._findenv_r
                0x0011f1d0       0xdc /opt/devkitpro/devkitARM/lib/gcc/arm-none-eabi/15.2.0/../../../../arm-none-eabi/lib/armv6k/fpu/libc.a(libc_a-getenv_r.o)
                0x0011f1d0                _findenv_r
 .text._getenv_r
                0x0011f2ac       0x18 /opt/devkitpro/devkitARM/lib/gcc/arm-none-eabi/15.2.0/../../../../arm-none-eabi/lib/armv6k/fpu/libc.a(libc_a-getenv_r.o)
                0x0011f2ac                _getenv_r
 .text._localeconv_r
                0x0011f2c4       0x24 /opt/devkitpro/devkitARM/lib/gcc/arm-none-eabi/15.2.0/../../../../arm-none-eabi/lib/armv6k/fpu/libc.a(libc_a-localeconv.o)
                0x0011f2c4                _localeconv_r
 .text.__sread  0x0011f2e8       0x44 /opt/devkitpro/devkitARM/lib/gcc/arm-none-eabi/15.2.0/../../../../arm-none-eabi/lib/armv6k/fpu/libc.a(libc_a-stdio.o)
                0x0011f2e8                __sread
 .text.__seofread
                0x0011f32c        0x8 /opt/devkitpro/devkitARM/lib/gcc/arm-none-eabi/15.2.0/../../../../arm-none-eabi/lib/armv6k/fpu/libc.a(libc_a-stdio.o)
                0x0011f32c                __seofread
 .text.__swrite
                0x0011f334       0x68 /opt/devkitpro/devkitARM/lib/gcc/arm-none-eabi/15.2.0/../../../../arm-none-eabi/lib/armv6k/fpu/libc.a(libc_a-stdio.o)
                0x0011f334                __swrite
 .text.__sseek  0x0011f39c       0x40 /opt/devkitpro/devkitARM/lib/gcc/arm-none-eabi/15.2.0/../../../../arm-none-eabi/lib/armv6k/fpu/libc.a(libc_a-stdio.o)
                0x0011f39c                __sseek
 .text.__sclose
                0x0011f3dc        0x8 /opt/devkitpro/devkitARM/lib/gcc/arm-none-eabi/15.2.0/../../../../arm-none-eabi/lib/armv6k/fpu/libc.a(libc_a-stdio.o)
                0x0011f3dc                __sclose
 .text.memmove  0x0011f3e4      0x1a8 /opt/devkitpro/devkitARM/lib/gcc/arm-none-eabi/15.2.0/../../../../arm-none-eabi/lib/armv6k/fpu/libc.a(libc_a-memmove.o)
                0x0011f3e4                memmove
 .text._realloc_r
                0x0011f58c      0x4f0 /opt/devkitpro/devkitARM/lib/gcc/arm-none-eabi/15.2.0/../../../../arm-none-eabi/lib/armv6k/fpu/libc.a(libc_a-reallocr.o)
                0x0011f58c                _realloc_r
 .text._fputs_r
                0x0011fa7c       0xc0 /opt/devkitpro/devkitARM/lib/gcc/arm-none-eabi/15.2.0/../../../../arm-none-eabi/lib/armv6k/fpu/libc.a(libc_a-fputs.o)
                0x0011fa7c                _fputs_r
 .text.fputs    0x0011fb3c       0x28 /opt/devkitpro/devkitARM/lib/gcc/arm-none-eabi/15.2.0/../../../../arm-none-eabi/lib/armv6k/fpu/libc.a(libc_a-fputs.o)
                0x0011fb3c                fputs
 .text.__malloc_lock
                0x0011fb64        0xc /opt/devkitpro/devkitARM/lib/gcc/arm-none-eabi/15.2.0/../../../../arm-none-eabi/lib/armv6k/fpu/libc.a(libc_a-mlock.o)
                0x0011fb64                __malloc_lock
 .text.__malloc_unlock
                0x0011fb70        0xc /opt/devkitpro/devkitARM/lib/gcc/arm-none-eabi/15.2.0/../../../../arm-none-eabi/lib/armv6k/fpu/libc.a(libc_a-mlock.o)
                0x0011fb70                __malloc_unlock
 .text._fseeko_r
                0x0011fb7c      0x588 /opt/devkitpro/devkitARM/lib/gcc/arm-none-eabi/15.2.0/../../../../arm-none-eabi/lib/armv6k/fpu/libc.a(libc_a-fseeko.o)
                0x0011fb7c                _fseeko_r
 .text._fclose_r
                0x00120104      0x148 /opt/devkitpro/devkitARM/lib/gcc/arm-none-eabi/15.2.0/../../../../arm-none-eabi/lib/armv6k/fpu/libc.a(libc_a-fclose.o)
                0x00120104                _fclose_r
 .text.fclose   0x0012024c       0x20 /opt/devkitpro/devkitARM/lib/gcc/arm-none-eabi/15.2.0/../../../../arm-none-eabi/lib/armv6k/fpu/libc.a(libc_a-fclose.o)
                0x0012024c                fclose
 .text.time     0x0012026c       0x48 /opt/devkitpro/devkitARM/lib/gcc/arm-none-eabi/15.2.0/../../../../arm-none-eabi/lib/armv6k/fpu/libc.a(libc_a-time.o)
                0x0012026c                time
 .text.putchar  0x001202b4       0x24 /opt/devkitpro/devkitARM/lib/gcc/arm-none-eabi/15.2.0/../../../../arm-none-eabi/lib/armv6k/fpu/libc.a(libc_a-putchar.o)
                0x001202b4                putchar
 .text.fprintf  0x001202d8       0x3c /opt/devkitpro/devkitARM/lib/gcc/arm-none-eabi/15.2.0/../../../../arm-none-eabi/lib/armv6k/fpu/libc.a(libc_a-fprintf.o)
                0x001202d8                fprintf
 .text.__call_exitprocs
                0x00120314        0x4 /opt/devkitpro/devkitARM/lib/gcc/arm-none-eabi/15.2.0/../../../../arm-none-eabi/lib/armv6k/fpu/libc.a(libc_a-exit.o)
                0x00120314                __call_exitprocs
 .text.exit     0x00120318       0x30 /opt/devkitpro/devkitARM/lib/gcc/arm-none-eabi/15.2.0/../../../../arm-none-eabi/lib/armv6k/fpu/libc.a(libc_a-exit.o)
                0x00120318                exit
 .text.get_arg  0x00120348      0x5e0 /opt/devkitpro/devkitARM/lib/gcc/arm-none-eabi/15.2.0/../../../../arm-none-eabi/lib/armv6k/fpu/libc.a(libc_a-svfprintf.o)
 .text._svfprintf_r
                0x00120928     0x345c /opt/devkitpro/devkitARM/lib/gcc/arm-none-eabi/15.2.0/../../../../arm-none-eabi/lib/armv6k/fpu/libc.a(libc_a-svfprintf.o)
                0x00120928                _svfprintf_r
 .text.__sflags
                0x00123d84       0xb8 /opt/devkitpro/devkitARM/lib/gcc/arm-none-eabi/15.2.0/../../../../arm-none-eabi/lib/armv6k/fpu/libc.a(libc_a-flags.o)
                0x00123d84                __sflags
 .text.stat     0x00123e3c       0x28 /opt/devkitpro/devkitARM/lib/gcc/arm-none-eabi/15.2.0/../../../../arm-none-eabi/lib/armv6k/fpu/libc.a(libc_a-sysstat.o)
                0x00123e3c                stat
 .text.__utf8_wctomb
                0x00123e64       0xf8 /opt/devkitpro/devkitARM/lib/gcc/arm-none-eabi/15.2.0/../../../../arm-none-eabi/lib/armv6k/fpu/libc.a(libc_a-wctomb_r.o)
                0x00123e64                __utf8_wctomb
 .text.__libc_fini_array
                0x00123f5c       0x3c /opt/devkitpro/devkitARM/lib/gcc/arm-none-eabi/15.2.0/../../../../arm-none-eabi/lib/armv6k/fpu/libc.a(libc_a-fini.o)
                0x00123f5c                __libc_fini_array
 .text.strnlen  0x00123f98       0x3c /opt/devkitpro/devkitARM/lib/gcc/arm-none-eabi/15.2.0/../../../../arm-none-eabi/lib/armv6k/fpu/libc.a(libc_a-strnlen.o)
                0x00123f98                strnlen
 .text.gmtime_r
                0x00123fd4      0x25c /opt/devkitpro/devkitARM/lib/gcc/arm-none-eabi/15.2.0/../../../../arm-none-eabi/lib/armv6k/fpu/libc.a(libc_a-gmtime_r.o)
                0x00123fd4                gmtime_r
 .text.rewind   0x00124230       0x2c /opt/devkitpro/devkitARM/lib/gcc/arm-none-eabi/15.2.0/../../../../arm-none-eabi/lib/armv6k/fpu/libc.a(libc_a-rewind.o)
                0x00124230                rewind
 .text.strncmp  0x0012425c       0xd8 /opt/devkitpro/devkitARM/lib/gcc/arm-none-eabi/15.2.0/../../../../arm-none-eabi/lib/armv6k/fpu/libc.a(libc_a-strncmp.o)
                0x0012425c                strncmp
 .text.__match  0x00124334       0x70 /opt/devkitpro/devkitARM/lib/gcc/arm-none-eabi/15.2.0/../../../../arm-none-eabi/lib/armv6k/fpu/libc.a(libc_a-gdtoa-hexnan.o)
                0x00124334                __match
 .text.__hexnan
                0x001243a4      0x2a8 /opt/devkitpro/devkitARM/lib/gcc/arm-none-eabi/15.2.0/../../../../arm-none-eabi/lib/armv6k/fpu/libc.a(libc_a-gdtoa-hexnan.o)
                0x001243a4                __hexnan
 .text.sprintf  0x0012464c       0x68 /opt/devkitpro/devkitARM/lib/gcc/arm-none-eabi/15.2.0/../../../../arm-none-eabi/lib/armv6k/fpu/libc.a(libc_a-sprintf.o)
                0x0012464c                sprintf
 .text.__strtok_r
                0x001246b4       0xbc /opt/devkitpro/devkitARM/lib/gcc/arm-none-eabi/15.2.0/../../../../arm-none-eabi/lib/armv6k/fpu/libc.a(libc_a-strtok_r.o)
                0x001246b4                __strtok_r
 .text.strtok_r
                0x00124770        0x8 /opt/devkitpro/devkitARM/lib/gcc/arm-none-eabi/15.2.0/../../../../arm-none-eabi/lib/armv6k/fpu/libc.a(libc_a-strtok_r.o)
                0x00124770                strtok_r
 .text.iso_year_adjust
                0x00124778      0x140 /opt/devkitpro/devkitARM/lib/gcc/arm-none-eabi/15.2.0/../../../../arm-none-eabi/lib/armv6k/fpu/libc.a(libc_a-strftime.o)
 .text.__strftime.isra.0
                0x001248b8     0x1118 /opt/devkitpro/devkitARM/lib/gcc/arm-none-eabi/15.2.0/../../../../arm-none-eabi/lib/armv6k/fpu/libc.a(libc_a-strftime.o)
 .text.strftime
                0x001259d0       0x38 /opt/devkitpro/devkitARM/lib/gcc/arm-none-eabi/15.2.0/../../../../arm-none-eabi/lib/armv6k/fpu/libc.a(libc_a-strftime.o)
                0x001259d0                strftime
 .text.lflush   0x00125a08       0x38 /opt/devkitpro/devkitARM/lib/gcc/arm-none-eabi/15.2.0/../../../../arm-none-eabi/lib/armv6k/fpu/libc.a(libc_a-refill.o)
 .text.__srefill_r
                0x00125a40      0x1a8 /opt/devkitpro/devkitARM/lib/gcc/arm-none-eabi/15.2.0/../../../../arm-none-eabi/lib/armv6k/fpu/libc.a(libc_a-refill.o)
                0x00125a40                __srefill_r
 .text.nan      0x00125be8       0x10 /opt/devkitpro/devkitARM/lib/gcc/arm-none-eabi/15.2.0/../../../../arm-none-eabi/lib/armv6k/fpu/libc.a(libm_a-s_nan.o)
                0x00125be8                nan
 .text.nanf     0x00125bf8        0xc /opt/devkitpro/devkitARM/lib/gcc/arm-none-eabi/15.2.0/../../../../arm-none-eabi/lib/armv6k/fpu/libc.a(libm_a-sf_nan.o)
                0x00125bf8                nanf
 *fill*         0x00125c04        0x4 
 .text.frexp    0x00125c08       0x88 /opt/devkitpro/devkitARM/lib/gcc/arm-none-eabi/15.2.0/../../../../arm-none-eabi/lib/armv6k/fpu/libc.a(libm_a-s_frexp.o)
                0x00125c08                frexp
 .text.stpncpy  0x00125c90       0xdc /opt/devkitpro/devkitARM/lib/gcc/arm-none-eabi/15.2.0/../../../../arm-none-eabi/lib/armv6k/fpu/libc.a(libc_a-stpncpy.o)
                0x00125c90                stpncpy
 .text.__env_lock
                0x00125d6c        0xc /opt/devkitpro/devkitARM/lib/gcc/arm-none-eabi/15.2.0/../../../../arm-none-eabi/lib/armv6k/fpu/libc.a(libc_a-envlock.o)
                0x00125d6c                __env_lock
 .text.__env_unlock
                0x00125d78        0xc /opt/devkitpro/devkitARM/lib/gcc/arm-none-eabi/15.2.0/../../../../arm-none-eabi/lib/armv6k/fpu/libc.a(libc_a-envlock.o)
                0x00125d78                __env_unlock
 .text.__assert_func
                0x00125d84       0x5c /opt/devkitpro/devkitARM/lib/gcc/arm-none-eabi/15.2.0/../../../../arm-none-eabi/lib/armv6k/fpu/libc.a(libc_a-assert.o)
                0x00125d84                __assert_func
 .text.iswspace
                0x00125de0        0x8 /opt/devkitpro/devkitARM/lib/gcc/arm-none-eabi/15.2.0/../../../../arm-none-eabi/lib/armv6k/fpu/libc.a(libc_a-iswspace.o)
                0x00125de0                iswspace
 .text._Balloc  0x00125de8       0x88 /opt/devkitpro/devkitARM/lib/gcc/arm-none-eabi/15.2.0/../../../../arm-none-eabi/lib/armv6k/fpu/libc.a(libc_a-mprec.o)
                0x00125de8                _Balloc
 .text._Bfree   0x00125e70       0x1c /opt/devkitpro/devkitARM/lib/gcc/arm-none-eabi/15.2.0/../../../../arm-none-eabi/lib/armv6k/fpu/libc.a(libc_a-mprec.o)
                0x00125e70                _Bfree
 .text.__multadd
                0x00125e8c       0xf4 /opt/devkitpro/devkitARM/lib/gcc/arm-none-eabi/15.2.0/../../../../arm-none-eabi/lib/armv6k/fpu/libc.a(libc_a-mprec.o)
                0x00125e8c                __multadd
 .text.__s2b    0x00125f80      0x10c /opt/devkitpro/devkitARM/lib/gcc/arm-none-eabi/15.2.0/../../../../arm-none-eabi/lib/armv6k/fpu/libc.a(libc_a-mprec.o)
                0x00125f80                __s2b
 .text.__hi0bits
                0x0012608c       0x80 /opt/devkitpro/devkitARM/lib/gcc/arm-none-eabi/15.2.0/../../../../arm-none-eabi/lib/armv6k/fpu/libc.a(libc_a-mprec.o)
                0x0012608c                __hi0bits
 .text.__lo0bits
                0x0012610c       0xf0 /opt/devkitpro/devkitARM/lib/gcc/arm-none-eabi/15.2.0/../../../../arm-none-eabi/lib/armv6k/fpu/libc.a(libc_a-mprec.o)
                0x0012610c                __lo0bits
 .text.__i2b    0x001261fc       0xa4 /opt/devkitpro/devkitARM/lib/gcc/arm-none-eabi/15.2.0/../../../../arm-none-eabi/lib/armv6k/fpu/libc.a(libc_a-mprec.o)
                0x001261fc                __i2b
 .text.__multiply
                0x001262a0      0x230 /opt/devkitpro/devkitARM/lib/gcc/arm-none-eabi/15.2.0/../../../../arm-none-eabi/lib/armv6k/fpu/libc.a(libc_a-mprec.o)
                0x001262a0                __multiply
 .text.__pow5mult
                0x001264d0      0x130 /opt/devkitpro/devkitARM/lib/gcc/arm-none-eabi/15.2.0/../../../../arm-none-eabi/lib/armv6k/fpu/libc.a(libc_a-mprec.o)
                0x001264d0                __pow5mult
 .text.__lshift
                0x00126600      0x138 /opt/devkitpro/devkitARM/lib/gcc/arm-none-eabi/15.2.0/../../../../arm-none-eabi/lib/armv6k/fpu/libc.a(libc_a-mprec.o)
                0x00126600                __lshift
 .text.__mcmp   0x00126738       0x58 /opt/devkitpro/devkitARM/lib/gcc/arm-none-eabi/15.2.0/../../../../arm-none-eabi/lib/armv6k/fpu/libc.a(libc_a-mprec.o)
                0x00126738                __mcmp
 .text.__mdiff  0x00126790      0x218 /opt/devkitpro/devkitARM/lib/gcc/arm-none-eabi/15.2.0/../../../../arm-none-eabi/lib/armv6k/fpu/libc.a(libc_a-mprec.o)
                0x00126790                __mdiff
 .text.__ulp    0x001269a8       0x68 /opt/devkitpro/devkitARM/lib/gcc/arm-none-eabi/15.2.0/../../../../arm-none-eabi/lib/armv6k/fpu/libc.a(libc_a-mprec.o)
                0x001269a8                __ulp
 .text.__b2d    0x00126a10       0xd4 /opt/devkitpro/devkitARM/lib/gcc/arm-none-eabi/15.2.0/../../../../arm-none-eabi/lib/armv6k/fpu/libc.a(libc_a-mprec.o)
                0x00126a10                __b2d
 .text.__d2b    0x00126ae4      0x120 /opt/devkitpro/devkitARM/lib/gcc/arm-none-eabi/15.2.0/../../../../arm-none-eabi/lib/armv6k/fpu/libc.a(libc_a-mprec.o)
                0x00126ae4                __d2b
 .text.__ratio  0x00126c04       0x78 /opt/devkitpro/devkitARM/lib/gcc/arm-none-eabi/15.2.0/../../../../arm-none-eabi/lib/armv6k/fpu/libc.a(libc_a-mprec.o)
                0x00126c04                __ratio
 .text.__copybits
                0x00126c7c       0x8c /opt/devkitpro/devkitARM/lib/gcc/arm-none-eabi/15.2.0/../../../../arm-none-eabi/lib/armv6k/fpu/libc.a(libc_a-mprec.o)
                0x00126c7c                __copybits
 .text.__any_on
                0x00126d08       0x5c /opt/devkitpro/devkitARM/lib/gcc/arm-none-eabi/15.2.0/../../../../arm-none-eabi/lib/armv6k/fpu/libc.a(libc_a-mprec.o)
                0x00126d08                __any_on
 .text.abs      0x00126d64        0xc /opt/devkitpro/devkitARM/lib/gcc/arm-none-eabi/15.2.0/../../../../arm-none-eabi/lib/armv6k/fpu/libc.a(libc_a-abs.o)
                0x00126d64                abs
 .text._fwalk_sglue
                0x00126d70       0x70 /opt/devkitpro/devkitARM/lib/gcc/arm-none-eabi/15.2.0/../../../../arm-none-eabi/lib/armv6k/fpu/libc.a(libc_a-fwalk.o)
                0x00126d70                _fwalk_sglue
 .text.get_arg  0x00126de0      0x5e0 /opt/devkitpro/devkitARM/lib/gcc/arm-none-eabi/15.2.0/../../../../arm-none-eabi/lib/armv6k/fpu/libc.a(libc_a-vfprintf.o)
 .text._vfprintf_r
                0x001273c0     0x3554 /opt/devkitpro/devkitARM/lib/gcc/arm-none-eabi/15.2.0/../../../../arm-none-eabi/lib/armv6k/fpu/libc.a(libc_a-vfprintf.o)
                0x001273c0                _vfprintf_r
 .text.__sbprintf
                0x0012a914       0xb4 /opt/devkitpro/devkitARM/lib/gcc/arm-none-eabi/15.2.0/../../../../arm-none-eabi/lib/armv6k/fpu/libc.a(libc_a-vfprintf.o)
 .text._wcrtomb_r
                0x0012a9c8       0xa0 /opt/devkitpro/devkitARM/lib/gcc/arm-none-eabi/15.2.0/../../../../arm-none-eabi/lib/armv6k/fpu/libc.a(libc_a-wcrtomb.o)
                0x0012a9c8                _wcrtomb_r
 .text.get_arg  0x0012aa68      0x5e0 /opt/devkitpro/devkitARM/lib/gcc/arm-none-eabi/15.2.0/../../../../arm-none-eabi/lib/armv6k/fpu/libc.a(libc_a-svfiprintf.o)
 .text._svfiprintf_r
                0x0012b048     0x226c /opt/devkitpro/devkitARM/lib/gcc/arm-none-eabi/15.2.0/../../../../arm-none-eabi/lib/armv6k/fpu/libc.a(libc_a-svfiprintf.o)
                0x0012b048                _svfiprintf_r
 .text.__submore
                0x0012d2b4       0xb8 /opt/devkitpro/devkitARM/lib/gcc/arm-none-eabi/15.2.0/../../../../arm-none-eabi/lib/armv6k/fpu/libc.a(libc_a-ungetc.o)
                0x0012d2b4                __submore
 .text.__ssprint_r
                0x0012d36c       0xa4 /opt/devkitpro/devkitARM/lib/gcc/arm-none-eabi/15.2.0/../../../../arm-none-eabi/lib/armv6k/fpu/libc.a(libc_a-ssprint_r.o)
                0x0012d36c                __ssprint_r
 .text.__utf8_mbtowc
                0x0012d410      0x340 /opt/devkitpro/devkitARM/lib/gcc/arm-none-eabi/15.2.0/../../../../arm-none-eabi/lib/armv6k/fpu/libc.a(libc_a-mbtowc_r.o)
                0x0012d410                __utf8_mbtowc
 .text.fiprintf
                0x0012d750       0x3c /opt/devkitpro/devkitARM/lib/gcc/arm-none-eabi/15.2.0/../../../../arm-none-eabi/lib/armv6k/fpu/libc.a(libc_a-fiprintf.o)
                0x0012d750                fiprintf
 .text.__sfvwrite_r
                0x0012d78c      0x4a4 /opt/devkitpro/devkitARM/lib/gcc/arm-none-eabi/15.2.0/../../../../arm-none-eabi/lib/armv6k/fpu/libc.a(libc_a-fvwrite.o)
                0x0012d78c                __sfvwrite_r
 .text.__tz_lock
                0x0012dc30        0xc /opt/devkitpro/devkitARM/lib/gcc/arm-none-eabi/15.2.0/../../../../arm-none-eabi/lib/armv6k/fpu/libc.a(libc_a-tzlock.o)
                0x0012dc30                __tz_lock
 .text.__tz_unlock
                0x0012dc3c        0xc /opt/devkitpro/devkitARM/lib/gcc/arm-none-eabi/15.2.0/../../../../arm-none-eabi/lib/armv6k/fpu/libc.a(libc_a-tzlock.o)
                0x0012dc3c                __tz_unlock
 .text.labs     0x0012dc48        0xc /opt/devkitpro/devkitARM/lib/gcc/arm-none-eabi/15.2.0/../../../../arm-none-eabi/lib/armv6k/fpu/libc.a(libc_a-labs.o)
                0x0012dc48                labs
 .text.abort    0x0012dc54       0x14 /opt/devkitpro/devkitARM/lib/gcc/arm-none-eabi/15.2.0/../../../../arm-none-eabi/lib/armv6k/fpu/libc.a(libc_a-abort.o)
                0x0012dc54                abort
 .text.strcpy   0x0012dc68       0xf0 /opt/devkitpro/devkitARM/lib/gcc/arm-none-eabi/15.2.0/../../../../arm-none-eabi/lib/armv6k/fpu/libc.a(libc_a-strcpy.o)
                0x0012dc68                strcpy
 .text.__sprint_r
                0x0012dd58       0x30 /opt/devkitpro/devkitARM/lib/gcc/arm-none-eabi/15.2.0/../../../../arm-none-eabi/lib/armv6k/fpu/libc.a(libc_a-sprint_r.o)
                0x0012dd58                __sprint_r
 .text._putc_r  0x0012dd88       0xfc /opt/devkitpro/devkitARM/lib/gcc/arm-none-eabi/15.2.0/../../../../arm-none-eabi/lib/armv6k/fpu/libc.a(libc_a-putc.o)
                0x0012dd88                _putc_r
 .text.quorem   0x0012de84      0x1c0 /opt/devkitpro/devkitARM/lib/gcc/arm-none-eabi/15.2.0/../../../../arm-none-eabi/lib/armv6k/fpu/libc.a(libc_a-dtoa.o)
 *fill*         0x0012e044        0x4 
 .text._dtoa_r  0x0012e048     0x1420 /opt/devkitpro/devkitARM/lib/gcc/arm-none-eabi/15.2.0/../../../../arm-none-eabi/lib/armv6k/fpu/libc.a(libc_a-dtoa.o)
                0x0012e048                _dtoa_r
 .text.__swbuf_r
                0x0012f468      0x124 /opt/devkitpro/devkitARM/lib/gcc/arm-none-eabi/15.2.0/../../../../arm-none-eabi/lib/armv6k/fpu/libc.a(libc_a-wbuf.o)
                0x0012f468                __swbuf_r
 .text._tzset_unlocked
                0x0012f58c       0x10 /opt/devkitpro/devkitARM/lib/gcc/arm-none-eabi/15.2.0/../../../../arm-none-eabi/lib/armv6k/fpu/libc.a(libc_a-tzset.o)
                0x0012f58c                _tzset_unlocked
 .text._wcsrtombs_r
                0x0012f59c       0x28 /opt/devkitpro/devkitARM/lib/gcc/arm-none-eabi/15.2.0/../../../../arm-none-eabi/lib/armv6k/fpu/libc.a(libc_a-wcsrtombs.o)
                0x0012f59c                _wcsrtombs_r
 .text.__swsetup_r
                0x0012f5c4      0x140 /opt/devkitpro/devkitARM/lib/gcc/arm-none-eabi/15.2.0/../../../../arm-none-eabi/lib/armv6k/fpu/libc.a(libc_a-wsetup.o)
                0x0012f5c4                __swsetup_r
 .text.__gettzinfo
                0x0012f704        0xc /opt/devkitpro/devkitARM/lib/gcc/arm-none-eabi/15.2.0/../../../../arm-none-eabi/lib/armv6k/fpu/libc.a(libc_a-gettzinfo.o)
                0x0012f704                __gettzinfo
 .text.iswspace_l
                0x0012f710       0x38 /opt/devkitpro/devkitARM/lib/gcc/arm-none-eabi/15.2.0/../../../../arm-none-eabi/lib/armv6k/fpu/libc.a(libc_a-iswspace_l.o)
                0x0012f710                iswspace_l
 .text.__ssputs_r
                0x0012f748      0x12c /opt/devkitpro/devkitARM/lib/gcc/arm-none-eabi/15.2.0/../../../../arm-none-eabi/lib/armv6k/fpu/libc.a(libc_a-ssputs_r.o)
                0x0012f748                __ssputs_r
 .text.get_arg  0x0012f874      0x5e0 /opt/devkitpro/devkitARM/lib/gcc/arm-none-eabi/15.2.0/../../../../arm-none-eabi/lib/armv6k/fpu/libc.a(libc_a-vfiprintf.o)
 .text._vfiprintf_r
                0x0012fe54     0x22f8 /opt/devkitpro/devkitARM/lib/gcc/arm-none-eabi/15.2.0/../../../../arm-none-eabi/lib/armv6k/fpu/libc.a(libc_a-vfiprintf.o)
                0x0012fe54                _vfiprintf_r
 .text.__sbprintf
                0x0013214c       0xb4 /opt/devkitpro/devkitARM/lib/gcc/arm-none-eabi/15.2.0/../../../../arm-none-eabi/lib/armv6k/fpu/libc.a(libc_a-vfiprintf.o)
 .text._tzset_unlocked_r
                0x00132200      0x648 /opt/devkitpro/devkitARM/lib/gcc/arm-none-eabi/15.2.0/../../../../arm-none-eabi/lib/armv6k/fpu/libc.a(libc_a-tzset_r.o)
                0x00132200                _tzset_unlocked_r
 .text._wcsnrtombs_l
                0x00132848      0x15c /opt/devkitpro/devkitARM/lib/gcc/arm-none-eabi/15.2.0/../../../../arm-none-eabi/lib/armv6k/fpu/libc.a(libc_a-wcsnrtombs.o)
                0x00132848                _wcsnrtombs_l
 .text._wcsnrtombs_r
                0x001329a4       0x64 /opt/devkitpro/devkitARM/lib/gcc/arm-none-eabi/15.2.0/../../../../arm-none-eabi/lib/armv6k/fpu/libc.a(libc_a-wcsnrtombs.o)
                0x001329a4                _wcsnrtombs_r
 .text.sniprintf
                0x00132a08       0xa0 /opt/devkitpro/devkitARM/lib/gcc/arm-none-eabi/15.2.0/../../../../arm-none-eabi/lib/armv6k/fpu/libc.a(libc_a-sniprintf.o)
                0x00132a08                sniprintf
 .text._raise_r
                0x00132aa8       0x9c /opt/devkitpro/devkitARM/lib/gcc/arm-none-eabi/15.2.0/../../../../arm-none-eabi/lib/armv6k/fpu/libc.a(libc_a-signal.o)
                0x00132aa8                _raise_r
 .text.raise    0x00132b44       0x20 /opt/devkitpro/devkitARM/lib/gcc/arm-none-eabi/15.2.0/../../../../arm-none-eabi/lib/armv6k/fpu/libc.a(libc_a-signal.o)
                0x00132b44                raise
 .text.category
                0x00132b64       0x90 /opt/devkitpro/devkitARM/lib/gcc/arm-none-eabi/15.2.0/../../../../arm-none-eabi/lib/armv6k/fpu/libc.a(libc_a-categories.o)
                0x00132b64                category
 .text.__tzcalc_limits
                0x00132bf4      0x258 /opt/devkitpro/devkitARM/lib/gcc/arm-none-eabi/15.2.0/../../../../arm-none-eabi/lib/armv6k/fpu/libc.a(libc_a-tzcalc_limits.o)
                0x00132bf4                __tzcalc_limits
 .text.siscanf  0x00132e4c       0x78 /opt/devkitpro/devkitARM/lib/gcc/arm-none-eabi/15.2.0/../../../../arm-none-eabi/lib/armv6k/fpu/libc.a(libc_a-siscanf.o)
                0x00132e4c                siscanf
 .text._exit    0x00132ec4       0x20 /opt/devkitpro/devkitARM/lib/gcc/arm-none-eabi/15.2.0/../../../../arm-none-eabi/lib/armv6k/fpu/libsysbase.a(libsysbase_libsysbase_a-_exit.o)
                0x00132ec4                _exit
 .text.chdir    0x00132ee4      0x140 /opt/devkitpro/devkitARM/lib/gcc/arm-none-eabi/15.2.0/../../../../arm-none-eabi/lib/armv6k/fpu/libsysbase.a(libsysbase_libsysbase_a-chdir.o)
                0x00132ee4                chdir
 .text._concatenate_path
                0x00133024      0x1c8 /opt/devkitpro/devkitARM/lib/gcc/arm-none-eabi/15.2.0/../../../../arm-none-eabi/lib/armv6k/fpu/libsysbase.a(libsysbase_libsysbase_a-concatenate.o)
                0x00133024                _concatenate_path
 .text.__dirnext
                0x001331ec       0x70 /opt/devkitpro/devkitARM/lib/gcc/arm-none-eabi/15.2.0/../../../../arm-none-eabi/lib/armv6k/fpu/libsysbase.a(libsysbase_libsysbase_a-dirent.o)
 .text.opendir  0x0013325c      0x114 /opt/devkitpro/devkitARM/lib/gcc/arm-none-eabi/15.2.0/../../../../arm-none-eabi/lib/armv6k/fpu/libsysbase.a(libsysbase_libsysbase_a-dirent.o)
                0x0013325c                opendir
 .text.closedir
                0x00133370       0x98 /opt/devkitpro/devkitARM/lib/gcc/arm-none-eabi/15.2.0/../../../../arm-none-eabi/lib/armv6k/fpu/libsysbase.a(libsysbase_libsysbase_a-dirent.o)
                0x00133370                closedir
 .text.readdir_r
                0x00133408       0xf8 /opt/devkitpro/devkitARM/lib/gcc/arm-none-eabi/15.2.0/../../../../arm-none-eabi/lib/armv6k/fpu/libsysbase.a(libsysbase_libsysbase_a-dirent.o)
                0x00133408                readdir_r
 .text.readdir  0x00133500       0x48 /opt/devkitpro/devkitARM/lib/gcc/arm-none-eabi/15.2.0/../../../../arm-none-eabi/lib/armv6k/fpu/libsysbase.a(libsysbase_libsysbase_a-dirent.o)
                0x00133500                readdir
 .text._fstat_r
                0x00133548       0x9c /opt/devkitpro/devkitARM/lib/gcc/arm-none-eabi/15.2.0/../../../../arm-none-eabi/lib/armv6k/fpu/libsysbase.a(libsysbase_libsysbase_a-fstat.o)
                0x00133548                _fstat_r
 .text._getpid_r
                0x001335e4       0x14 /opt/devkitpro/devkitARM/lib/gcc/arm-none-eabi/15.2.0/../../../../arm-none-eabi/lib/armv6k/fpu/libsysbase.a(libsysbase_libsysbase_a-getpid.o)
                0x001335e4                _getpid_r
 .text.__getreent
                0x001335f8       0x2c /opt/devkitpro/devkitARM/lib/gcc/arm-none-eabi/15.2.0/../../../../arm-none-eabi/lib/armv6k/fpu/libsysbase.a(libsysbase_libsysbase_a-getreent.o)
                0x001335f8                __getreent
 .text._gettimeofday_r
                0x00133624       0x30 /opt/devkitpro/devkitARM/lib/gcc/arm-none-eabi/15.2.0/../../../../arm-none-eabi/lib/armv6k/fpu/libsysbase.a(libsysbase_libsysbase_a-gettod.o)
                0x00133624                _gettimeofday_r
 .text.__release_handle
                0x00133654       0xa0 /opt/devkitpro/devkitARM/lib/gcc/arm-none-eabi/15.2.0/../../../../arm-none-eabi/lib/armv6k/fpu/libsysbase.a(libsysbase_libsysbase_a-handle_manager.o)
                0x00133654                __release_handle
 .text.__alloc_handle
                0x001336f4       0xb0 /opt/devkitpro/devkitARM/lib/gcc/arm-none-eabi/15.2.0/../../../../arm-none-eabi/lib/armv6k/fpu/libsysbase.a(libsysbase_libsysbase_a-handle_manager.o)
                0x001336f4                __alloc_handle
 .text.__get_handle
                0x001337a4       0x58 /opt/devkitpro/devkitARM/lib/gcc/arm-none-eabi/15.2.0/../../../../arm-none-eabi/lib/armv6k/fpu/libsysbase.a(libsysbase_libsysbase_a-handle_manager.o)
                0x001337a4                __get_handle
 .text._close_r
                0x001337fc      0x110 /opt/devkitpro/devkitARM/lib/gcc/arm-none-eabi/15.2.0/../../../../arm-none-eabi/lib/armv6k/fpu/libsysbase.a(libsysbase_libsysbase_a-handle_manager.o)
                0x001337fc                _close_r
 .text.null_write
                0x0013390c        0x8 /opt/devkitpro/devkitARM/lib/gcc/arm-none-eabi/15.2.0/../../../../arm-none-eabi/lib/armv6k/fpu/libsysbase.a(libsysbase_libsysbase_a-iosupport.o)
 .text.setDefaultDevice
                0x00133914       0x18 /opt/devkitpro/devkitARM/lib/gcc/arm-none-eabi/15.2.0/../../../../arm-none-eabi/lib/armv6k/fpu/libsysbase.a(libsysbase_libsysbase_a-iosupport.o)
                0x00133914                setDefaultDevice
 .text.FindDevice
                0x0013392c       0x98 /opt/devkitpro/devkitARM/lib/gcc/arm-none-eabi/15.2.0/../../../../arm-none-eabi/lib/armv6k/fpu/libsysbase.a(libsysbase_libsysbase_a-iosupport.o)
                0x0013392c                FindDevice
 .text.RemoveDevice
                0x001339c4       0x24 /opt/devkitpro/devkitARM/lib/gcc/arm-none-eabi/15.2.0/../../../../arm-none-eabi/lib/armv6k/fpu/libsysbase.a(libsysbase_libsysbase_a-iosupport.o)
                0x001339c4                RemoveDevice
 .text.AddDevice
                0x001339e8       0x88 /opt/devkitpro/devkitARM/lib/gcc/arm-none-eabi/15.2.0/../../../../arm-none-eabi/lib/armv6k/fpu/libsysbase.a(libsysbase_libsysbase_a-iosupport.o)
                0x001339e8                AddDevice
 .text.GetDeviceOpTab
                0x00133a70       0x20 /opt/devkitpro/devkitARM/lib/gcc/arm-none-eabi/15.2.0/../../../../arm-none-eabi/lib/armv6k/fpu/libsysbase.a(libsysbase_libsysbase_a-iosupport.o)
                0x00133a70                GetDeviceOpTab
 .text._isatty_r
                0x00133a90        0x8 /opt/devkitpro/devkitARM/lib/gcc/arm-none-eabi/15.2.0/../../../../arm-none-eabi/lib/armv6k/fpu/libsysbase.a(libsysbase_libsysbase_a-isatty.o)
                0x00133a90                _isatty_r
 .text._kill_r  0x00133a98       0x14 /opt/devkitpro/devkitARM/lib/gcc/arm-none-eabi/15.2.0/../../../../arm-none-eabi/lib/armv6k/fpu/libsysbase.a(libsysbase_libsysbase_a-kill.o)
                0x00133a98                _kill_r
 .text._lseek_r
                0x00133aac       0x94 /opt/devkitpro/devkitARM/lib/gcc/arm-none-eabi/15.2.0/../../../../arm-none-eabi/lib/armv6k/fpu/libsysbase.a(libsysbase_libsysbase_a-lseek.o)
                0x00133aac                _lseek_r
 .text.mkdir    0x00133b40       0x68 /opt/devkitpro/devkitARM/lib/gcc/arm-none-eabi/15.2.0/../../../../arm-none-eabi/lib/armv6k/fpu/libsysbase.a(libsysbase_libsysbase_a-mkdir.o)
                0x00133b40                mkdir
 .text._open_r  0x00133ba8       0xc0 /opt/devkitpro/devkitARM/lib/gcc/arm-none-eabi/15.2.0/../../../../arm-none-eabi/lib/armv6k/fpu/libsysbase.a(libsysbase_libsysbase_a-open.o)
                0x00133ba8                _open_r
 .text._read_r  0x00133c68       0x94 /opt/devkitpro/devkitARM/lib/gcc/arm-none-eabi/15.2.0/../../../../arm-none-eabi/lib/armv6k/fpu/libsysbase.a(libsysbase_libsysbase_a-read.o)
                0x00133c68                _read_r
 .text._rename_r
                0x00133cfc       0x88 /opt/devkitpro/devkitARM/lib/gcc/arm-none-eabi/15.2.0/../../../../arm-none-eabi/lib/armv6k/fpu/libsysbase.a(libsysbase_libsysbase_a-rename.o)
                0x00133cfc                _rename_r
 .text._rmdir_r
                0x00133d84       0x7c /opt/devkitpro/devkitARM/lib/gcc/arm-none-eabi/15.2.0/../../../../arm-none-eabi/lib/armv6k/fpu/libsysbase.a(libsysbase_libsysbase_a-rmdir.o)
                0x00133d84                _rmdir_r