Archive member included to satisfy reference by file (symbol)

/opt/devkitpro/libctru/lib/libctru.a(console.o)
                              build/main.o (consoleInit)
/opt/devkitpro/libctru/lib/libctru.a(gfx.o)
                              /opt/devkitpro/libctru/lib/libctru.a(console.o) (gfxIsWide)
/opt/devkitpro/libctru/lib/libctru.a(apt.o)
                              build/main.o (aptMainLoop)
/opt/devkitpro/libctru/lib/libctru.a(gspgpu.o)
                              /opt/devkitpro/libctru/lib/libctru.a(gfx.o) (gspInit)
/opt/devkitpro/libctru/lib/libctru.a(hid.o)
                              build/main.o (hidScanInput)
/opt/devkitpro/libctru/lib/libctru.a(irrst.o)
                              /opt/devkitpro/libctru/lib/libctru.a(hid.o) (irrstInit)
/opt/devkitpro/libctru/lib/libctru.a(soc_connect.o)
                              build/main.o (connect)
/opt/devkitpro/libctru/lib/libctru.a(soc_getaddrinfo.o)
                              build/main.o (freeaddrinfo)
/opt/devkitpro/libctru/lib/libctru.a(soc_init.o)
                              build/main.o (socInit)
/opt/devkitpro/libctru/lib/libctru.a(soc_recv.o)
                              build/main.o (recv)
/opt/devkitpro/libctru/lib/libctru.a(soc_recvfrom.o)
                              /opt/devkitpro/libctru/lib/libctru.a(soc_init.o) (soc_recvfrom)
/opt/devkitpro/libctru/lib/libctru.a(soc_send.o)
                              build/main.o (send)
/opt/devkitpro/libctru/lib/libctru.a(soc_sendto.o)
                              /opt/devkitpro/libctru/lib/libctru.a(soc_init.o) (soc_sendto)
/opt/devkitpro/libctru/lib/libctru.a(soc_socket.o)
                              build/main.o (socket)
/opt/devkitpro/libctru/lib/libctru.a(ctru_init.o)
                              /opt/devkitpro/libctru/lib/libctru.a(apt.o) (__system_retAddr)
/opt/devkitpro/libctru/lib/libctru.a(initArgv.o)
                              /opt/devkitpro/libctru/lib/libctru.a(ctru_init.o) (__system_initArgv)
/opt/devkitpro/libctru/lib/libctru.a(syscalls.o)
                              /opt/devkitpro/libctru/lib/libctru.a(ctru_init.o) (__system_initSyscalls)
/opt/devkitpro/libctru/lib/libctru.a(svc.o)
                              /opt/devkitpro/libctru/lib/libctru.a(apt.o) (svcSleepThread)
/opt/devkitpro/libctru/lib/libctru.a(stack_adjust.o)
                              /opt/devkitpro/devkitARM/lib/gcc/arm-none-eabi/15.2.0/../../../../arm-none-eabi/lib/armv6k/fpu/3dsx_crt0.o (initSystem)
/opt/devkitpro/libctru/lib/libctru.a(default_font.bin.o)
                              /opt/devkitpro/libctru/lib/libctru.a(console.o) (default_font_bin)
/opt/devkitpro/libctru/lib/libctru.a(linear.o)
                              /opt/devkitpro/libctru/lib/libctru.a(gfx.o) (linearAlloc)
/opt/devkitpro/libctru/lib/libctru.a(mem_pool.o)
                              /opt/devkitpro/libctru/lib/libctru.a(linear.o) (_ZN7MemPool8AllocateER8MemChunkmi)
/opt/devkitpro/libctru/lib/libctru.a(vram.o)
                              /opt/devkitpro/libctru/lib/libctru.a(gfx.o) (vramAlloc)
/opt/devkitpro/libctru/lib/libctru.a(3dslink.o)
                              /opt/devkitpro/libctru/lib/libctru.a(initArgv.o) (__3dslink_host)
/opt/devkitpro/libctru/lib/libctru.a(env.o)
                              /opt/devkitpro/libctru/lib/libctru.a(irrst.o) (envGetHandle)
/opt/devkitpro/libctru/lib/libctru.a(os.o)
                              /opt/devkitpro/libctru/lib/libctru.a(syscalls.o) (osGetTime)
/opt/devkitpro/libctru/lib/libctru.a(srv.o)
                              /opt/devkitpro/libctru/lib/libctru.a(apt.o) (srvInit)
/opt/devkitpro/libctru/lib/libctru.a(synchronization.o)
                              /opt/devkitpro/libctru/lib/libctru.a(ctru_init.o) (__sync_init)
/opt/devkitpro/libctru/lib/libctru.a(thread.o)
                              /opt/devkitpro/libctru/lib/libctru.a(apt.o) (threadCreate)
/opt/devkitpro/libctru/lib/libctru.a(mappable.o)
                              /opt/devkitpro/libctru/lib/libctru.a(apt.o) (mappableAlloc)
/opt/devkitpro/libctru/lib/libctru.a(ptmsysm.o)
                              /opt/devkitpro/libctru/lib/libctru.a(os.o) (ptmSysmInit)
/opt/devkitpro/libctru/lib/libctru.a(srvpm.o)
                              /opt/devkitpro/libctru/lib/libctru.a(srv.o) (srvPmGetSessionHandle)
/opt/devkitpro/libctru/lib/libctru.a(soc_common.o)
                              /opt/devkitpro/libctru/lib/libctru.a(soc_connect.o) (_net_convert_error)
/opt/devkitpro/libctru/lib/libctru.a(rbtree_find.o)
                              /opt/devkitpro/libctru/lib/libctru.a(linear.o) (rbtree_find)
/opt/devkitpro/libctru/lib/libctru.a(rbtree_init.o)
                              /opt/devkitpro/libctru/lib/libctru.a(linear.o) (rbtree_init)
/opt/devkitpro/libctru/lib/libctru.a(rbtree_insert.o)
                              /opt/devkitpro/libctru/lib/libctru.a(linear.o) (rbtree_insert)
/opt/devkitpro/libctru/lib/libctru.a(rbtree_remove.o)
[...]
Memory Configuration

Name             Origin             Length             Attributes
*default*        0x00000000         0xffffffff

Linker script and memory map

                0x00000000                        __sync_synchronize = __sync_synchronize_dmb
                0x00100000                        PROVIDE (__start__ = 0x100000)
                0x00100000                        . = __start__

.text           0x00100000    0x2d7bc
 *(.crt0)
 .crt0          0x00100000       0x94 /opt/devkitpro/devkitARM/lib/gcc/arm-none-eabi/15.2.0/../../../../arm-none-eabi/lib/armv6k/fpu/3dsx_crt0.o
                0x00100000                _start
                0x00100008                __service_ptr
                0x0010000c                __apt_appid
                0x00100010                __heap_size
                0x00100014                __linear_heap_size
                0x00100018                __system_arglist
                0x0010001c                __system_runflags
 *(.init)
 .init          0x00100094        0xc /opt/devkitpro/devkitARM/lib/gcc/arm-none-eabi/15.2.0/armv6k/fpu/crti.o
                0x00100094                _init
 .init          0x001000a0        0xc /opt/devkitpro/devkitARM/lib/gcc/arm-none-eabi/15.2.0/armv6k/fpu/crtn.o
                0x001000ac                        . = ALIGN (0x4)
 *(.text)
 .text          0x001000ac      0x240 /opt/devkitpro/devkitARM/lib/gcc/arm-none-eabi/15.2.0/armv6k/fpu/libgcc.a(_divsi3.o)
                0x001000ac                __aeabi_idiv
                0x001000ac                __divsi3
                0x001002cc                __aeabi_idivmod
 .text          0x001002ec        0x4 /opt/devkitpro/devkitARM/lib/gcc/arm-none-eabi/15.2.0/armv6k/fpu/libgcc.a(_dvmd_tls.o)
                0x001002ec                __aeabi_ldiv0
                0x001002ec                __aeabi_idiv0
 .text          0x001002f0       0xd4 /opt/devkitpro/devkitARM/lib/gcc/arm-none-eabi/15.2.0/armv6k/fpu/libgcc.a(_aeabi_ldivmod.o)
                0x001002f0                __aeabi_ldivmod
 .text          0x001003c4       0x3c /opt/devkitpro/devkitARM/lib/gcc/arm-none-eabi/15.2.0/armv6k/fpu/libgcc.a(_aeabi_uldivmod.o)
                0x001003c4                __aeabi_uldivmod
 .text          0x00100400      0x390 /opt/devkitpro/devkitARM/lib/gcc/arm-none-eabi/15.2.0/../../../../arm-none-eabi/lib/armv6k/fpu/libc.a(libc_a-strcmp.o)
                0x00100408                strcmp
 .text          0x00100790      0x20c /opt/devkitpro/devkitARM/lib/gcc/arm-none-eabi/15.2.0/armv6k/fpu/libgcc.a(_udivsi3.o)
                0x00100790                __udivsi3
                0x00100790                __aeabi_uidiv
                0x0010097c                __aeabi_uidivmod
 .text          0x0010099c      0x3c0 /opt/devkitpro/devkitARM/lib/gcc/arm-none-eabi/15.2.0/armv6k/fpu/libgcc.a(_arm_addsubdf3.o)
                0x0010099c                __aeabi_drsub
                0x001009a4                __subdf3
                0x001009a4                __aeabi_dsub
                0x001009a8                __aeabi_dadd
                0x001009a8                __adddf3
                0x00100c54                __aeabi_ui2d
                0x00100c54                __floatunsidf
                0x00100c78                __floatsidf
                0x00100c78                __aeabi_i2d
                0x00100ca0                __extendsfdf2
                0x00100ca0                __aeabi_f2d
                0x00100ce8                __aeabi_ul2d
                0x00100ce8                __floatundidf
                0x00100cfc                __aeabi_l2d
                0x00100cfc                __floatdidf
 *(.text.*)
 .text.__do_global_dtors_aux
                0x00100d5c       0x50 /opt/devkitpro/devkitARM/lib/gcc/arm-none-eabi/15.2.0/armv6k/fpu/crtbegin.o
 .text.frame_dummy
                0x00100dac       0x2c /opt/devkitpro/devkitARM/lib/gcc/arm-none-eabi/15.2.0/armv6k/fpu/crtbegin.o
 .text.url_encode_simple
                0x00100dd8       0xc0 build/main.o
 .text.trim_line
                0x00100e98       0x9c build/main.o
 .text.json_extract_string
                0x00100f34       0xa8 build/main.o
 .text.parse_remote_saves.constprop.0
                0x00100fdc       0xb4 build/main.o
 .text.read_file_bytes.constprop.0
                0x00101090       0xcc build/main.o
 .text.copy_cstr
                0x0010115c       0x48 build/main.o
 .text.http_request.constprop.0
                0x001011a4      0x3d4 build/main.o
 .text.run_sync
                0x00101578      0xbb8 build/main.o
 .text.startup.main
                0x00102130      0x3a0 build/main.o
                0x00102130                main
 .text.consoleDrawChar
                0x001024d0      0x1c8 /opt/devkitpro/libctru/lib/libctru.a(console.o)
                0x001024d0                consoleDrawChar
 .text.consolePrintChar
                0x00102698      0x170 /opt/devkitpro/libctru/lib/libctru.a(console.o)
                0x00102698                consolePrintChar
 .text.con_write
                0x00102808      0xcc8 /opt/devkitpro/libctru/lib/libctru.a(console.o)
                0x00102808                con_write
 .text.newRow   0x001034d0       0xfc /opt/devkitpro/libctru/lib/libctru.a(console.o)
 .text.consoleInit
                0x001035cc      0x180 /opt/devkitpro/libctru/lib/libctru.a(console.o)
                0x001035cc                consoleInit
 .text.gfxPresentFramebuffer
                0x0010374c       0xcc /opt/devkitpro/libctru/lib/libctru.a(gfx.o)
 .text.gfxIsWide
                0x00103818       0x1c /opt/devkitpro/libctru/lib/libctru.a(gfx.o)
                0x00103818                gfxIsWide
 .text.gfxSetScreenFormat
                0x00103834       0xf8 /opt/devkitpro/libctru/lib/libctru.a(gfx.o)
                0x00103834                gfxSetScreenFormat
 .text.gfxSetDoubleBuffering
                0x0010392c       0x10 /opt/devkitpro/libctru/lib/libctru.a(gfx.o)
                0x0010392c                gfxSetDoubleBuffering
 .text.gfxInit  0x0010393c       0xd8 /opt/devkitpro/libctru/lib/libctru.a(gfx.o)
                0x0010393c                gfxInit
 .text.gfxInitDefault
                0x00103a14       0x10 /opt/devkitpro/libctru/lib/libctru.a(gfx.o)
                0x00103a14                gfxInitDefault
 .text.gfxExit  0x00103a24       0xb8 /opt/devkitpro/libctru/lib/libctru.a(gfx.o)
                0x00103a24                gfxExit
 .text.gfxGetFramebuffer
                0x00103adc       0xa0 /opt/devkitpro/libctru/lib/libctru.a(gfx.o)
                0x00103adc                gfxGetFramebuffer
 .text.gfxFlushBuffers
                0x00103b7c      0x100 /opt/devkitpro/libctru/lib/libctru.a(gfx.o)
                0x00103b7c                gfxFlushBuffers
 .text.gfxSwapBuffers
                0x00103c7c       0x50 /opt/devkitpro/libctru/lib/libctru.a(gfx.o)
                0x00103c7c                gfxSwapBuffers
 .text.gfxSwapBuffersGpu
                0x00103ccc       0x50 /opt/devkitpro/libctru/lib/libctru.a(gfx.o)
                0x00103ccc                gfxSwapBuffersGpu
 .text.aptConvertScreenForCapture
                0x00103d1c      0x180 /opt/devkitpro/libctru/lib/libctru.a(apt.o)
 .text.aptDspSleep
                0x00103e9c        0x8 /opt/devkitpro/libctru/lib/libctru.a(apt.o)
                0x00103e9c                aptDspSleep
 .text.aptDspWakeup
                0x00103ea4        0x4 /opt/devkitpro/libctru/lib/libctru.a(apt.o)
                0x00103ea4                aptDspWakeup
 .text.aptDspCancel
                0x00103ea8        0x4 /opt/devkitpro/libctru/lib/libctru.a(apt.o)
                0x00103ea8                aptDspCancel
 .text.aptSendCommand
                0x00103eac      0x138 /opt/devkitpro/libctru/lib/libctru.a(apt.o)
                0x00103eac                aptSendCommand
 *fill*         0x00103fe4        0x4 
 .text.aptExitProcess
                0x00103fe8       0x44 /opt/devkitpro/libctru/lib/libctru.a(apt.o)
 .text.aptExit  0x0010402c      0x394 /opt/devkitpro/libctru/lib/libctru.a(apt.o)
                0x0010402c                aptExit
 .text.aptHandleSleep
                0x001043c0       0xd8 /opt/devkitpro/libctru/lib/libctru.a(apt.o)
                0x001043c0                aptHandleSleep
 .text.APT_SleepIfShellClosed
                0x00104498       0x84 /opt/devkitpro/libctru/lib/libctru.a(apt.o)
                0x00104498                APT_SleepIfShellClosed
 .text.aptSetSleepAllowed
                0x0010451c       0x78 /opt/devkitpro/libctru/lib/libctru.a(apt.o)
                0x0010451c                aptSetSleepAllowed
 .text.APT_UnlockTransition
                0x00104594       0x84 /opt/devkitpro/libctru/lib/libctru.a(apt.o)
                0x00104594                APT_UnlockTransition
 .text.aptEventHandler
                0x00104618      0x470 /opt/devkitpro/libctru/lib/libctru.a(apt.o)
 .text.APT_ReceiveParameter
                0x00104a88       0xbc /opt/devkitpro/libctru/lib/libctru.a(apt.o)
                0x00104a88                APT_ReceiveParameter
 .text.aptReceiveParameter.constprop.0
                0x00104b44       0xb0 /opt/devkitpro/libctru/lib/libctru.a(apt.o)
 *fill*         0x00104bf4        0x4 
 .text.aptScreenTransfer
                0x00104bf8      0x294 /opt/devkitpro/libctru/lib/libctru.a(apt.o)
 .text.aptWaitForWakeUp.isra.0
                0x00104e8c      0x2d0 /opt/devkitpro/libctru/lib/libctru.a(apt.o)
 .text.aptJumpToHomeMenu
                0x0010515c       0xf4 /opt/devkitpro/libctru/lib/libctru.a(apt.o)
                0x0010515c                aptJumpToHomeMenu
 .text.aptMainLoop
                0x00105250       0x58 /opt/devkitpro/libctru/lib/libctru.a(apt.o)
                0x00105250                aptMainLoop
 .text.aptInit  0x001052a8      0x240 /opt/devkitpro/libctru/lib/libctru.a(apt.o)
                0x001052a8                aptInit
 .text.APT_CheckNew3DS
                0x001054e8       0x90 /opt/devkitpro/libctru/lib/libctru.a(apt.o)
                0x001054e8                APT_CheckNew3DS
 .text.gspHardwareInit
                0x00105578      0xc70 /opt/devkitpro/libctru/lib/libctru.a(gspgpu.o)
 .text.gspInit  0x001061e8      0x288 /opt/devkitpro/libctru/lib/libctru.a(gspgpu.o)
                0x001061e8                gspInit
 .text.gspExit  0x00106470      0x104 /opt/devkitpro/libctru/lib/libctru.a(gspgpu.o)
                0x00106470                gspExit
 .text.gspHasGpuRight
                0x00106574       0x10 /opt/devkitpro/libctru/lib/libctru.a(gspgpu.o)
                0x00106574                gspHasGpuRight
 .text.gspPresentBuffer
                0x00106584       0xa4 /opt/devkitpro/libctru/lib/libctru.a(gspgpu.o)
                0x00106584                gspPresentBuffer
 .text.gspWaitForEvent
                0x00106628       0x50 /opt/devkitpro/libctru/lib/libctru.a(gspgpu.o)
                0x00106628                gspWaitForEvent
 .text.gxCmdQueueInterrupt
                0x00106678        0x4 /opt/devkitpro/libctru/lib/libctru.a(gspgpu.o)
                0x00106678                gxCmdQueueInterrupt
 .text.gspEventThreadMain
                0x0010667c      0x154 /opt/devkitpro/libctru/lib/libctru.a(gspgpu.o)
 .text.GSPGPU_FlushDataCache
                0x001067d0       0x50 /opt/devkitpro/libctru/lib/libctru.a(gspgpu.o)
                0x001067d0                GSPGPU_FlushDataCache
 .text.GSPGPU_SetLcdForceBlack
                0x00106820       0x34 /opt/devkitpro/libctru/lib/libctru.a(gspgpu.o)
                0x00106820                GSPGPU_SetLcdForceBlack
 .text.GSPGPU_AcquireRight
                0x00106854       0x84 /opt/devkitpro/libctru/lib/libctru.a(gspgpu.o)
                0x00106854                GSPGPU_AcquireRight
 .text.GSPGPU_ReleaseRight
                0x001068d8       0x64 /opt/devkitpro/libctru/lib/libctru.a(gspgpu.o)
                0x001068d8                GSPGPU_ReleaseRight
 .text.GSPGPU_ImportDisplayCaptureInfo
                0x0010693c       0x7c /opt/devkitpro/libctru/lib/libctru.a(gspgpu.o)
                0x0010693c                GSPGPU_ImportDisplayCaptureInfo
 .text.GSPGPU_SaveVramSysArea
                0x001069b8       0x2c /opt/devkitpro/libctru/lib/libctru.a(gspgpu.o)
                0x001069b8                GSPGPU_SaveVramSysArea
 .text.GSPGPU_RestoreVramSysArea
                0x001069e4       0x2c /opt/devkitpro/libctru/lib/libctru.a(gspgpu.o)
                0x001069e4                GSPGPU_RestoreVramSysArea
 .text.hidShouldUseIrrst
                0x00106a10       0x24 /opt/devkitpro/libctru/lib/libctru.a(hid.o)
                0x00106a10                hidShouldUseIrrst
 .text.hidInit  0x00106a34      0x1cc /opt/devkitpro/libctru/lib/libctru.a(hid.o)
                0x00106a34                hidInit
 .text.hidExit  0x00106c00       0xe8 /opt/devkitpro/libctru/lib/libctru.a(hid.o)
                0x00106c00                hidExit
 .text.hidScanInput
                0x00106ce8      0x2a0 /opt/devkitpro/libctru/lib/libctru.a(hid.o)
                0x00106ce8                hidScanInput
 .text.hidKeysDown
                0x00106f88       0x10 /opt/devkitpro/libctru/lib/libctru.a(hid.o)
                0x00106f88                hidKeysDown
 .text.irrstInit
                0x00106f98      0x1a4 /opt/devkitpro/libctru/lib/libctru.a(irrst.o)
                0x00106f98                irrstInit
 .text.irrstExit
                0x0010713c       0xdc /opt/devkitpro/libctru/lib/libctru.a(irrst.o)
                0x0010713c                irrstExit
 .text.irrstScanInput
                0x00107218       0xb4 /opt/devkitpro/libctru/lib/libctru.a(irrst.o)
                0x00107218                irrstScanInput
 .text.irrstKeysHeld
                0x001072cc       0x24 /opt/devkitpro/libctru/lib/libctru.a(irrst.o)
                0x001072cc                irrstKeysHeld
 .text.connect  0x001072f0      0x174 /opt/devkitpro/libctru/lib/libctru.a(soc_connect.o)
                0x001072f0                connect
 .text.freeaddrinfo
                0x00107464       0x24 /opt/devkitpro/libctru/lib/libctru.a(soc_getaddrinfo.o)
                0x00107464                freeaddrinfo
 .text.getaddrinfo
                0x00107488      0x2cc /opt/devkitpro/libctru/lib/libctru.a(soc_getaddrinfo.o)
                0x00107488                getaddrinfo
 .text.soc_read
                0x00107754       0x34 /opt/devkitpro/libctru/lib/libctru.a(soc_init.o)
 .text.soc_write
                0x00107788       0x34 /opt/devkitpro/libctru/lib/libctru.a(soc_init.o)
 .text.soc_close
                0x001077bc       0xb0 /opt/devkitpro/libctru/lib/libctru.a(soc_init.o)
 .text.socInit  0x0010786c      0x190 /opt/devkitpro/libctru/lib/libctru.a(soc_init.o)
                0x0010786c                socInit
 .text.socExit  0x001079fc       0x88 /opt/devkitpro/libctru/lib/libctru.a(soc_init.o)
                0x001079fc                socExit
 .text.recv     0x00107a84       0x20 /opt/devkitpro/libctru/lib/libctru.a(soc_recv.o)
                0x00107a84                recv
 .text.socuipc_cmd7
                0x00107aa4      0x148 /opt/devkitpro/libctru/lib/libctru.a(soc_recvfrom.o)
                0x00107aa4                socuipc_cmd7
 .text.socuipc_cmd8
                0x00107bec      0x168 /opt/devkitpro/libctru/lib/libctru.a(soc_recvfrom.o)
                0x00107bec                socuipc_cmd8
 .text.soc_recvfrom
                0x00107d54       0x10 /opt/devkitpro/libctru/lib/libctru.a(soc_recvfrom.o)
                0x00107d54                soc_recvfrom
 .text.recvfrom
                0x00107d64       0xa4 /opt/devkitpro/libctru/lib/libctru.a(soc_recvfrom.o)
                0x00107d64                recvfrom
 .text.send     0x00107e08       0x20 /opt/devkitpro/libctru/lib/libctru.a(soc_send.o)
                0x00107e08                send
 .text.socuipc_cmd9
                0x00107e28      0x15c /opt/devkitpro/libctru/lib/libctru.a(soc_sendto.o)
                0x00107e28                socuipc_cmd9
 .text.socuipc_cmda
                0x00107f84      0x160 /opt/devkitpro/libctru/lib/libctru.a(soc_sendto.o)
                0x00107f84                socuipc_cmda
 .text.soc_sendto
                0x001080e4       0x10 /opt/devkitpro/libctru/lib/libctru.a(soc_sendto.o)
                0x001080e4                soc_sendto
 .text.sendto   0x001080f4       0xa4 /opt/devkitpro/libctru/lib/libctru.a(soc_sendto.o)
                0x001080f4                sendto
 .text.socket   0x00108198      0x16c /opt/devkitpro/libctru/lib/libctru.a(soc_socket.o)
                0x00108198                socket
 .text.__libctru_init
                0x00108304       0x38 /opt/devkitpro/libctru/lib/libctru.a(ctru_init.o)
                0x00108304                __libctru_init
 .text.__system_initArgv
                0x0010833c      0x16c /opt/devkitpro/libctru/lib/libctru.a(initArgv.o)
                0x0010833c                __system_initArgv
 .text.__syscall_getreent
                0x001084a8       0x30 /opt/devkitpro/libctru/lib/libctru.a(syscalls.o)
                0x001084a8                __syscall_getreent
 .text.__syscall_lock_acquire
                0x001084d8        0x4 /opt/devkitpro/libctru/lib/libctru.a(syscalls.o)
                0x001084d8                __syscall_lock_acquire
 .text.__syscall_lock_release
                0x001084dc        0x4 /opt/devkitpro/libctru/lib/libctru.a(syscalls.o)
                0x001084dc                __syscall_lock_release
 .text.__syscall_lock_acquire_recursive
                0x001084e0        0x4 /opt/devkitpro/libctru/lib/libctru.a(syscalls.o)
                0x001084e0                __syscall_lock_acquire_recursive
 .text.__syscall_lock_release_recursive
                0x001084e4        0x4 /opt/devkitpro/libctru/lib/libctru.a(syscalls.o)
                0x001084e4                __syscall_lock_release_recursive
 .text.__syscall_exit
                0x001084e8        0x4 /opt/devkitpro/libctru/lib/libctru.a(syscalls.o)
                0x001084e8                __syscall_exit
 .text.initThreadVars
                0x001084ec       0x54 /opt/devkitpro/libctru/lib/libctru.a(syscalls.o)
                0x001084ec                initThreadVars
 .text.__system_initSyscalls
                0x00108540       0x80 /opt/devkitpro/libctru/lib/libctru.a(syscalls.o)
                0x00108540                __system_initSyscalls
 .text.svcControlMemory
                0x001085c0       0x20 /opt/devkitpro/libctru/lib/libctru.a(svc.o)
                0x001085c0                svcControlMemory
 .text.svcQueryMemory
                0x001085e0       0x30 /opt/devkitpro/libctru/lib/libctru.a(svc.o)
                0x001085e0                svcQueryMemory
 .text.svcExitProcess
                0x00108610        0x8 /opt/devkitpro/libctru/lib/libctru.a(svc.o)
                0x00108610                svcExitProcess
 .text.svcCreateThread
                0x00108618       0x20 /opt/devkitpro/libctru/lib/libctru.a(svc.o)
                0x00108618                svcCreateThread
 .text.svcExitThread
                0x00108638        0x8 /opt/devkitpro/libctru/lib/libctru.a(svc.o)
                0x00108638                svcExitThread
 .text.svcSleepThread
                0x00108640        0x8 /opt/devkitpro/libctru/lib/libctru.a(svc.o)
                0x00108640                svcSleepThread
 .text.svcReleaseMutex
                0x00108648        0x8 /opt/devkitpro/libctru/lib/libctru.a(svc.o)
                0x00108648                svcReleaseMutex
 .text.svcCreateEvent
                0x00108650       0x14 /opt/devkitpro/libctru/lib/libctru.a(svc.o)
                0x00108650                svcCreateEvent
 .text.svcSignalEvent
                0x00108664        0x8 /opt/devkitpro/libctru/lib/libctru.a(svc.o)
                0x00108664                svcSignalEvent
 .text.svcClearEvent
                0x0010866c        0x8 /opt/devkitpro/libctru/lib/libctru.a(svc.o)
                0x0010866c                svcClearEvent
 .text.svcCreateMemoryBlock
                0x00108674       0x18 /opt/devkitpro/libctru/lib/libctru.a(svc.o)
                0x00108674                svcCreateMemoryBlock
 .text.svcMapMemoryBlock
                0x0010868c        0x8 /opt/devkitpro/libctru/lib/libctru.a(svc.o)
                0x0010868c                svcMapMemoryBlock
 .text.svcUnmapMemoryBlock
                0x00108694        0x8 /opt/devkitpro/libctru/lib/libctru.a(svc.o)
                0x00108694                svcUnmapMemoryBlock
 .text.svcCreateAddressArbiter
                0x0010869c       0x14 /opt/devkitpro/libctru/lib/libctru.a(svc.o)
                0x0010869c                svcCreateAddressArbiter
 .text.svcArbitrateAddressNoTimeout
                0x001086b0        0x8 /opt/devkitpro/libctru/lib/libctru.a(svc.o)
                0x001086b0                svcArbitrateAddressNoTimeout
 .text.svcCloseHandle
                0x001086b8        0x8 /opt/devkitpro/libctru/lib/libctru.a(svc.o)
                0x001086b8                svcCloseHandle
 .text.svcWaitSynchronization
                0x001086c0        0x8 /opt/devkitpro/libctru/lib/libctru.a(svc.o)
                0x001086c0                svcWaitSynchronization
 .text.svcWaitSynchronizationN
                0x001086c8       0x28 /opt/devkitpro/libctru/lib/libctru.a(svc.o)
                0x001086c8                svcWaitSynchronizationN
 .text.svcDuplicateHandle
                0x001086f0       0x14 /opt/devkitpro/libctru/lib/libctru.a(svc.o)
                0x001086f0                svcDuplicateHandle
 .text.svcConnectToPort
                0x00108704       0x14 /opt/devkitpro/libctru/lib/libctru.a(svc.o)
                0x00108704                svcConnectToPort
 .text.svcSendSyncRequest
                0x00108718        0x8 /opt/devkitpro/libctru/lib/libctru.a(svc.o)
                0x00108718                svcSendSyncRequest
 .text.svcGetResourceLimit
                0x00108720       0x14 /opt/devkitpro/libctru/lib/libctru.a(svc.o)
                0x00108720                svcGetResourceLimit
 .text.svcGetResourceLimitLimitValues
                0x00108734        0x8 /opt/devkitpro/libctru/lib/libctru.a(svc.o)
                0x00108734                svcGetResourceLimitLimitValues
 .text.svcGetResourceLimitCurrentValues
                0x0010873c        0x8 /opt/devkitpro/libctru/lib/libctru.a(svc.o)
                0x0010873c                svcGetResourceLimitCurrentValues
 .text.svcBreak
                0x00108744        0x8 /opt/devkitpro/libctru/lib/libctru.a(svc.o)
                0x00108744                svcBreak
 .text.initSystem
                0x0010874c       0x50 /opt/devkitpro/libctru/lib/libctru.a(stack_adjust.o)
                0x0010874c                initSystem
 .text.__ctru_exit
                0x0010879c       0x14 /opt/devkitpro/libctru/lib/libctru.a(stack_adjust.o)
                0x0010879c                __ctru_exit
 .text._ZL21addrMapNodeComparatorPK11rbtree_nodeS1_
                0x001087b0       0x24 /opt/devkitpro/libctru/lib/libctru.a(linear.o)
 .text._ZL21addrMapNodeDestructorP11rbtree_node
                0x001087d4        0x4 /opt/devkitpro/libctru/lib/libctru.a(linear.o)
 .text.linearMemAlign
                0x001087d8      0x12c /opt/devkitpro/libctru/lib/libctru.a(linear.o)
                0x001087d8                linearMemAlign
 .text.linearAlloc
                0x00108904        0x8 /opt/devkitpro/libctru/lib/libctru.a(linear.o)
                0x00108904                linearAlloc
 .text.linearFree
                0x0010890c       0x5c /opt/devkitpro/libctru/lib/libctru.a(linear.o)
                0x0010890c                linearFree
 .text._ZN7MemPool13CoalesceRightEP8MemBlock
                0x00108968       0x88 /opt/devkitpro/libctru/lib/libctru.a(mem_pool.o)
                0x00108968                _ZN7MemPool13CoalesceRightEP8MemBlock
 .text._ZN7MemPool8AllocateER8MemChunkmi
                0x001089f0      0x178 /opt/devkitpro/libctru/lib/libctru.a(mem_pool.o)
                0x001089f0                _ZN7MemPool8AllocateER8MemChunkmi
 .text._ZN7MemPool10DeallocateERK8MemChunk
                0x00108b68      0x118 /opt/devkitpro/libctru/lib/libctru.a(mem_pool.o)
                0x00108b68                _ZN7MemPool10DeallocateERK8MemChunk
 .text._ZN7MemPool12GetFreeSpaceEv
                0x00108c80       0x30 /opt/devkitpro/libctru/lib/libctru.a(mem_pool.o)
                0x00108c80                _ZN7MemPool12GetFreeSpaceEv
 .text._ZL21addrMapNodeComparatorPK11rbtree_nodeS1_
                0x00108cb0       0x24 /opt/devkitpro/libctru/lib/libctru.a(vram.o)
 .text._ZL21addrMapNodeDestructorP11rbtree_node
                0x00108cd4        0x4 /opt/devkitpro/libctru/lib/libctru.a(vram.o)
 .text.vramMemAlignAt
                0x00108cd8      0x248 /opt/devkitpro/libctru/lib/libctru.a(vram.o)
                0x00108cd8                vramMemAlignAt
 .text.vramAlloc
                0x00108f20        0xc /opt/devkitpro/libctru/lib/libctru.a(vram.o)
                0x00108f20                vramAlloc
 .text.vramFree
                0x00108f2c       0x94 /opt/devkitpro/libctru/lib/libctru.a(vram.o)
                0x00108f2c                vramFree
 .text.envGetHandle
                0x00108fc0       0x8c /opt/devkitpro/libctru/lib/libctru.a(env.o)
                0x00108fc0                envGetHandle
 .text.envDestroyHandles
                0x0010904c       0x50 /opt/devkitpro/libctru/lib/libctru.a(env.o)
                0x0010904c                envDestroyHandles
 .text.__ctru_speedup_config
                0x0010909c       0x34 /opt/devkitpro/libctru/lib/libctru.a(os.o)
                0x0010909c                __ctru_speedup_config
 .text.srvInit  0x001090d0      0x164 /opt/devkitpro/libctru/lib/libctru.a(srv.o)
                0x001090d0                srvInit
 .text.srvExit  0x00109234       0x64 /opt/devkitpro/libctru/lib/libctru.a(srv.o)
                0x00109234                srvExit
 .text.srvEnableNotification
                0x00109298       0x60 /opt/devkitpro/libctru/lib/libctru.a(srv.o)
                0x00109298                srvEnableNotification
 .text.srvGetServiceHandleDirect
                0x001092f8       0xa0 /opt/devkitpro/libctru/lib/libctru.a(srv.o)
                0x001092f8                srvGetServiceHandleDirect
 .text.srvGetServiceHandle
                0x00109398       0x48 /opt/devkitpro/libctru/lib/libctru.a(srv.o)
                0x00109398                srvGetServiceHandle
 .text.srvSubscribe
                0x001093e0       0x34 /opt/devkitpro/libctru/lib/libctru.a(srv.o)
                0x001093e0                srvSubscribe
 .text.srvReceiveNotification
                0x00109414       0x60 /opt/devkitpro/libctru/lib/libctru.a(srv.o)
                0x00109414                srvReceiveNotification
 .text.srvPublishToSubscriber
                0x00109474       0x38 /opt/devkitpro/libctru/lib/libctru.a(srv.o)
                0x00109474                srvPublishToSubscriber
 .text.__sync_init
                0x001094ac        0xc /opt/devkitpro/libctru/lib/libctru.a(synchronization.o)
                0x001094ac                __sync_init
 .text.__sync_fini
                0x001094b8       0x18 /opt/devkitpro/libctru/lib/libctru.a(synchronization.o)
                0x001094b8                __sync_fini
 .text.syncArbitrateAddress
                0x001094d0       0x28 /opt/devkitpro/libctru/lib/libctru.a(synchronization.o)
                0x001094d0                syncArbitrateAddress
 .text.LightLock_Lock
                0x001094f8       0xac /opt/devkitpro/libctru/lib/libctru.a(synchronization.o)
                0x001094f8                LightLock_Lock
 .text.LightLock_Unlock
                0x001095a4       0x40 /opt/devkitpro/libctru/lib/libctru.a(synchronization.o)
                0x001095a4                LightLock_Unlock
 .text.RecursiveLock_Lock
                0x001095e4       0x54 /opt/devkitpro/libctru/lib/libctru.a(synchronization.o)
                0x001095e4                RecursiveLock_Lock
 .text.RecursiveLock_Unlock
                0x00109638       0x54 /opt/devkitpro/libctru/lib/libctru.a(synchronization.o)
                0x00109638                RecursiveLock_Unlock
 .text.LightEvent_Init
                0x0010968c       0x44 /opt/devkitpro/libctru/lib/libctru.a(synchronization.o)
                0x0010968c                LightEvent_Init
 .text.LightEvent_Clear
                0x001096d0       0xb8 /opt/devkitpro/libctru/lib/libctru.a(synchronization.o)
                0x001096d0                LightEvent_Clear
 .text.LightEvent_Signal
                0x00109788       0xdc /opt/devkitpro/libctru/lib/libctru.a(synchronization.o)
                0x00109788                LightEvent_Signal
 .text.LightEvent_TryWait
                0x00109864       0x50 /opt/devkitpro/libctru/lib/libctru.a(synchronization.o)
                0x00109864                LightEvent_TryWait
 .text.LightEvent_Wait
                0x001098b4       0xac /opt/devkitpro/libctru/lib/libctru.a(synchronization.o)
                0x001098b4                LightEvent_Wait
 .text.threadCreate
                0x00109960      0x1fc /opt/devkitpro/libctru/lib/libctru.a(thread.o)
                0x00109960                threadCreate
 .text.threadFree
                0x00109b5c       0x38 /opt/devkitpro/libctru/lib/libctru.a(thread.o)
                0x00109b5c                threadFree
 .text.threadJoin
                0x00109b94       0x24 /opt/devkitpro/libctru/lib/libctru.a(thread.o)
                0x00109b94                threadJoin
 .text.threadGetCurrent
                0x00109bb8       0x30 /opt/devkitpro/libctru/lib/libctru.a(thread.o)
                0x00109bb8                threadGetCurrent
 .text.threadExit
                0x00109be8       0x40 /opt/devkitpro/libctru/lib/libctru.a(thread.o)
                0x00109be8                threadExit
 .text._thread_begin
                0x00109c28       0x20 /opt/devkitpro/libctru/lib/libctru.a(thread.o)
 .text.mappableFindAddressWithin
                0x00109c48       0x90 /opt/devkitpro/libctru/lib/libctru.a(mappable.o)
 .text.mappableInit
                0x00109cd8       0x28 /opt/devkitpro/libctru/lib/libctru.a(mappable.o)
                0x00109cd8                mappableInit
 .text.mappableAlloc
                0x00109d00       0x7c /opt/devkitpro/libctru/lib/libctru.a(mappable.o)
                0x00109d00                mappableAlloc
 .text.mappableFree
                0x00109d7c        0x4 /opt/devkitpro/libctru/lib/libctru.a(mappable.o)
                0x00109d7c                mappableFree
 .text.ptmSysmInit
                0x00109d80       0x78 /opt/devkitpro/libctru/lib/libctru.a(ptmsysm.o)
                0x00109d80                ptmSysmInit
 .text.ptmSysmExit
                0x00109df8       0x3c /opt/devkitpro/libctru/lib/libctru.a(ptmsysm.o)
                0x00109df8                ptmSysmExit
 .text.PTMSYSM_ConfigureNew3DSCPU
                0x00109e34       0x34 /opt/devkitpro/libctru/lib/libctru.a(ptmsysm.o)
                0x00109e34                PTMSYSM_ConfigureNew3DSCPU
 .text.srvPmGetSessionHandle
                0x00109e68        0xc /opt/devkitpro/libctru/lib/libctru.a(srvpm.o)
                0x00109e68                srvPmGetSessionHandle
 .text._net_convert_error
                0x00109e74       0x3c /opt/devkitpro/libctru/lib/libctru.a(soc_common.o)
                0x00109e74                _net_convert_error
 .text.rbtree_find
                0x00109eb0       0x74 /opt/devkitpro/libctru/lib/libctru.a(rbtree_find.o)
                0x00109eb0                rbtree_find
 .text.rbtree_init
                0x00109f24       0x10 /opt/devkitpro/libctru/lib/libctru.a(rbtree_init.o)
                0x00109f24                rbtree_init
 .text.do_insert
                0x00109f34      0x198 /opt/devkitpro/libctru/lib/libctru.a(rbtree_insert.o)
 .text.rbtree_insert
                0x0010a0cc        0x8 /opt/devkitpro/libctru/lib/libctru.a(rbtree_insert.o)
                0x0010a0cc                rbtree_insert
 .text.rbtree_remove
                0x0010a0d4      0x310 /opt/devkitpro/libctru/lib/libctru.a(rbtree_remove.o)
                0x0010a0d4                rbtree_remove
 .text.rbtree_rotate
                0x0010a3e4       0x90 /opt/devkitpro/libctru/lib/libctru.a(rbtree_rotate.o)
                0x0010a3e4                rbtree_rotate
 *fill*         0x0010a474        0x4 
 .text.__system_allocateHeaps
                0x0010a478      0x1e8 /opt/devkitpro/libctru/lib/libctru.a(allocateHeaps.o)
                0x0010a478                __system_allocateHeaps
 .text.__appExit
                0x0010a660       0x30 /opt/devkitpro/libctru/lib/libctru.a(appExit.o)
                0x0010a660                __appExit
 .text.__appInit
                0x0010a690       0x30 /opt/devkitpro/libctru/lib/libctru.a(appInit.o)
                0x0010a690                __appInit
 .text.__libctru_exit
                0x0010a6c0       0x90 /opt/devkitpro/libctru/lib/libctru.a(ctru_exit.o)
                0x0010a6c0                __libctru_exit
 .text.error_cmp
                0x0010a750       0x24 /opt/devkitpro/libctru/lib/libctru.a(archive_dev.o)
 .text.archive_translate_error
                0x0010a774       0x50 /opt/devkitpro/libctru/lib/libctru.a(archive_dev.o)
 .text.archive_seek
                0x0010a7c4       0xc0 /opt/devkitpro/libctru/lib/libctru.a(archive_dev.o)
 .text._archiveInit.part.0
                0x0010a884       0x78 /opt/devkitpro/libctru/lib/libctru.a(archive_dev.o)
 .text.archiveFindDevice.part.0
                0x0010a8fc      0x110 /opt/devkitpro/libctru/lib/libctru.a(archive_dev.o)
 .text.archive_utf16path
                0x0010aa0c      0x298 /opt/devkitpro/libctru/lib/libctru.a(archive_dev.o)
 .text._archiveUnmountDeviceStruct.part.0
                0x0010aca4       0x98 /opt/devkitpro/libctru/lib/libctru.a(archive_dev.o)
 .text._archiveMountDevice
                0x0010ad3c      0x178 /opt/devkitpro/libctru/lib/libctru.a(archive_dev.o)
 .text.archive_diropen
                0x0010aeb4       0xf8 /opt/devkitpro/libctru/lib/libctru.a(archive_dev.o)
 .text.archive_fstat
                0x0010afac       0xac /opt/devkitpro/libctru/lib/libctru.a(archive_dev.o)
 .text.archive_fsync
                0x0010b058       0x74 /opt/devkitpro/libctru/lib/libctru.a(archive_dev.o)
 .text.archive_close
                0x0010b0cc       0x74 /opt/devkitpro/libctru/lib/libctru.a(archive_dev.o)
 .text.archive_dirclose
                0x0010b140       0x78 /opt/devkitpro/libctru/lib/libctru.a(archive_dev.o)
 .text.sdmc_statvfs
                0x0010b1b8       0xec /opt/devkitpro/libctru/lib/libctru.a(archive_dev.o)
 .text.archive_chdir
                0x0010b2a4       0xf8 /opt/devkitpro/libctru/lib/libctru.a(archive_dev.o)
 .text.archive_ftruncate
                0x0010b39c       0x8c /opt/devkitpro/libctru/lib/libctru.a(archive_dev.o)
 .text.archive_read
                0x0010b428       0xbc /opt/devkitpro/libctru/lib/libctru.a(archive_dev.o)
 .text.archive_unlink
                0x0010b4e4       0xa8 /opt/devkitpro/libctru/lib/libctru.a(archive_dev.o)
 .text.archive_rmdir
                0x0010b58c       0xc0 /opt/devkitpro/libctru/lib/libctru.a(archive_dev.o)
 .text.archive_mkdir
                0x0010b64c       0xd8 /opt/devkitpro/libctru/lib/libctru.a(archive_dev.o)
 .text.archive_stat
                0x0010b724      0x1a0 /opt/devkitpro/libctru/lib/libctru.a(archive_dev.o)
 .text.archive_dirnext
                0x0010b8c4      0x164 /opt/devkitpro/libctru/lib/libctru.a(archive_dev.o)
 .text.archive_write
                0x0010ba28      0x13c /opt/devkitpro/libctru/lib/libctru.a(archive_dev.o)
 *fill*         0x0010bb64        0x4 
 .text.archive_open
                0x0010bb68      0x254 /opt/devkitpro/libctru/lib/libctru.a(archive_dev.o)
 .text.archive_rename
                0x0010bdbc      0x270 /opt/devkitpro/libctru/lib/libctru.a(archive_dev.o)
 .text.archiveMountSdmc
                0x0010c02c      0x1c8 /opt/devkitpro/libctru/lib/libctru.a(archive_dev.o)
                0x0010c02c                archiveMountSdmc
 .text.archiveUnmountAll
                0x0010c1f4       0x54 /opt/devkitpro/libctru/lib/libctru.a(archive_dev.o)
                0x0010c1f4                archiveUnmountAll
 .text.fsInit   0x0010c248      0x104 /opt/devkitpro/libctru/lib/libctru.a(fs.o)
                0x0010c248                fsInit
 .text.fsExit   0x0010c34c       0x3c /opt/devkitpro/libctru/lib/libctru.a(fs.o)
                0x0010c34c                fsExit
 .text.fsExemptFromSession
                0x0010c388       0x68 /opt/devkitpro/libctru/lib/libctru.a(fs.o)
                0x0010c388                fsExemptFromSession
 .text.fsUnexemptFromSession
                0x0010c3f0       0x50 /opt/devkitpro/libctru/lib/libctru.a(fs.o)
                0x0010c3f0                fsUnexemptFromSession
 .text.FSUSER_OpenFile
                0x0010c440       0xcc /opt/devkitpro/libctru/lib/libctru.a(fs.o)
                0x0010c440                FSUSER_OpenFile
 .text.FSUSER_DeleteFile
                0x0010c50c       0xb8 /opt/devkitpro/libctru/lib/libctru.a(fs.o)
                0x0010c50c                FSUSER_DeleteFile
 .text.FSUSER_RenameFile
                0x0010c5c4       0xf4 /opt/devkitpro/libctru/lib/libctru.a(fs.o)
                0x0010c5c4                FSUSER_RenameFile
 .text.FSUSER_DeleteDirectory
                0x0010c6b8       0xb8 /opt/devkitpro/libctru/lib/libctru.a(fs.o)
                0x0010c6b8                FSUSER_DeleteDirectory
 .text.FSUSER_CreateFile
                0x0010c770       0xd0 /opt/devkitpro/libctru/lib/libctru.a(fs.o)
                0x0010c770                FSUSER_CreateFile
 .text.FSUSER_CreateDirectory
                0x0010c840       0xc0 /opt/devkitpro/libctru/lib/libctru.a(fs.o)
                0x0010c840                FSUSER_CreateDirectory
 .text.FSUSER_RenameDirectory
                0x0010c900       0xf4 /opt/devkitpro/libctru/lib/libctru.a(fs.o)
                0x0010c900                FSUSER_RenameDirectory
 .text.FSUSER_OpenDirectory
                0x0010c9f4       0xb4 /opt/devkitpro/libctru/lib/libctru.a(fs.o)
                0x0010c9f4                FSUSER_OpenDirectory
 .text.FSUSER_OpenArchive
                0x0010caa8       0x90 /opt/devkitpro/libctru/lib/libctru.a(fs.o)
                0x0010caa8                FSUSER_OpenArchive
 .text.FSUSER_CloseArchive
                0x0010cb38       0x8c /opt/devkitpro/libctru/lib/libctru.a(fs.o)
                0x0010cb38                FSUSER_CloseArchive
 .text.FSUSER_GetSdmcArchiveResource
                0x0010cbc4       0x74 /opt/devkitpro/libctru/lib/libctru.a(fs.o)
                0x0010cbc4                FSUSER_GetSdmcArchiveResource
 .text.FSUSER_IsSdmcWritable
                0x0010cc38       0x64 /opt/devkitpro/libctru/lib/libctru.a(fs.o)
                0x0010cc38                FSUSER_IsSdmcWritable
 .text.FSFILE_Read
                0x0010cc9c       0x64 /opt/devkitpro/libctru/lib/libctru.a(fs.o)
                0x0010cc9c                FSFILE_Read
 .text.FSFILE_Write
                0x0010cd00       0x6c /opt/devkitpro/libctru/lib/libctru.a(fs.o)
                0x0010cd00                FSFILE_Write
 .text.FSFILE_GetSize
                0x0010cd6c       0x44 /opt/devkitpro/libctru/lib/libctru.a(fs.o)
                0x0010cd6c                FSFILE_GetSize
 .text.FSFILE_SetSize
                0x0010cdb0       0x28 /opt/devkitpro/libctru/lib/libctru.a(fs.o)
                0x0010cdb0                FSFILE_SetSize
 .text.FSFILE_Close
                0x0010cdd8       0x3c /opt/devkitpro/libctru/lib/libctru.a(fs.o)
                0x0010cdd8                FSFILE_Close
 .text.FSFILE_Flush
                0x0010ce14       0x24 /opt/devkitpro/libctru/lib/libctru.a(fs.o)
                0x0010ce14                FSFILE_Flush
 .text.FSDIR_Read
                0x0010ce38       0x60 /opt/devkitpro/libctru/lib/libctru.a(fs.o)
                0x0010ce38                FSDIR_Read
 .text.FSDIR_Close
                0x0010ce98       0x3c /opt/devkitpro/libctru/lib/libctru.a(fs.o)
                0x0010ce98                FSDIR_Close
 .text.rbtree_node_next
                0x0010ced4       0x60 /opt/devkitpro/libctru/lib/libctru.a(rbtree_iterator.o)
                0x0010ced4                rbtree_node_next
 .text.decode_utf8
                0x0010cf34      0x140 /opt/devkitpro/libctru/lib/libctru.a(decode_utf8.o)
                0x0010cf34                decode_utf8
 .text.utf16_to_utf8
                0x0010d074       0xe8 /opt/devkitpro/libctru/lib/libctru.a(utf16_to_utf8.o)
                0x0010d074                utf16_to_utf8
 .text.utf8_to_utf16
                0x0010d15c       0xc0 /opt/devkitpro/libctru/lib/libctru.a(utf8_to_utf16.o)
                0x0010d15c                utf8_to_utf16
 .text.__aeabi_read_tp
                0x0010d21c        0xc /opt/devkitpro/libctru/lib/libctru.a(readtp.o)
                0x0010d21c                __aeabi_read_tp
 .text.decode_utf16
                0x0010d228       0x54 /opt/devkitpro/libctru/lib/libctru.a(decode_utf16.o)
                0x0010d228                decode_utf16
 .text.encode_utf16
                0x0010d27c       0x54 /opt/devkitpro/libctru/lib/libctru.a(encode_utf16.o)
                0x0010d27c                encode_utf16
 .text.encode_utf8
                0x0010d2d0       0xe0 /opt/devkitpro/libctru/lib/libctru.a(encode_utf8.o)
                0x0010d2d0                encode_utf8
 .text.__fixdfdi
                0x0010d3b0       0x2c /opt/devkitpro/devkitARM/lib/gcc/arm-none-eabi/15.2.0/armv6k/fpu/libgcc.a(_fixdfdi.o)
                0x0010d3b0                __aeabi_d2lz
                0x0010d3b0                __fixdfdi
 *fill*         0x0010d3dc        0x4 
 .text.__fixunsdfdi
                0x0010d3e0       0x40 /opt/devkitpro/devkitARM/lib/gcc/arm-none-eabi/15.2.0/armv6k/fpu/libgcc.a(_fixunsdfdi.o)
                0x0010d3e0                __aeabi_d2ulz
                0x0010d3e0                __fixunsdfdi
 .text.__udivmoddi4
                0x0010d420      0x130 /opt/devkitpro/devkitARM/lib/gcc/arm-none-eabi/15.2.0/armv6k/fpu/libgcc.a(_udivmoddi4.o)
                0x0010d420                __udivmoddi4
 .text.strncat  0x0010d550       0xe4 /opt/devkitpro/devkitARM/lib/gcc/arm-none-eabi/15.2.0/../../../../arm-none-eabi/lib/armv6k/fpu/libc.a(libc_a-strncat.o)
                0x0010d550                strncat
 .text.ftell    0x0010d634       0x34 /opt/devkitpro/devkitARM/lib/gcc/arm-none-eabi/15.2.0/../../../../arm-none-eabi/lib/armv6k/fpu/libc.a(libc_a-ftell.o)
                0x0010d634                ftell
 .text.sscanf   0x0010d668       0x78 /opt/devkitpro/devkitARM/lib/gcc/arm-none-eabi/15.2.0/../../../../arm-none-eabi/lib/armv6k/fpu/libc.a(libc_a-sscanf.o)
                0x0010d668                sscanf
 .text.critical_factorization
                0x0010d6e0      0x130 /opt/devkitpro/devkitARM/lib/gcc/arm-none-eabi/15.2.0/../../../../arm-none-eabi/lib/armv6k/fpu/libc.a(libc_a-strstr.o)
 .text.two_way_long_needle
                0x0010d810      0x33c /opt/devkitpro/devkitARM/lib/gcc/arm-none-eabi/15.2.0/../../../../arm-none-eabi/lib/armv6k/fpu/libc.a(libc_a-strstr.o)
 .text.strstr   0x0010db4c      0x238 /opt/devkitpro/devkitARM/lib/gcc/arm-none-eabi/15.2.0/../../../../arm-none-eabi/lib/armv6k/fpu/libc.a(libc_a-strstr.o)
                0x0010db4c                strstr
 .text.memcpy   0x0010dd84      0x128 /opt/devkitpro/devkitARM/lib/gcc/arm-none-eabi/15.2.0/../../../../arm-none-eabi/lib/armv6k/fpu/libc.a(libc_a-memcpy-stub.o)
                0x0010dd84                memcpy
 .text.strlen   0x0010deac       0x8c /opt/devkitpro/devkitARM/lib/gcc/arm-none-eabi/15.2.0/../../../../arm-none-eabi/lib/armv6k/fpu/libc.a(libc_a-strlen.o)
                0x0010deac                strlen
 .text._fread_r
                0x0010df38      0x334 /opt/devkitpro/devkitARM/lib/gcc/arm-none-eabi/15.2.0/../../../../arm-none-eabi/lib/armv6k/fpu/libc.a(libc_a-fread.o)
                0x0010df38                _fread_r
 .text.fread    0x0010e26c       0x38 /opt/devkitpro/devkitARM/lib/gcc/arm-none-eabi/15.2.0/../../../../arm-none-eabi/lib/armv6k/fpu/libc.a(libc_a-fread.o)
                0x0010e26c                fread
 .text.bsearch  0x0010e2a4       0x78 /opt/devkitpro/devkitARM/lib/gcc/arm-none-eabi/15.2.0/../../../../arm-none-eabi/lib/armv6k/fpu/libc.a(libc_a-bsearch.o)
                0x0010e2a4                bsearch
 .text.get_arg  0x0010e31c       0x50 /opt/devkitpro/devkitARM/lib/gcc/arm-none-eabi/15.2.0/../../../../arm-none-eabi/lib/armv6k/fpu/libc.a(libc_a-svfscanf.o)
 .text.__ssvfscanf_r
                0x0010e36c     0x2b88 /opt/devkitpro/devkitARM/lib/gcc/arm-none-eabi/15.2.0/../../../../arm-none-eabi/lib/armv6k/fpu/libc.a(libc_a-svfscanf.o)
                0x0010e36c                __ssvfscanf_r
 .text._fopen_r
                0x00110ef4      0x134 /opt/devkitpro/devkitARM/lib/gcc/arm-none-eabi/15.2.0/../../../../arm-none-eabi/lib/armv6k/fpu/libc.a(libc_a-fopen.o)
                0x00110ef4                _fopen_r
 .text.fopen    0x00111028       0x28 /opt/devkitpro/devkitARM/lib/gcc/arm-none-eabi/15.2.0/../../../../arm-none-eabi/lib/armv6k/fpu/libc.a(libc_a-fopen.o)
                0x00111028                fopen
 .text.sulp     0x00111050       0x60 /opt/devkitpro/devkitARM/lib/gcc/arm-none-eabi/15.2.0/../../../../arm-none-eabi/lib/armv6k/fpu/libc.a(libc_a-strtod.o)
 .text._strtod_l
                0x001110b0     0x1428 /opt/devkitpro/devkitARM/lib/gcc/arm-none-eabi/15.2.0/../../../../arm-none-eabi/lib/armv6k/fpu/libc.a(libc_a-strtod.o)
                0x001110b0                _strtod_l
 .text._strtod_r
                0x001124d8       0x44 /opt/devkitpro/devkitARM/lib/gcc/arm-none-eabi/15.2.0/../../../../arm-none-eabi/lib/armv6k/fpu/libc.a(libc_a-strtod.o)
                0x001124d8                _strtod_r
 .text.close    0x0011251c       0x20 /opt/devkitpro/devkitARM/lib/gcc/arm-none-eabi/15.2.0/../../../../arm-none-eabi/lib/armv6k/fpu/libc.a(libc_a-sysclose.o)
                0x0011251c                close
 .text.memalign
                0x0011253c       0x28 /opt/devkitpro/devkitARM/lib/gcc/arm-none-eabi/15.2.0/../../../../arm-none-eabi/lib/armv6k/fpu/libc.a(libc_a-malign.o)
                0x0011253c                memalign
 .text._strtoull_l.isra.0
                0x00112564      0x264 /opt/devkitpro/devkitARM/lib/gcc/arm-none-eabi/15.2.0/../../../../arm-none-eabi/lib/armv6k/fpu/libc.a(libc_a-strtoull.o)
 .text._strtoull_r
                0x001127c8       0x38 /opt/devkitpro/devkitARM/lib/gcc/arm-none-eabi/15.2.0/../../../../arm-none-eabi/lib/armv6k/fpu/libc.a(libc_a-strtoull.o)
                0x001127c8                _strtoull_r
 .text.strcasecmp
                0x00112800       0x68 /opt/devkitpro/devkitARM/lib/gcc/arm-none-eabi/15.2.0/../../../../arm-none-eabi/lib/armv6k/fpu/libc.a(libc_a-strcasecmp.o)
                0x00112800                strcasecmp
 .text.rshift   0x00112868       0xf4 /opt/devkitpro/devkitARM/lib/gcc/arm-none-eabi/15.2.0/../../../../arm-none-eabi/lib/armv6k/fpu/libc.a(libc_a-gdtoa-gethex.o)
 .text.__gethex
                0x0011295c      0x8b4 /opt/devkitpro/devkitARM/lib/gcc/arm-none-eabi/15.2.0/../../../../arm-none-eabi/lib/armv6k/fpu/libc.a(libc_a-gdtoa-gethex.o)
                0x0011295c                __gethex
 .text.snprintf
                0x00113210       0xa0 /opt/devkitpro/devkitARM/lib/gcc/arm-none-eabi/15.2.0/../../../../arm-none-eabi/lib/armv6k/fpu/libc.a(libc_a-snprintf.o)
                0x00113210                snprintf
 .text.printf   0x001132b0       0x34 /opt/devkitpro/devkitARM/lib/gcc/arm-none-eabi/15.2.0/../../../../arm-none-eabi/lib/armv6k/fpu/libc.a(libc_a-printf.o)
                0x001132b0                printf
 .text._strtoul_l.isra.0
                0x001132e4      0x1ec /opt/devkitpro/devkitARM/lib/gcc/arm-none-eabi/15.2.0/../../../../arm-none-eabi/lib/armv6k/fpu/libc.a(libc_a-strtoul.o)
 .text._strtoul_r
                0x001134d0       0x38 /opt/devkitpro/devkitARM/lib/gcc/arm-none-eabi/15.2.0/../../../../arm-none-eabi/lib/armv6k/fpu/libc.a(libc_a-strtoul.o)
                0x001134d0                _strtoul_r
 .text.strtoul  0x00113508       0x3c /opt/devkitpro/devkitARM/lib/gcc/arm-none-eabi/15.2.0/../../../../arm-none-eabi/lib/armv6k/fpu/libc.a(libc_a-strtoul.o)
                0x00113508                strtoul
 .text._mbrtowc_r
                0x00113544       0xc4 /opt/devkitpro/devkitARM/lib/gcc/arm-none-eabi/15.2.0/../../../../arm-none-eabi/lib/armv6k/fpu/libc.a(libc_a-mbrtowc.o)
                0x00113544                _mbrtowc_r
 .text.remove   0x00113608       0x58 /opt/devkitpro/devkitARM/lib/gcc/arm-none-eabi/15.2.0/../../../../arm-none-eabi/lib/armv6k/fpu/libc.a(libc_a-remove.o)
                0x00113608                remove
 .text.strchr   0x00113660      0x140 /opt/devkitpro/devkitARM/lib/gcc/arm-none-eabi/15.2.0/../../../../arm-none-eabi/lib/armv6k/fpu/libc.a(libc_a-strchr.o)
                0x00113660                strchr
 .text.memcmp   0x001137a0       0xd8 /opt/devkitpro/devkitARM/lib/gcc/arm-none-eabi/15.2.0/../../../../arm-none-eabi/lib/armv6k/fpu/libc.a(libc_a-memcmp.o)
                0x001137a0                memcmp
 .text._fgets_r
                0x00113878      0x198 /opt/devkitpro/devkitARM/lib/gcc/arm-none-eabi/15.2.0/../../../../arm-none-eabi/lib/armv6k/fpu/libc.a(libc_a-fgets.o)
                0x00113878                _fgets_r
 .text.fgets    0x00113a10       0x30 /opt/devkitpro/devkitARM/lib/gcc/arm-none-eabi/15.2.0/../../../../arm-none-eabi/lib/armv6k/fpu/libc.a(libc_a-fgets.o)
                0x00113a10                fgets
 .text.calloc   0x00113a40       0x28 /opt/devkitpro/devkitARM/lib/gcc/arm-none-eabi/15.2.0/../../../../arm-none-eabi/lib/armv6k/fpu/libc.a(libc_a-calloc.o)
                0x00113a40                calloc
 .text.__sccl   0x00113a68       0xf8 /opt/devkitpro/devkitARM/lib/gcc/arm-none-eabi/15.2.0/../../../../arm-none-eabi/lib/armv6k/fpu/libc.a(libc_a-sccl.o)
                0x00113a68                __sccl
 .text._memalign_r
                0x00113b60      0x16c /opt/devkitpro/devkitARM/lib/gcc/arm-none-eabi/15.2.0/../../../../arm-none-eabi/lib/armv6k/fpu/libc.a(libc_a-malignr.o)
                0x00113b60                _memalign_r
 .text.__errno  0x00113ccc        0xc /opt/devkitpro/devkitARM/lib/gcc/arm-none-eabi/15.2.0/../../../../arm-none-eabi/lib/armv6k/fpu/libc.a(libc_a-errno.o)
                0x00113ccc                __errno
 .text.__smakebuf_r
                0x00113cd8      0x164 /opt/devkitpro/devkitARM/lib/gcc/arm-none-eabi/15.2.0/../../../../arm-none-eabi/lib/armv6k/fpu/libc.a(libc_a-makebuf.o)
                0x00113cd8                __smakebuf_r
 .text.__swhatbuf_r
                0x00113e3c       0x90 /opt/devkitpro/devkitARM/lib/gcc/arm-none-eabi/15.2.0/../../../../arm-none-eabi/lib/armv6k/fpu/libc.a(libc_a-makebuf.o)
                0x00113e3c                __swhatbuf_r
 .text._strtoll_l.isra.0
                0x00113ecc      0x47c /opt/devkitpro/devkitARM/lib/gcc/arm-none-eabi/15.2.0/../../../../arm-none-eabi/lib/armv6k/fpu/libc.a(libc_a-strtoll.o)
 .text._strtoll_r
                0x00114348       0x38 /opt/devkitpro/devkitARM/lib/gcc/arm-none-eabi/15.2.0/../../../../arm-none-eabi/lib/armv6k/fpu/libc.a(libc_a-strtoll.o)
                0x00114348                _strtoll_r
 .text.__locale_mb_cur_max
                0x00114380       0x24 /opt/devkitpro/devkitARM/lib/gcc/arm-none-eabi/15.2.0/../../../../arm-none-eabi/lib/armv6k/fpu/libc.a(libc_a-locale.o)
                0x00114380                __locale_mb_cur_max
 .text.memset   0x001143a4       0xe4 /opt/devkitpro/devkitARM/lib/gcc/arm-none-eabi/15.2.0/../../../../arm-none-eabi/lib/armv6k/fpu/libc.a(libc_a-memset.o)
                0x001143a4                memset
 .text._calloc_r
                0x00114488       0xd8 /opt/devkitpro/devkitARM/lib/gcc/arm-none-eabi/15.2.0/../../../../arm-none-eabi/lib/armv6k/fpu/libc.a(libc_a-callocr.o)
                0x00114488                _calloc_r
 .text.__sflush_r
                0x00114560      0x22c /opt/devkitpro/devkitARM/lib/gcc/arm-none-eabi/15.2.0/../../../../arm-none-eabi/lib/armv6k/fpu/libc.a(libc_a-fflush.o)
                0x00114560                __sflush_r
 .text._fflush_r
                0x0011478c       0xc4 /opt/devkitpro/devkitARM/lib/gcc/arm-none-eabi/15.2.0/../../../../arm-none-eabi/lib/armv6k/fpu/libc.a(libc_a-fflush.o)
                0x0011478c                _fflush_r
 .text._fwrite_r
                0x00114850      0x104 /opt/devkitpro/devkitARM/lib/gcc/arm-none-eabi/15.2.0/../../../../arm-none-eabi/lib/armv6k/fpu/libc.a(libc_a-fwrite.o)
                0x00114850                _fwrite_r
 .text.fwrite   0x00114954       0x38 /opt/devkitpro/devkitARM/lib/gcc/arm-none-eabi/15.2.0/../../../../arm-none-eabi/lib/armv6k/fpu/libc.a(libc_a-fwrite.o)
                0x00114954                fwrite
 .text.realloc  0x0011498c       0x28 /opt/devkitpro/devkitARM/lib/gcc/arm-none-eabi/15.2.0/../../../../arm-none-eabi/lib/armv6k/fpu/libc.a(libc_a-realloc.o)
                0x0011498c                realloc
 .text._ftello_r
                0x001149b4      0x1c4 /opt/devkitpro/devkitARM/lib/gcc/arm-none-eabi/15.2.0/../../../../arm-none-eabi/lib/armv6k/fpu/libc.a(libc_a-ftello.o)
                0x001149b4                _ftello_r
 .text._malloc_r
                0x00114b78      0x82c /opt/devkitpro/devkitARM/lib/gcc/arm-none-eabi/15.2.0/../../../../arm-none-eabi/lib/armv6k/fpu/libc.a(libc_a-mallocr.o)
                0x00114b78                _malloc_r
 .text._malloc_trim_r
                0x001153a4      0x114 /opt/devkitpro/devkitARM/lib/gcc/arm-none-eabi/15.2.0/../../../../arm-none-eabi/lib/armv6k/fpu/libc.a(libc_a-freer.o)
                0x001153a4                _malloc_trim_r
 .text._free_r  0x001154b8      0x314 /opt/devkitpro/devkitARM/lib/gcc/arm-none-eabi/15.2.0/../../../../arm-none-eabi/lib/armv6k/fpu/libc.a(libc_a-freer.o)
                0x001154b8                _free_r
 .text.setvbuf  0x001157cc      0x294 /opt/devkitpro/devkitARM/lib/gcc/arm-none-eabi/15.2.0/../../../../arm-none-eabi/lib/armv6k/fpu/libc.a(libc_a-setvbuf.o)
                0x001157cc                setvbuf
 .text.get_arg  0x00115a60       0x50 /opt/devkitpro/devkitARM/lib/gcc/arm-none-eabi/15.2.0/../../../../arm-none-eabi/lib/armv6k/fpu/libc.a(libc_a-svfiscanf.o)
 .text._sungetc_r
                0x00115ab0       0xe4 /opt/devkitpro/devkitARM/lib/gcc/arm-none-eabi/15.2.0/../../../../arm-none-eabi/lib/armv6k/fpu/libc.a(libc_a-svfiscanf.o)
                0x00115ab0                _sungetc_r
 .text.__ssrefill_r
                0x00115b94       0x6c /opt/devkitpro/devkitARM/lib/gcc/arm-none-eabi/15.2.0/../../../../arm-none-eabi/lib/armv6k/fpu/libc.a(libc_a-svfiscanf.o)
                0x00115b94                __ssrefill_r
 .text._sfread_r
                0x00115c00       0xb4 /opt/devkitpro/devkitARM/lib/gcc/arm-none-eabi/15.2.0/../../../../arm-none-eabi/lib/armv6k/fpu/libc.a(libc_a-svfiscanf.o)
                0x00115c00                _sfread_r
 .text.__ssvfiscanf_r
                0x00115cb4     0x22c4 /opt/devkitpro/devkitARM/lib/gcc/arm-none-eabi/15.2.0/../../../../arm-none-eabi/lib/armv6k/fpu/libc.a(libc_a-svfiscanf.o)
                0x00115cb4                __ssvfiscanf_r
 .text.stdio_exit_handler
                0x00117f78       0x1c /opt/devkitpro/devkitARM/lib/gcc/arm-none-eabi/15.2.0/../../../../arm-none-eabi/lib/armv6k/fpu/libc.a(libc_a-findfp.o)
 .text.cleanup_stdio
                0x00117f94       0x5c /opt/devkitpro/devkitARM/lib/gcc/arm-none-eabi/15.2.0/../../../../arm-none-eabi/lib/armv6k/fpu/libc.a(libc_a-findfp.o)
 .text.global_stdio_init.part.0
                0x00117ff0      0x154 /opt/devkitpro/devkitARM/lib/gcc/arm-none-eabi/15.2.0/../../../../arm-none-eabi/lib/armv6k/fpu/libc.a(libc_a-findfp.o)
 .text.__sfp    0x00118144      0x138 /opt/devkitpro/devkitARM/lib/gcc/arm-none-eabi/15.2.0/../../../../arm-none-eabi/lib/armv6k/fpu/libc.a(libc_a-findfp.o)
                0x00118144                __sfp
 .text.__sinit  0x0011827c       0x5c /opt/devkitpro/devkitARM/lib/gcc/arm-none-eabi/15.2.0/../../../../arm-none-eabi/lib/armv6k/fpu/libc.a(libc_a-findfp.o)
                0x0011827c                __sinit
 .text.__sfp_lock_acquire
                0x001182d8        0xc /opt/devkitpro/devkitARM/lib/gcc/arm-none-eabi/15.2.0/../../../../arm-none-eabi/lib/armv6k/fpu/libc.a(libc_a-findfp.o)
                0x001182d8                __sfp_lock_acquire
 .text.__sfp_lock_release
                0x001182e4        0xc /opt/devkitpro/devkitARM/lib/gcc/arm-none-eabi/15.2.0/../../../../arm-none-eabi/lib/armv6k/fpu/libc.a(libc_a-findfp.o)
                0x001182e4                __sfp_lock_release
 .text.atoi     0x001182f0        0xc /opt/devkitpro/devkitARM/lib/gcc/arm-none-eabi/15.2.0/../../../../arm-none-eabi/lib/armv6k/fpu/libc.a(libc_a-atoi.o)
                0x001182f0                atoi
 .text._strtol_l.part.0
                0x001182fc      0x384 /opt/devkitpro/devkitARM/lib/gcc/arm-none-eabi/15.2.0/../../../../arm-none-eabi/lib/armv6k/fpu/libc.a(libc_a-strtol.o)
 .text._strtol_r
                0x00118680       0x6c /opt/devkitpro/devkitARM/lib/gcc/arm-none-eabi/15.2.0/../../../../arm-none-eabi/lib/armv6k/fpu/libc.a(libc_a-strtol.o)
                0x00118680                _strtol_r
 .text.strtol   0x001186ec       0x74 /opt/devkitpro/devkitARM/lib/gcc/arm-none-eabi/15.2.0/../../../../arm-none-eabi/lib/armv6k/fpu/libc.a(libc_a-strtol.o)
                0x001186ec                strtol
 .text.__libc_init_array
                0x00118760       0x84 /opt/devkitpro/devkitARM/lib/gcc/arm-none-eabi/15.2.0/../../../../arm-none-eabi/lib/armv6k/fpu/libc.a(libc_a-init.o)
                0x00118760                __libc_init_array
 .text.rename   0x001187e4       0x28 /opt/devkitpro/devkitARM/lib/gcc/arm-none-eabi/15.2.0/../../../../arm-none-eabi/lib/armv6k/fpu/libc.a(libc_a-rename.o)
                0x001187e4                rename
 .text.strncpy  0x0011880c       0xd4 /opt/devkitpro/devkitARM/lib/gcc/arm-none-eabi/15.2.0/../../../../arm-none-eabi/lib/armv6k/fpu/libc.a(libc_a-strncpy.o)
                0x0011880c                strncpy
 .text._fseek_r
                0x001188e0       0x1c /opt/devkitpro/devkitARM/lib/gcc/arm-none-eabi/15.2.0/../../../../arm-none-eabi/lib/armv6k/fpu/libc.a(libc_a-fseek.o)
                0x001188e0                _fseek_r
 .text.fseek    0x001188fc       0x34 /opt/devkitpro/devkitARM/lib/gcc/arm-none-eabi/15.2.0/../../../../arm-none-eabi/lib/armv6k/fpu/libc.a(libc_a-fseek.o)
                0x001188fc                fseek
 .text.malloc   0x00118930       0x40 /opt/devkitpro/devkitARM/lib/gcc/arm-none-eabi/15.2.0/../../../../arm-none-eabi/lib/armv6k/fpu/libc.a(libc_a-malloc.o)
                0x00118930                malloc
 .text.free     0x00118970       0x20 /opt/devkitpro/devkitARM/lib/gcc/arm-none-eabi/15.2.0/../../../../arm-none-eabi/lib/armv6k/fpu/libc.a(libc_a-malloc.o)
                0x00118970                free
 .text.memchr   0x00118990       0xe8 /opt/devkitpro/devkitARM/lib/gcc/arm-none-eabi/15.2.0/../../../../arm-none-eabi/lib/armv6k/fpu/libc.a(libc_a-memchr-stub.o)
                0x00118990                memchr
 .text.strrchr  0x00118a78       0x48 /opt/devkitpro/devkitARM/lib/gcc/arm-none-eabi/15.2.0/../../../../arm-none-eabi/lib/armv6k/fpu/libc.a(libc_a-strrchr.o)
                0x00118a78                strrchr
 .text._puts_r  0x00118ac0       0xe0 /opt/devkitpro/devkitARM/lib/gcc/arm-none-eabi/15.2.0/../../../../arm-none-eabi/lib/armv6k/fpu/libc.a(libc_a-puts.o)
                0x00118ac0                _puts_r
 .text.puts     0x00118ba0       0x20 /opt/devkitpro/devkitARM/lib/gcc/arm-none-eabi/15.2.0/../../../../arm-none-eabi/lib/armv6k/fpu/libc.a(libc_a-puts.o)
                0x00118ba0                puts
 .text._findenv_r
                0x00118bc0       0xdc /opt/devkitpro/devkitARM/lib/gcc/arm-none-eabi/15.2.0/../../../../arm-none-eabi/lib/armv6k/fpu/libc.a(libc_a-getenv_r.o)
                0x00118bc0                _findenv_r
 .text._getenv_r
                0x00118c9c       0x18 /opt/devkitpro/devkitARM/lib/gcc/arm-none-eabi/15.2.0/../../../../arm-none-eabi/lib/armv6k/fpu/libc.a(libc_a-getenv_r.o)
                0x00118c9c                _getenv_r
 .text._localeconv_r
                0x00118cb4       0x24 /opt/devkitpro/devkitARM/lib/gcc/arm-none-eabi/15.2.0/../../../../arm-none-eabi/lib/armv6k/fpu/libc.a(libc_a-localeconv.o)
                0x00118cb4                _localeconv_r
 .text.__sread  0x00118cd8       0x44 /opt/devkitpro/devkitARM/lib/gcc/arm-none-eabi/15.2.0/../../../../arm-none-eabi/lib/armv6k/fpu/libc.a(libc_a-stdio.o)
                0x00118cd8                __sread
 .text.__seofread
                0x00118d1c        0x8 /opt/devkitpro/devkitARM/lib/gcc/arm-none-eabi/15.2.0/../../../../arm-none-eabi/lib/armv6k/fpu/libc.a(libc_a-stdio.o)
                0x00118d1c                __seofread
 .text.__swrite
                0x00118d24       0x68 /opt/devkitpro/devkitARM/lib/gcc/arm-none-eabi/15.2.0/../../../../arm-none-eabi/lib/armv6k/fpu/libc.a(libc_a-stdio.o)
                0x00118d24                __swrite
 .text.__sseek  0x00118d8c       0x40 /opt/devkitpro/devkitARM/lib/gcc/arm-none-eabi/15.2.0/../../../../arm-none-eabi/lib/armv6k/fpu/libc.a(libc_a-stdio.o)
                0x00118d8c                __sseek
 .text.__sclose
                0x00118dcc        0x8 /opt/devkitpro/devkitARM/lib/gcc/arm-none-eabi/15.2.0/../../../../arm-none-eabi/lib/armv6k/fpu/libc.a(libc_a-stdio.o)
                0x00118dcc                __sclose
 .text.memmove  0x00118dd4      0x1a8 /opt/devkitpro/devkitARM/lib/gcc/arm-none-eabi/15.2.0/../../../../arm-none-eabi/lib/armv6k/fpu/libc.a(libc_a-memmove.o)
                0x00118dd4                memmove
 .text._realloc_r
                0x00118f7c      0x4f0 /opt/devkitpro/devkitARM/lib/gcc/arm-none-eabi/15.2.0/../../../../arm-none-eabi/lib/armv6k/fpu/libc.a(libc_a-reallocr.o)
                0x00118f7c                _realloc_r
 .text.__malloc_lock
                0x0011946c        0xc /opt/devkitpro/devkitARM/lib/gcc/arm-none-eabi/15.2.0/../../../../arm-none-eabi/lib/armv6k/fpu/libc.a(libc_a-mlock.o)
                0x0011946c                __malloc_lock
 .text.__malloc_unlock
                0x00119478        0xc /opt/devkitpro/devkitARM/lib/gcc/arm-none-eabi/15.2.0/../../../../arm-none-eabi/lib/armv6k/fpu/libc.a(libc_a-mlock.o)
                0x00119478                __malloc_unlock
 .text._fseeko_r
                0x00119484      0x588 /opt/devkitpro/devkitARM/lib/gcc/arm-none-eabi/15.2.0/../../../../arm-none-eabi/lib/armv6k/fpu/libc.a(libc_a-fseeko.o)
                0x00119484                _fseeko_r
 .text._fclose_r
                0x00119a0c      0x148 /opt/devkitpro/devkitARM/lib/gcc/arm-none-eabi/15.2.0/../../../../arm-none-eabi/lib/armv6k/fpu/libc.a(libc_a-fclose.o)
                0x00119a0c                _fclose_r
 .text.fclose   0x00119b54       0x20 /opt/devkitpro/devkitARM/lib/gcc/arm-none-eabi/15.2.0/../../../../arm-none-eabi/lib/armv6k/fpu/libc.a(libc_a-fclose.o)
                0x00119b54                fclose
 .text.putchar  0x00119b74       0x24 /opt/devkitpro/devkitARM/lib/gcc/arm-none-eabi/15.2.0/../../../../arm-none-eabi/lib/armv6k/fpu/libc.a(libc_a-putchar.o)
                0x00119b74                putchar
 .text.__call_exitprocs
                0x00119b98        0x4 /opt/devkitpro/devkitARM/lib/gcc/arm-none-eabi/15.2.0/../../../../arm-none-eabi/lib/armv6k/fpu/libc.a(libc_a-exit.o)
                0x00119b98                __call_exitprocs
 .text.exit     0x00119b9c       0x30 /opt/devkitpro/devkitARM/lib/gcc/arm-none-eabi/15.2.0/../../../../arm-none-eabi/lib/armv6k/fpu/libc.a(libc_a-exit.o)
                0x00119b9c                exit
 .text.get_arg  0x00119bcc      0x5e0 /opt/devkitpro/devkitARM/lib/gcc/arm-none-eabi/15.2.0/../../../../arm-none-eabi/lib/armv6k/fpu/libc.a(libc_a-svfprintf.o)
 *fill*         0x0011a1ac        0x4 
 .text._svfprintf_r
                0x0011a1b0     0x345c /opt/devkitpro/devkitARM/lib/gcc/arm-none-eabi/15.2.0/../../../../arm-none-eabi/lib/armv6k/fpu/libc.a(libc_a-svfprintf.o)
                0x0011a1b0                _svfprintf_r
 .text.__sflags
                0x0011d60c       0xb8 /opt/devkitpro/devkitARM/lib/gcc/arm-none-eabi/15.2.0/../../../../arm-none-eabi/lib/armv6k/fpu/libc.a(libc_a-flags.o)
                0x0011d60c                __sflags
 .text.stat     0x0011d6c4       0x28 /opt/devkitpro/devkitARM/lib/gcc/arm-none-eabi/15.2.0/../../../../arm-none-eabi/lib/armv6k/fpu/libc.a(libc_a-sysstat.o)
                0x0011d6c4                stat
 .text.__utf8_wctomb
                0x0011d6ec       0xf8 /opt/devkitpro/devkitARM/lib/gcc/arm-none-eabi/15.2.0/../../../../arm-none-eabi/lib/armv6k/fpu/libc.a(libc_a-wctomb_r.o)
                0x0011d6ec                __utf8_wctomb
 .text.__libc_fini_array
                0x0011d7e4       0x3c /opt/devkitpro/devkitARM/lib/gcc/arm-none-eabi/15.2.0/../../../../arm-none-eabi/lib/armv6k/fpu/libc.a(libc_a-fini.o)
                0x0011d7e4                __libc_fini_array
 .text.strnlen  0x0011d820       0x3c /opt/devkitpro/devkitARM/lib/gcc/arm-none-eabi/15.2.0/../../../../arm-none-eabi/lib/armv6k/fpu/libc.a(libc_a-strnlen.o)
                0x0011d820                strnlen
 .text.gmtime_r
                0x0011d85c      0x25c /opt/devkitpro/devkitARM/lib/gcc/arm-none-eabi/15.2.0/../../../../arm-none-eabi/lib/armv6k/fpu/libc.a(libc_a-gmtime_r.o)
                0x0011d85c                gmtime_r
 .text.rewind   0x0011dab8       0x2c /opt/devkitpro/devkitARM/lib/gcc/arm-none-eabi/15.2.0/../../../../arm-none-eabi/lib/armv6k/fpu/libc.a(libc_a-rewind.o)
                0x0011dab8                rewind
 .text.strncmp  0x0011dae4       0xd8 /opt/devkitpro/devkitARM/lib/gcc/arm-none-eabi/15.2.0/../../../../arm-none-eabi/lib/armv6k/fpu/libc.a(libc_a-strncmp.o)
                0x0011dae4                strncmp
 .text.__match  0x0011dbbc       0x70 /opt/devkitpro/devkitARM/lib/gcc/arm-none-eabi/15.2.0/../../../../arm-none-eabi/lib/armv6k/fpu/libc.a(libc_a-gdtoa-hexnan.o)
                0x0011dbbc                __match
 .text.__hexnan
                0x0011dc2c      0x2a8 /opt/devkitpro/devkitARM/lib/gcc/arm-none-eabi/15.2.0/../../../../arm-none-eabi/lib/armv6k/fpu/libc.a(libc_a-gdtoa-hexnan.o)
                0x0011dc2c                __hexnan
 .text.sprintf  0x0011ded4       0x68 /opt/devkitpro/devkitARM/lib/gcc/arm-none-eabi/15.2.0/../../../../arm-none-eabi/lib/armv6k/fpu/libc.a(libc_a-sprintf.o)
                0x0011ded4                sprintf
 .text.iso_year_adjust
                0x0011df3c      0x140 /opt/devkitpro/devkitARM/lib/gcc/arm-none-eabi/15.2.0/../../../../arm-none-eabi/lib/armv6k/fpu/libc.a(libc_a-strftime.o)
 .text.__strftime.isra.0
                0x0011e07c     0x1118 /opt/devkitpro/devkitARM/lib/gcc/arm-none-eabi/15.2.0/../../../../arm-none-eabi/lib/armv6k/fpu/libc.a(libc_a-strftime.o)
 .text.strftime
                0x0011f194       0x38 /opt/devkitpro/devkitARM/lib/gcc/arm-none-eabi/15.2.0/../../../../arm-none-eabi/lib/armv6k/fpu/libc.a(libc_a-strftime.o)
                0x0011f194                strftime
 .text.lflush   0x0011f1cc       0x38 /opt/devkitpro/devkitARM/lib/gcc/arm-none-eabi/15.2.0/../../../../arm-none-eabi/lib/armv6k/fpu/libc.a(libc_a-refill.o)
 .text.__srefill_r
                0x0011f204      0x1a8 /opt/devkitpro/devkitARM/lib/gcc/arm-none-eabi/15.2.0/../../../../arm-none-eabi/lib/armv6k/fpu/libc.a(libc_a-refill.o)
                0x0011f204                __srefill_r
 *fill*         0x0011f3ac        0x4 
 .text.nan      0x0011f3b0       0x10 /opt/devkitpro/devkitARM/lib/gcc/arm-none-eabi/15.2.0/../../../../arm-none-eabi/lib/armv6k/fpu/libc.a(libm_a-s_nan.o)
                0x0011f3b0                nan
 .text.nanf     0x0011f3c0        0xc /opt/devkitpro/devkitARM/lib/gcc/arm-none-eabi/15.2.0/../../../../arm-none-eabi/lib/armv6k/fpu/libc.a(libm_a-sf_nan.o)
                0x0011f3c0                nanf
 *fill*         0x0011f3cc        0x4 
 .text.frexp    0x0011f3d0       0x88 /opt/devkitpro/devkitARM/lib/gcc/arm-none-eabi/15.2.0/../../../../arm-none-eabi/lib/armv6k/fpu/libc.a(libm_a-s_frexp.o)
                0x0011f3d0                frexp
 .text.stpncpy  0x0011f458       0xdc /opt/devkitpro/devkitARM/lib/gcc/arm-none-eabi/15.2.0/../../../../arm-none-eabi/lib/armv6k/fpu/libc.a(libc_a-stpncpy.o)
                0x0011f458                stpncpy
 .text.__env_lock
                0x0011f534        0xc /opt/devkitpro/devkitARM/lib/gcc/arm-none-eabi/15.2.0/../../../../arm-none-eabi/lib/armv6k/fpu/libc.a(libc_a-envlock.o)
                0x0011f534                __env_lock
 .text.__env_unlock
                0x0011f540        0xc /opt/devkitpro/devkitARM/lib/gcc/arm-none-eabi/15.2.0/../../../../arm-none-eabi/lib/armv6k/fpu/libc.a(libc_a-envlock.o)
                0x0011f540                __env_unlock
 .text.__assert_func
                0x0011f54c       0x5c /opt/devkitpro/devkitARM/lib/gcc/arm-none-eabi/15.2.0/../../../../arm-none-eabi/lib/armv6k/fpu/libc.a(libc_a-assert.o)
                0x0011f54c                __assert_func
 .text.iswspace
                0x0011f5a8        0x8 /opt/devkitpro/devkitARM/lib/gcc/arm-none-eabi/15.2.0/../../../../arm-none-eabi/lib/armv6k/fpu/libc.a(libc_a-iswspace.o)
                0x0011f5a8                iswspace
 .text._Balloc  0x0011f5b0       0x88 /opt/devkitpro/devkitARM/lib/gcc/arm-none-eabi/15.2.0/../../../../arm-none-eabi/lib/armv6k/fpu/libc.a(libc_a-mprec.o)
                0x0011f5b0                _Balloc
 .text._Bfree   0x0011f638       0x1c /opt/devkitpro/devkitARM/lib/gcc/arm-none-eabi/15.2.0/../../../../arm-none-eabi/lib/armv6k/fpu/libc.a(libc_a-mprec.o)
                0x0011f638                _Bfree
 .text.__multadd
                0x0011f654       0xf4 /opt/devkitpro/devkitARM/lib/gcc/arm-none-eabi/15.2.0/../../../../arm-none-eabi/lib/armv6k/fpu/libc.a(libc_a-mprec.o)
                0x0011f654                __multadd
 .text.__s2b    0x0011f748      0x10c /opt/devkitpro/devkitARM/lib/gcc/arm-none-eabi/15.2.0/../../../../arm-none-eabi/lib/armv6k/fpu/libc.a(libc_a-mprec.o)
                0x0011f748                __s2b
 .text.__hi0bits
                0x0011f854       0x80 /opt/devkitpro/devkitARM/lib/gcc/arm-none-eabi/15.2.0/../../../../arm-none-eabi/lib/armv6k/fpu/libc.a(libc_a-mprec.o)
                0x0011f854                __hi0bits
 .text.__lo0bits
                0x0011f8d4       0xf0 /opt/devkitpro/devkitARM/lib/gcc/arm-none-eabi/15.2.0/../../../../arm-none-eabi/lib/armv6k/fpu/libc.a(libc_a-mprec.o)
                0x0011f8d4                __lo0bits
 .text.__i2b    0x0011f9c4       0xa4 /opt/devkitpro/devkitARM/lib/gcc/arm-none-eabi/15.2.0/../../../../arm-none-eabi/lib/armv6k/fpu/libc.a(libc_a-mprec.o)
                0x0011f9c4                __i2b
 .text.__multiply
                0x0011fa68      0x230 /opt/devkitpro/devkitARM/lib/gcc/arm-none-eabi/15.2.0/../../../../arm-none-eabi/lib/armv6k/fpu/libc.a(libc_a-mprec.o)
                0x0011fa68                __multiply
 .text.__pow5mult
                0x0011fc98      0x130 /opt/devkitpro/devkitARM/lib/gcc/arm-none-eabi/15.2.0/../../../../arm-none-eabi/lib/armv6k/fpu/libc.a(libc_a-mprec.o)
                0x0011fc98                __pow5mult
 .text.__lshift
                0x0011fdc8      0x138 /opt/devkitpro/devkitARM/lib/gcc/arm-none-eabi/15.2.0/../../../../arm-none-eabi/lib/armv6k/fpu/libc.a(libc_a-mprec.o)
                0x0011fdc8                __lshift
 .text.__mcmp   0x0011ff00       0x58 /opt/devkitpro/devkitARM/lib/gcc/arm-none-eabi/15.2.0/../../../../arm-none-eabi/lib/armv6k/fpu/libc.a(libc_a-mprec.o)
                0x0011ff00                __mcmp
 .text.__mdiff  0x0011ff58      0x218 /opt/devkitpro/devkitARM/lib/gcc/arm-none-eabi/15.2.0/../../../../arm-none-eabi/lib/armv6k/fpu/libc.a(libc_a-mprec.o)
                0x0011ff58                __mdiff
 .text.__ulp    0x00120170       0x68 /opt/devkitpro/devkitARM/lib/gcc/arm-none-eabi/15.2.0/../../../../arm-none-eabi/lib/armv6k/fpu/libc.a(libc_a-mprec.o)
                0x00120170                __ulp
 .text.__b2d    0x001201d8       0xd4 /opt/devkitpro/devkitARM/lib/gcc/arm-none-eabi/15.2.0/../../../../arm-none-eabi/lib/armv6k/fpu/libc.a(libc_a-mprec.o)
                0x001201d8                __b2d
 .text.__d2b    0x001202ac      0x120 /opt/devkitpro/devkitARM/lib/gcc/arm-none-eabi/15.2.0/../../../../arm-none-eabi/lib/armv6k/fpu/libc.a(libc_a-mprec.o)
                0x001202ac                __d2b
 .text.__ratio  0x001203cc       0x78 /opt/devkitpro/devkitARM/lib/gcc/arm-none-eabi/15.2.0/../../../../arm-none-eabi/lib/armv6k/fpu/libc.a(libc_a-mprec.o)
                0x001203cc                __ratio
 .text.__copybits
                0x00120444       0x8c /opt/devkitpro/devkitARM/lib/gcc/arm-none-eabi/15.2.0/../../../../arm-none-eabi/lib/armv6k/fpu/libc.a(libc_a-mprec.o)
                0x00120444                __copybits
 .text.__any_on
                0x001204d0       0x5c /opt/devkitpro/devkitARM/lib/gcc/arm-none-eabi/15.2.0/../../../../arm-none-eabi/lib/armv6k/fpu/libc.a(libc_a-mprec.o)
                0x001204d0                __any_on
 .text.abs      0x0012052c        0xc /opt/devkitpro/devkitARM/lib/gcc/arm-none-eabi/15.2.0/../../../../arm-none-eabi/lib/armv6k/fpu/libc.a(libc_a-abs.o)
                0x0012052c                abs
 .text._fwalk_sglue
                0x00120538       0x70 /opt/devkitpro/devkitARM/lib/gcc/arm-none-eabi/15.2.0/../../../../arm-none-eabi/lib/armv6k/fpu/libc.a(libc_a-fwalk.o)
                0x00120538                _fwalk_sglue
 .text.get_arg  0x001205a8      0x5e0 /opt/devkitpro/devkitARM/lib/gcc/arm-none-eabi/15.2.0/../../../../arm-none-eabi/lib/armv6k/fpu/libc.a(libc_a-vfprintf.o)
 .text._vfprintf_r
                0x00120b88     0x3554 /opt/devkitpro/devkitARM/lib/gcc/arm-none-eabi/15.2.0/../../../../arm-none-eabi/lib/armv6k/fpu/libc.a(libc_a-vfprintf.o)
                0x00120b88                _vfprintf_r
 .text.__sbprintf
                0x001240dc       0xb4 /opt/devkitpro/devkitARM/lib/gcc/arm-none-eabi/15.2.0/../../../../arm-none-eabi/lib/armv6k/fpu/libc.a(libc_a-vfprintf.o)
 .text._wcrtomb_r
                0x00124190       0xa0 /opt/devkitpro/devkitARM/lib/gcc/arm-none-eabi/15.2.0/../../../../arm-none-eabi/lib/armv6k/fpu/libc.a(libc_a-wcrtomb.o)
                0x00124190                _wcrtomb_r
 .text.get_arg  0x00124230      0x5e0 /opt/devkitpro/devkitARM/lib/gcc/arm-none-eabi/15.2.0/../../../../arm-none-eabi/lib/armv6k/fpu/libc.a(libc_a-svfiprintf.o)
 .text._svfiprintf_r
                0x00124810     0x226c /opt/devkitpro/devkitARM/lib/gcc/arm-none-eabi/15.2.0/../../../../arm-none-eabi/lib/armv6k/fpu/libc.a(libc_a-svfiprintf.o)
                0x00124810                _svfiprintf_r
 .text.__submore
                0x00126a7c       0xb8 /opt/devkitpro/devkitARM/lib/gcc/arm-none-eabi/15.2.0/../../../../arm-none-eabi/lib/armv6k/fpu/libc.a(libc_a-ungetc.o)
                0x00126a7c                __submore
 .text.__ssprint_r
                0x00126b34       0xa4 /opt/devkitpro/devkitARM/lib/gcc/arm-none-eabi/15.2.0/../../../../arm-none-eabi/lib/armv6k/fpu/libc.a(libc_a-ssprint_r.o)
                0x00126b34                __ssprint_r
 .text.__utf8_mbtowc
                0x00126bd8      0x340 /opt/devkitpro/devkitARM/lib/gcc/arm-none-eabi/15.2.0/../../../../arm-none-eabi/lib/armv6k/fpu/libc.a(libc_a-mbtowc_r.o)
                0x00126bd8                __utf8_mbtowc
 .text.fiprintf
                0x00126f18       0x3c /opt/devkitpro/devkitARM/lib/gcc/arm-none-eabi/15.2.0/../../../../arm-none-eabi/lib/armv6k/fpu/libc.a(libc_a-fiprintf.o)
                0x00126f18                fiprintf
 .text.__sfvwrite_r
                0x00126f54      0x4a4 /opt/devkitpro/devkitARM/lib/gcc/arm-none-eabi/15.2.0/../../../../arm-none-eabi/lib/armv6k/fpu/libc.a(libc_a-fvwrite.o)
                0x00126f54                __sfvwrite_r
 .text.__tz_lock
                0x001273f8        0xc /opt/devkitpro/devkitARM/lib/gcc/arm-none-eabi/15.2.0/../../../../arm-none-eabi/lib/armv6k/fpu/libc.a(libc_a-tzlock.o)
                0x001273f8                __tz_lock
 .text.__tz_unlock
                0x00127404        0xc /opt/devkitpro/devkitARM/lib/gcc/arm-none-eabi/15.2.0/../../../../arm-none-eabi/lib/armv6k/fpu/libc.a(libc_a-tzlock.o)
                0x00127404                __tz_unlock
 .text.labs     0x00127410        0xc /opt/devkitpro/devkitARM/lib/gcc/arm-none-eabi/15.2.0/../../../../arm-none-eabi/lib/armv6k/fpu/libc.a(libc_a-labs.o)
                0x00127410                labs
 .text.abort    0x0012741c       0x14 /opt/devkitpro/devkitARM/lib/gcc/arm-none-eabi/15.2.0/../../../../arm-none-eabi/lib/armv6k/fpu/libc.a(libc_a-abort.o)
                0x0012741c                abort
 .text.strcpy   0x00127430       0xf0 /opt/devkitpro/devkitARM/lib/gcc/arm-none-eabi/15.2.0/../../../../arm-none-eabi/lib/armv6k/fpu/libc.a(libc_a-strcpy.o)
                0x00127430                strcpy
 .text.__sprint_r
                0x00127520       0x30 /opt/devkitpro/devkitARM/lib/gcc/arm-none-eabi/15.2.0/../../../../arm-none-eabi/lib/armv6k/fpu/libc.a(libc_a-sprint_r.o)
                0x00127520                __sprint_r
 .text._putc_r  0x00127550       0xfc /opt/devkitpro/devkitARM/lib/gcc/arm-none-eabi/15.2.0/../../../../arm-none-eabi/lib/armv6k/fpu/libc.a(libc_a-putc.o)
                0x00127550                _putc_r
 .text.quorem   0x0012764c      0x1c0 /opt/devkitpro/devkitARM/lib/gcc/arm-none-eabi/15.2.0/../../../../arm-none-eabi/lib/armv6k/fpu/libc.a(libc_a-dtoa.o)
 *fill*         0x0012780c        0x4 
 .text._dtoa_r  0x00127810     0x1420 /opt/devkitpro/devkitARM/lib/gcc/arm-none-eabi/15.2.0/../../../../arm-none-eabi/lib/armv6k/fpu/libc.a(libc_a-dtoa.o)
                0x00127810                _dtoa_r
 .text.__swbuf_r
                0x00128c30      0x124 /opt/devkitpro/devkitARM/lib/gcc/arm-none-eabi/15.2.0/../../../../arm-none-eabi/lib/armv6k/fpu/libc.a(libc_a-wbuf.o)
                0x00128c30                __swbuf_r
 .text._tzset_unlocked
                0x00128d54       0x10 /opt/devkitpro/devkitARM/lib/gcc/arm-none-eabi/15.2.0/../../../../arm-none-eabi/lib/armv6k/fpu/libc.a(libc_a-tzset.o)
                0x00128d54                _tzset_unlocked
 .text._wcsrtombs_r
                0x00128d64       0x28 /opt/devkitpro/devkitARM/lib/gcc/arm-none-eabi/15.2.0/../../../../arm-none-eabi/lib/armv6k/fpu/libc.a(libc_a-wcsrtombs.o)
                0x00128d64                _wcsrtombs_r
 .text.__swsetup_r
                0x00128d8c      0x140 /opt/devkitpro/devkitARM/lib/gcc/arm-none-eabi/15.2.0/../../../../arm-none-eabi/lib/armv6k/fpu/libc.a(libc_a-wsetup.o)
                0x00128d8c                __swsetup_r
 .text.__gettzinfo
                0x00128ecc        0xc /opt/devkitpro/devkitARM/lib/gcc/arm-none-eabi/15.2.0/../../../../arm-none-eabi/lib/armv6k/fpu/libc.a(libc_a-gettzinfo.o)
                0x00128ecc                __gettzinfo
 .text.iswspace_l
                0x00128ed8       0x38 /opt/devkitpro/devkitARM/lib/gcc/arm-none-eabi/15.2.0/../../../../arm-none-eabi/lib/armv6k/fpu/libc.a(libc_a-iswspace_l.o)
                0x00128ed8                iswspace_l
 .text.__ssputs_r
                0x00128f10      0x12c /opt/devkitpro/devkitARM/lib/gcc/arm-none-eabi/15.2.0/../../../../arm-none-eabi/lib/armv6k/fpu/libc.a(libc_a-ssputs_r.o)
                0x00128f10                __ssputs_r
 .text.get_arg  0x0012903c      0x5e0 /opt/devkitpro/devkitARM/lib/gcc/arm-none-eabi/15.2.0/../../../../arm-none-eabi/lib/armv6k/fpu/libc.a(libc_a-vfiprintf.o)
 .text._vfiprintf_r
                0x0012961c     0x22f8 /opt/devkitpro/devkitARM/lib/gcc/arm-none-eabi/15.2.0/../../../../arm-none-eabi/lib/armv6k/fpu/libc.a(libc_a-vfiprintf.o)
                0x0012961c                _vfiprintf_r
 .text.__sbprintf
                0x0012b914       0xb4 /opt/devkitpro/devkitARM/lib/gcc/arm-none-eabi/15.2.0/../../../../arm-none-eabi/lib/armv6k/fpu/libc.a(libc_a-vfiprintf.o)
 .text._tzset_unlocked_r
                0x0012b9c8      0x648 /opt/devkitpro/devkitARM/lib/gcc/arm-none-eabi/15.2.0/../../../../arm-none-eabi/lib/armv6k/fpu/libc.a(libc_a-tzset_r.o)
                0x0012b9c8                _tzset_unlocked_r
 .text._wcsnrtombs_l
                0x0012c010      0x15c /opt/devkitpro/devkitARM/lib/gcc/arm-none-eabi/15.2.0/../../../../arm-none-eabi/lib/armv6k/fpu/libc.a(libc_a-wcsnrtombs.o)
                0x0012c010                _wcsnrtombs_l
 .text._wcsnrtombs_r
                0x0012c16c       0x64 /opt/devkitpro/devkitARM/lib/gcc/arm-none-eabi/15.2.0/../../../../arm-none-eabi/lib/armv6k/fpu/libc.a(libc_a-wcsnrtombs.o)
                0x0012c16c                _wcsnrtombs_r
 .text.sniprintf
                0x0012c1d0       0xa0 /opt/devkitpro/devkitARM/lib/gcc/arm-none-eabi/15.2.0/../../../../arm-none-eabi/lib/armv6k/fpu/libc.a(libc_a-sniprintf.o)
                0x0012c1d0                sniprintf
 .text._raise_r
                0x0012c270       0x9c /opt/devkitpro/devkitARM/lib/gcc/arm-none-eabi/15.2.0/../../../../arm-none-eabi/lib/armv6k/fpu/libc.a(libc_a-signal.o)
                0x0012c270                _raise_r
 .text.raise    0x0012c30c       0x20 /opt/devkitpro/devkitARM/lib/gcc/arm-none-eabi/15.2.0/../../../../arm-none-eabi/lib/armv6k/fpu/libc.a(libc_a-signal.o)
                0x0012c30c                raise
 .text.category
                0x0012c32c       0x90 /opt/devkitpro/devkitARM/lib/gcc/arm-none-eabi/15.2.0/../../../../arm-none-eabi/lib/armv6k/fpu/libc.a(libc_a-categories.o)
                0x0012c32c                category
 .text.__tzcalc_limits
                0x0012c3bc      0x258 /opt/devkitpro/devkitARM/lib/gcc/arm-none-eabi/15.2.0/../../../../arm-none-eabi/lib/armv6k/fpu/libc.a(libc_a-tzcalc_limits.o)
                0x0012c3bc                __tzcalc_limits
 .text.siscanf  0x0012c614       0x78 /opt/devkitpro/devkitARM/lib/gcc/arm-none-eabi/15.2.0/../../../../arm-none-eabi/lib/armv6k/fpu/libc.a(libc_a-siscanf.o)
                0x0012c614                siscanf
 .text._exit    0x0012c68c       0x20 /opt/devkitpro/devkitARM/lib/gcc/arm-none-eabi/15.2.0/../../../../arm-none-eabi/lib/armv6k/fpu/libsysbase.a(libsysbase_libsysbase_a-_exit.o)
                0x0012c68c                _exit
 .text.chdir    0x0012c6ac      0x140 /opt/devkitpro/devkitARM/lib/gcc/arm-none-eabi/15.2.0/../../../../arm-none-eabi/lib/armv6k/fpu/libsysbase.a(libsysbase_libsysbase_a-chdir.o)
                0x0012c6ac                chdir
 .text._concatenate_path
                0x0012c7ec      0x1c8 /opt/devkitpro/devkitARM/lib/gcc/arm-none-eabi/15.2.0/../../../../arm-none-eabi/lib/armv6k/fpu/libsysbase.a(libsysbase_libsysbase_a-concatenate.o)
                0x0012c7ec                _concatenate_path
 .text.__dirnext
                0x0012c9b4       0x70 /opt/devkitpro/devkitARM/lib/gcc/arm-none-eabi/15.2.0/../../../../arm-none-eabi/lib/armv6k/fpu/libsysbase.a(libsysbase_libsysbase_a-dirent.o)
 .text.opendir  0x0012ca24      0x114 /opt/devkitpro/devkitARM/lib/gcc/arm-none-eabi/15.2.0/../../../../arm-none-eabi/lib/armv6k/fpu/libsysbase.a(libsysbase_libsysbase_a-dirent.o)
                0x0012ca24                opendir
 .text.closedir
                0x0012cb38       0x98 /opt/devkitpro/devkitARM/lib/gcc/arm-none-eabi/15.2.0/../../../../arm-none-eabi/lib/armv6k/fpu/libsysbase.a(libsysbase_libsysbase_a-dirent.o)
                0x0012cb38                closedir
 .text.readdir_r
                0x0012cbd0       0xf8 /opt/devkitpro/devkitARM/lib/gcc/arm-none-eabi/15.2.0/../../../../arm-none-eabi/lib/armv6k/fpu/libsysbase.a(libsysbase_libsysbase_a-dirent.o)
                0x0012cbd0                readdir_r
 .text.readdir  0x0012ccc8       0x48 /opt/devkitpro/devkitARM/lib/gcc/arm-none-eabi/15.2.0/../../../../arm-none-eabi/lib/armv6k/fpu/libsysbase.a(libsysbase_libsysbase_a-dirent.o)
                0x0012ccc8                readdir
 .text._fstat_r
                0x0012cd10       0x9c /opt/devkitpro/devkitARM/lib/gcc/arm-none-eabi/15.2.0/../../../../arm-none-eabi/lib/armv6k/fpu/libsysbase.a(libsysbase_libsysbase_a-fstat.o)
                0x0012cd10                _fstat_r
 .text._getpid_r
                0x0012cdac       0x14 /opt/devkitpro/devkitARM/lib/gcc/arm-none-eabi/15.2.0/../../../../arm-none-eabi/lib/armv6k/fpu/libsysbase.a(libsysbase_libsysbase_a-getpid.o)
                0x0012cdac                _getpid_r
 .text.__getreent
                0x0012cdc0       0x2c /opt/devkitpro/devkitARM/lib/gcc/arm-none-eabi/15.2.0/../../../../arm-none-eabi/lib/armv6k/fpu/libsysbase.a(libsysbase_libsysbase_a-getreent.o)
                0x0012cdc0                __getreent
 .text.__release_handle
                0x0012cdec       0xa0 /opt/devkitpro/devkitARM/lib/gcc/arm-none-eabi/15.2.0/../../../../arm-none-eabi/lib/armv6k/fpu/libsysbase.a(libsysbase_libsysbase_a-handle_manager.o)
                0x0012cdec                __release_handle
 .text.__alloc_handle
                0x0012ce8c       0xb0 /opt/devkitpro/devkitARM/lib/gcc/arm-none-eabi/15.2.0/../../../../arm-none-eabi/lib/armv6k/fpu/libsysbase.a(libsysbase_libsysbase_a-handle_manager.o)
                0x0012ce8c                __alloc_handle
 .text.__get_handle
                0x0012cf3c       0x58 /opt/devkitpro/devkitARM/lib/gcc/arm-none-eabi/15.2.0/../../../../arm-none-eabi/lib/armv6k/fpu/libsysbase.a(libsysbase_libsysbase_a-handle_manager.o)
                0x0012cf3c                __get_handle
 .text._close_r
                0x0012cf94      0x110 /opt/devkitpro/devkitARM/lib/gcc/arm-none-eabi/15.2.0/../../../../arm-none-eabi/lib/armv6k/fpu/libsysbase.a(libsysbase_libsysbase_a-handle_manager.o)
                0x0012cf94                _close_r
 .text.null_write
                0x0012d0a4        0x8 /opt/devkitpro/devkitARM/lib/gcc/arm-none-eabi/15.2.0/../../../../arm-none-eabi/lib/armv6k/fpu/libsysbase.a(libsysbase_libsysbase_a-iosupport.o)
 .text.setDefaultDevice
                0x0012d0ac       0x18 /opt/devkitpro/devkitARM/lib/gcc/arm-none-eabi/15.2.0/../../../../arm-none-eabi/lib/armv6k/fpu/libsysbase.a(libsysbase_libsysbase_a-iosupport.o)
                0x0012d0ac                setDefaultDevice
 .text.FindDevice
                0x0012d0c4       0x98 /opt/devkitpro/devkitARM/lib/gcc/arm-none-eabi/15.2.0/../../../../arm-none-eabi/lib/armv6k/fpu/libsysbase.a(libsysbase_libsysbase_a-iosupport.o)
                0x0012d0c4                FindDevice
 .text.RemoveDevice
                0x0012d15c       0x24 /opt/devkitpro/devkitARM/lib/gcc/arm-none-eabi/15.2.0/../../../../arm-none-eabi/lib/armv6k/fpu/libsysbase.a(libsysbase_libsysbase_a-iosupport.o)
                0x0012d15c                RemoveDevice
 .text.AddDevice
                0x0012d180       0x88 /opt/devkitpro/devkitARM/lib/gcc/arm-none-eabi/15.2.0/../../../../arm-none-eabi/lib/armv6k/fpu/libsysbase.a(libsysbase_libsysbase_a-iosupport.o)
                0x0012d180                AddDevice
 .text.GetDeviceOpTab
                0x0012d208       0x20 /opt/devkitpro/devkitARM/lib/gcc/arm-none-eabi/15.2.0/../../../../arm-none-eabi/lib/armv6k/fpu/libsysbase.a(libsysbase_libsysbase_a-iosupport.o)
                0x0012d208                GetDeviceOpTab
 .text._isatty_r
                0x0012d228        0x8 /opt/devkitpro/devkitARM/lib/gcc/arm-none-eabi/15.2.0/../../../../arm-none-eabi/lib/armv6k/fpu/libsysbase.a(libsysbase_libsysbase_a-isatty.o)
                0x0012d228                _isatty_r
 .text._kill_r  0x0012d230       0x14 /opt/devkitpro/devkitARM/lib/gcc/arm-none-eabi/15.2.0/../../../../arm-none-eabi/lib/armv6k/fpu/libsysbase.a(libsysbase_libsysbase_a-kill.o)
                0x0012d230                _kill_r
 .text._lseek_r
                0x0012d244       0x94 /opt/devkitpro/devkitARM/lib/gcc/arm-none-eabi/15.2.0/../../../../arm-none-eabi/lib/armv6k/fpu/libsysbase.a(libsysbase_libsysbase_a-lseek.o)
                0x0012d244                _lseek_r
 .text._open_r  0x0012d2d8       0xc0 /opt/devkitpro/devkitARM/lib/gcc/arm-none-eabi/15.2.0/../../../../arm-none-eabi/lib/armv6k/fpu/libsysbase.a(libsysbase_libsysbase_a-open.o)
                0x0012d2d8                _open_r
 .text._read_r  0x0012d398       0x94 /opt/devkitpro/devkitARM/lib/gcc/arm-none-eabi/15.2.0/../../../../arm-none-eabi/lib/armv6k/fpu/libsysbase.a(libsysbase_libsysbase_a-read.o)
                0x0012d398                _read_r
 .text._rename_r
                0x0012d42c       0x88 /opt/devkitpro/devkitARM/lib/gcc/arm-none-eabi/15.2.0/../../../../arm-none-eabi/lib/armv6k/fpu/libsysbase.a(libsysbase_libsysbase_a-rename.o)
                0x0012d42c                _rename_r
 .text._rmdir_r
                0x0012d4b4       0x7c /opt/devkitpro/devkitARM/lib/gcc/arm-none-eabi/15.2.0/../../../../arm-none-eabi/lib/armv6k/fpu/libsysbase.a(libsysbase_libsysbase_a-rmdir.o)
                0x0012d4b4                _rmdir_r
 .text._sbrk_r  0x0012d530       0x78 /opt/devkitpro/devkitARM/lib/gcc/arm-none-eabi/15.2.0/../../../../arm-none-eabi/lib/armv6k/fpu/libsysbase.a(libsysbase_libsysbase_a-sbrk.o)
                0x0012d530                _sbrk_r
 .text._stat_r  0x0012d5a8       0x80 /opt/devkitpro/devkitARM/lib/gcc/arm-none-eabi/15.2.0/../../../../arm-none-eabi/lib/armv6k/fpu/libsysbase.a(libsysbase_libsysbase_a-stat.o)
                0x0012d5a8                _stat_r
 .text.__libc_lock_acquire
                0x0012d628       0x1c /opt/devkitpro/devkitARM/lib/gcc/arm-none-eabi/15.2.0/../../../../arm-none-eabi/lib/armv6k/fpu/libsysbase.a(libsysbase_libsysbase_a-syscall_support.o)
                0x0012d628                __libc_lock_acquire
 .text.__libc_lock_release
                0x0012d644       0x1c /opt/devkitpro/devkitARM/lib/gcc/arm-none-eabi/15.2.0/../../../../arm-none-eabi/lib/armv6k/fpu/libsysbase.a(libsysbase_libsysbase_a-syscall_support.o)
                0x0012d644                __libc_lock_release
 .text.__libc_lock_acquire_recursive
                0x0012d660       0x1c /opt/devkitpro/devkitARM/lib/gcc/arm-none-eabi/15.2.0/../../../../arm-none-eabi/lib/armv6k/fpu/libsysbase.a(libsysbase_libsysbase_a-syscall_support.o)
                0x0012d660                __libc_lock_acquire_recursive
 .text.__libc_lock_release_recursive
                0x0012d67c       0x1c /opt/devkitpro/devkitARM/lib/gcc/arm-none-eabi/15.2.0/../../../../arm-none-eabi/lib/armv6k/fpu/libsysbase.a(libsysbase_libsysbase_a-syscall_support.o)
                0x0012d67c                __libc_lock_release_recursive
 .text._unlink_r
                0x0012d698       0x78 /opt/devkitpro/devkitARM/lib/gcc/arm-none-eabi/15.2.0/../../../../arm-none-eabi/lib/armv6k/fpu/libsysbase.a(libsysbase_libsysbase_a-unlink.o)
                0x0012d698                _unlink_r
 .text._write_r
                0x0012d710       0x94 /opt/devkitpro/devkitARM/lib/gcc/arm-none-eabi/15.2.0/../../../../arm-none-eabi/lib/armv6k/fpu/libsysbase.a(libsysbase_libsysbase_a-write.o)
                0x0012d710                _write_r
 *(.glue_7)
 .glue_7        0x0012d7a4        0x0 linker stubs
 *(.glue_7t)
 .glue_7t       0x0012d7a4        0x0 linker stubs
 *(.stub)
 *(.gnu.warning)
 *(.gnu.linkonce.t*)
                0x0012d7a4                        . = ALIGN (0x4)
 *(.fini)
 .fini          0x0012d7a4        0xc /opt/devkitpro/devkitARM/lib/gcc/arm-none-eabi/15.2.0/armv6k/fpu/crti.o
                0x0012d7a4                _fini
 .fini          0x0012d7b0        0xc /opt/devkitpro/devkitARM/lib/gcc/arm-none-eabi/15.2.0/armv6k/fpu/crtn.o
                0x0012d7bc                        . = ALIGN (0x4)

.vfp11_veneer   0x0012d7bc        0x0
 .vfp11_veneer  0x0012d7bc        0x0 linker stubs

.v4_bx          0x0012d7bc        0x0
 .v4_bx         0x0012d7bc        0x0 linker stubs

.iplt           0x0012d7bc        0x0
 .iplt          0x0012d7bc        0x0 /opt/devkitpro/devkitARM/lib/gcc/arm-none-eabi/15.2.0/../../../../arm-none-eabi/lib/armv6k/fpu/3dsx_crt0.o
                0x0012e000                        . = ALIGN (0x1000)

.rodata         0x0012e000     0x5cfc
 *(.rodata)
 .rodata        0x0012e000      0x120 build/main.o
 .rodata        0x0012e120        0xc /opt/devkitpro/libctru/lib/libctru.a(archive_dev.o)
 *(.roda)
 *(.rodata.*)
 .rodata.str1.4
                0x0012e12c      0x91f build/main.o
                                0x40a (size before relaxing)
 .rodata.consolePrintChar
                0x0012ea4b        0x6 /opt/devkitpro/libctru/lib/libctru.a(console.o)
 *fill*         0x0012ea51        0x1 
 .rodata.con_write
                0x0012ea52      0x23c /opt/devkitpro/libctru/lib/libctru.a(console.o)
 .rodata.str1.4
                0x0012ec8e        0x0 /opt/devkitpro/libctru/lib/libctru.a(console.o)
                                 0x10 (size before relaxing)
 *fill*         0x0012ec8e        0x2 
 .rodata.dotab_stdout
                0x0012ec90       0x80 /opt/devkitpro/libctru/lib/libctru.a(console.o)
 .rodata.grayScale
                0x0012ed10       0x18 /opt/devkitpro/libctru/lib/libctru.a(console.o)
 .rodata.colorCube
                0x0012ed28        0x6 /opt/devkitpro/libctru/lib/libctru.a(console.o)
 *fill*         0x0012ed2e        0x2 
 .rodata.colorTable
                0x0012ed30       0x30 /opt/devkitpro/libctru/lib/libctru.a(console.o)
 .rodata.aptEventHandler
                0x0012ed60        0xb /opt/devkitpro/libctru/lib/libctru.a(apt.o)
 .rodata.aptWaitForWakeUp.isra.0
                0x0012ed6b       0x11 /opt/devkitpro/libctru/lib/libctru.a(apt.o)
 .rodata.morton_y.2
                0x0012ed7c        0x8 /opt/devkitpro/libctru/lib/libctru.a(apt.o)
 .rodata.morton_x.3
                0x0012ed84        0x8 /opt/devkitpro/libctru/lib/libctru.a(apt.o)
 .rodata.s_sleepWakeEvents.4
                0x0012ed8c        0x8 /opt/devkitpro/libctru/lib/libctru.a(apt.o)
 .rodata.str1.4
                0x0012ed94        0x0 /opt/devkitpro/libctru/lib/libctru.a(apt.o)
                                 0x16 (size before relaxing)
 .rodata.serviceNameTable.5
                0x0012ed94        0xc /opt/devkitpro/libctru/lib/libctru.a(apt.o)
 .rodata.gspInit.str1.4
                0x0012eda0        0x0 /opt/devkitpro/libctru/lib/libctru.a(gspgpu.o)
                                  0x9 (size before relaxing)
 .rodata.hidInit.str1.4
                0x0012eda0        0x0 /opt/devkitpro/libctru/lib/libctru.a(hid.o)